Component: ARM Compiler 5.06 update 5 (build 528) Tool: armlink [4d35e2]

==============================================================================

Section Cross References

    system_stm32f10x.o(i.SetSysClock) refers to system_stm32f10x.o(i.SetSysClockTo72) for SetSysClockTo72
    system_stm32f10x.o(i.SystemCoreClockUpdate) refers to system_stm32f10x.o(.data) for SystemCoreClock
    system_stm32f10x.o(i.SystemInit) refers to system_stm32f10x.o(i.SetSysClock) for SetSysClock
    main.o(i.main) refers to system_stm32f10x.o(i.SystemInit) for SystemInit
    main.o(i.main) refers to delay.o(i.delay_init) for delay_init
    main.o(i.main) refers to led.o(i.LED_Init) for LED_Init
    main.o(i.main) refers to led.o(i.LED_Off) for LED_Off
    main.o(i.main) refers to usart.o(i.USART1_Config) for USART1_Config
    main.o(i.main) refers to usart2.o(i.USART2_Config) for USART2_Config
    main.o(i.main) refers to timer.o(i.TIM1_Int_Init) for TIM1_Int_Init
    main.o(i.main) refers to printf8.o(i.__0printf$8) for __2printf
    main.o(i.main) refers to dht11.o(i.DHT11_Init) for DHT11_Init
    main.o(i.main) refers to oled.o(i.OLED_Init) for OLED_Init
    main.o(i.main) refers to delay.o(i.delay_ms) for delay_ms
    main.o(i.main) refers to oled.o(i.OLED_ShowString) for OLED_ShowString
    main.o(i.main) refers to oled.o(i.OLED_ShowChinese) for OLED_ShowChinese
    main.o(i.main) refers to oled.o(i.OLED_ShowChar) for OLED_ShowChar
    main.o(i.main) refers to gizwits_product.o(i.userInit) for userInit
    main.o(i.main) refers to gizwits_protocol.o(i.gizwitsInit) for gizwitsInit
    main.o(i.main) refers to gizwits_protocol.o(i.gizwitsSetMode) for gizwitsSetMode
    main.o(i.main) refers to dht11.o(i.DHT11_Read_Data) for DHT11_Read_Data
    main.o(i.main) refers to gizwits_product.o(i.userHandle) for userHandle
    main.o(i.main) refers to gizwits_protocol.o(i.gizwitsHandle) for gizwitsHandle
    main.o(i.main) refers to motor.o(i.LED_SetBrightness) for LED_SetBrightness
    main.o(i.main) refers to oled.o(i.OLED_ShowNum) for OLED_ShowNum
    main.o(i.main) refers to main.o(.data) for humi
    main.o(i.main) refers to gizwits_product.o(.bss) for currentDataPoint
    oled.o(i.OLED_Clear) refers to oled.o(i.OLED_Refresh) for OLED_Refresh
    oled.o(i.OLED_Clear) refers to oled.o(.bss) for OLED_GRAM
    oled.o(i.OLED_ColorTurn) refers to oled.o(i.OLED_WR_Byte) for OLED_WR_Byte
    oled.o(i.OLED_DisPlay_Off) refers to oled.o(i.OLED_WR_Byte) for OLED_WR_Byte
    oled.o(i.OLED_DisPlay_On) refers to oled.o(i.OLED_WR_Byte) for OLED_WR_Byte
    oled.o(i.OLED_DisplayTurn) refers to oled.o(i.OLED_WR_Byte) for OLED_WR_Byte
    oled.o(i.OLED_DrawCircle) refers to oled.o(i.OLED_DrawPoint) for OLED_DrawPoint
    oled.o(i.OLED_DrawLine) refers to oled.o(i.OLED_DrawPoint) for OLED_DrawPoint
    oled.o(i.OLED_DrawPoint) refers to oled.o(.bss) for OLED_GRAM
    oled.o(i.OLED_I2C_Start) refers to stm32f10x_gpio.o(i.GPIO_SetBits) for GPIO_SetBits
    oled.o(i.OLED_I2C_Start) refers to oled.o(i.IIC_delay) for IIC_delay
    oled.o(i.OLED_I2C_Start) refers to stm32f10x_gpio.o(i.GPIO_ResetBits) for GPIO_ResetBits
    oled.o(i.OLED_I2C_Stop) refers to stm32f10x_gpio.o(i.GPIO_ResetBits) for GPIO_ResetBits
    oled.o(i.OLED_I2C_Stop) refers to stm32f10x_gpio.o(i.GPIO_SetBits) for GPIO_SetBits
    oled.o(i.OLED_I2C_Stop) refers to oled.o(i.IIC_delay) for IIC_delay
    oled.o(i.OLED_I2C_WaitAck) refers to stm32f10x_gpio.o(i.GPIO_SetBits) for GPIO_SetBits
    oled.o(i.OLED_I2C_WaitAck) refers to oled.o(i.IIC_delay) for IIC_delay
    oled.o(i.OLED_I2C_WaitAck) refers to stm32f10x_gpio.o(i.GPIO_ResetBits) for GPIO_ResetBits
    oled.o(i.OLED_Init) refers to stm32f10x_rcc.o(i.RCC_APB2PeriphClockCmd) for RCC_APB2PeriphClockCmd
    oled.o(i.OLED_Init) refers to stm32f10x_gpio.o(i.GPIO_Init) for GPIO_Init
    oled.o(i.OLED_Init) refers to stm32f10x_gpio.o(i.GPIO_SetBits) for GPIO_SetBits
    oled.o(i.OLED_Init) refers to delay.o(i.delay_ms) for delay_ms
    oled.o(i.OLED_Init) refers to oled.o(i.OLED_WR_Byte) for OLED_WR_Byte
    oled.o(i.OLED_Init) refers to oled.o(i.OLED_Clear) for OLED_Clear
    oled.o(i.OLED_Refresh) refers to oled.o(i.OLED_WR_Byte) for OLED_WR_Byte
    oled.o(i.OLED_Refresh) refers to oled.o(i.OLED_I2C_Start) for OLED_I2C_Start
    oled.o(i.OLED_Refresh) refers to oled.o(i.OLED_Send_Byte) for OLED_Send_Byte
    oled.o(i.OLED_Refresh) refers to oled.o(i.OLED_I2C_WaitAck) for OLED_I2C_WaitAck
    oled.o(i.OLED_Refresh) refers to oled.o(i.OLED_I2C_Stop) for OLED_I2C_Stop
    oled.o(i.OLED_Refresh) refers to oled.o(.bss) for OLED_GRAM
    oled.o(i.OLED_ScrollDisplay) refers to oled.o(i.OLED_ShowChinese) for OLED_ShowChinese
    oled.o(i.OLED_ScrollDisplay) refers to oled.o(i.OLED_Refresh) for OLED_Refresh
    oled.o(i.OLED_ScrollDisplay) refers to oled.o(.bss) for OLED_GRAM
    oled.o(i.OLED_Send_Byte) refers to stm32f10x_gpio.o(i.GPIO_SetBits) for GPIO_SetBits
[...]
    mallocra.o(i.internal_alloc) refers to mvars.o(.data) for __microlib_freelist
    fadd.o(.text) refers (Special) to iusefp.o(.text) for __I$use$fp
    fadd.o(.text) refers to fepilogue.o(.text) for _float_epilogue
    fmul.o(.text) refers (Special) to iusefp.o(.text) for __I$use$fp
    fdiv.o(.text) refers (Special) to iusefp.o(.text) for __I$use$fp
    fdiv.o(.text) refers to fepilogue.o(.text) for _float_round
    ffltui.o(.text) refers (Special) to iusefp.o(.text) for __I$use$fp
    ffltui.o(.text) refers to fepilogue.o(.text) for _float_epilogue
    ffixui.o(.text) refers (Special) to iusefp.o(.text) for __I$use$fp
    entry2.o(.ARM.Collect$$$$00000001) refers to entry2.o(.ARM.Collect$$$$00002712) for __lit__00000000
    entry2.o(.ARM.Collect$$$$00002712) refers to startup_stm32f10x_md.o(STACK) for __initial_sp
    entry2.o(__vectab_stack_and_reset_area) refers to startup_stm32f10x_md.o(STACK) for __initial_sp
    entry2.o(__vectab_stack_and_reset_area) refers to entry.o(.ARM.Collect$$$$00000000) for __main
    entry5.o(.ARM.Collect$$$$00000004) refers to init.o(.text) for __scatterload
    entry9a.o(.ARM.Collect$$$$0000000B) refers to main.o(i.main) for main
    entry9b.o(.ARM.Collect$$$$0000000C) refers to main.o(i.main) for main
    uldiv.o(.text) refers to llushr.o(.text) for __aeabi_llsr
    uldiv.o(.text) refers to llshl.o(.text) for __aeabi_llsl
    dadd.o(.text) refers to llshl.o(.text) for __aeabi_llsl
    dadd.o(.text) refers to llsshr.o(.text) for __aeabi_lasr
    dadd.o(.text) refers to depilogue.o(.text) for _double_epilogue
    dmul.o(.text) refers to depilogue.o(.text) for _double_epilogue
    ddiv.o(.text) refers to depilogue.o(.text) for _double_round
    dfixul.o(.text) refers to llushr.o(.text) for __aeabi_llsr
    dfixul.o(.text) refers to llshl.o(.text) for __aeabi_llsl
    init.o(.text) refers to entry5.o(.ARM.Collect$$$$00000004) for __main_after_scatterload
    depilogue.o(.text) refers to llshl.o(.text) for __aeabi_llsl
    depilogue.o(.text) refers to llushr.o(.text) for __aeabi_llsr


==============================================================================

Removing Unused input sections from the image.

    Removing system_stm32f10x.o(i.SystemCoreClockUpdate), (164 bytes).
    Removing system_stm32f10x.o(.data), (20 bytes).
    Removing oled.o(i.OLED_ColorTurn), (28 bytes).
    Removing oled.o(i.OLED_DisPlay_Off), (28 bytes).
    Removing oled.o(i.OLED_DisPlay_On), (28 bytes).
    Removing oled.o(i.OLED_DisplayTurn), (44 bytes).
    Removing oled.o(i.OLED_DrawCircle), (168 bytes).
    Removing oled.o(i.OLED_DrawLine), (172 bytes).
    Removing oled.o(i.OLED_ScrollDisplay), (172 bytes).
    Removing oled.o(i.OLED_ShowPicture), (218 bytes).
    Removing motor.o(i.Fan_SetSpeed), (20 bytes).
    Removing motor.o(i.MOTOR_Init), (8 bytes).
    Removing motor.o(i.PWM_Init), (188 bytes).
    Removing led.o(i.LED_On), (20 bytes).
    Removing led.o(i.LED_Toggle), (36 bytes).
    Removing led.o(i.LED_Twinkle), (18 bytes).
    Removing usart.o(i.USART1_SendByte), (32 bytes).
    Removing usart.o(i.USART1_SendCMD1), (28 bytes).
    Removing usart.o(i.USART1_SendCMD2), (24 bytes).
    Removing usart.o(i.USART1_SendCmd), (56 bytes).
    Removing usart.o(.bss), (40 bytes).
    Removing sys.o(.emb_text), (6 bytes).
    Removing sys.o(i.INTX_DISABLE), (4 bytes).
    Removing sys.o(i.INTX_ENABLE), (4 bytes).
    Removing sys.o(i.WFI_SET), (4 bytes).
    Removing usart2.o(.data), (7 bytes).
    Removing core_cm3.o(.emb_text), (32 bytes).
    Removing startup_stm32f10x_md.o(HEAP), (0 bytes).
    Removing misc.o(i.NVIC_SetVectorTable), (20 bytes).
    Removing misc.o(i.NVIC_SystemLPConfig), (32 bytes).
    Removing stm32f10x_usart.o(i.USART_ClearFlag), (18 bytes).
    Removing stm32f10x_usart.o(i.USART_ClearITPendingBit), (30 bytes).
    Removing stm32f10x_usart.o(i.USART_ClockInit), (34 bytes).
    Removing stm32f10x_usart.o(i.USART_ClockStructInit), (12 bytes).
    Removing stm32f10x_usart.o(i.USART_DMACmd), (18 bytes).
    Removing stm32f10x_usart.o(i.USART_DeInit), (156 bytes).
    Removing stm32f10x_usart.o(i.USART_HalfDuplexCmd), (24 bytes).
    Removing stm32f10x_usart.o(i.USART_IrDACmd), (24 bytes).
    Removing stm32f10x_usart.o(i.USART_IrDAConfig), (18 bytes).
    Removing stm32f10x_usart.o(i.USART_LINBreakDetectLengthConfig), (18 bytes).
    Removing stm32f10x_usart.o(i.USART_LINCmd), (24 bytes).
    Removing stm32f10x_usart.o(i.USART_OneBitMethodCmd), (24 bytes).
    Removing stm32f10x_usart.o(i.USART_OverSampling8Cmd), (22 bytes).
    Removing stm32f10x_usart.o(i.USART_ReceiverWakeUpCmd), (24 bytes).
    Removing stm32f10x_usart.o(i.USART_SendBreak), (10 bytes).
    Removing stm32f10x_usart.o(i.USART_SetAddress), (18 bytes).
    Removing stm32f10x_usart.o(i.USART_SetGuardTime), (16 bytes).
    Removing stm32f10x_usart.o(i.USART_SetPrescaler), (16 bytes).
    Removing stm32f10x_usart.o(i.USART_SmartCardCmd), (24 bytes).
    Removing stm32f10x_usart.o(i.USART_SmartCardNACKCmd), (24 bytes).
    Removing stm32f10x_usart.o(i.USART_StructInit), (24 bytes).
    Removing stm32f10x_usart.o(i.USART_WakeUpConfig), (18 bytes).
    Removing stm32f10x_gpio.o(i.GPIO_AFIODeInit), (20 bytes).
    Removing stm32f10x_gpio.o(i.GPIO_DeInit), (200 bytes).
    Removing stm32f10x_gpio.o(i.GPIO_ETH_MediaInterfaceConfig), (12 bytes).
    Removing stm32f10x_gpio.o(i.GPIO_EXTILineConfig), (64 bytes).
    Removing stm32f10x_gpio.o(i.GPIO_EventOutputCmd), (12 bytes).
    Removing stm32f10x_gpio.o(i.GPIO_EventOutputConfig), (32 bytes).
    Removing stm32f10x_gpio.o(i.GPIO_PinLockConfig), (18 bytes).
    Removing stm32f10x_gpio.o(i.GPIO_PinRemapConfig), (144 bytes).
    Removing stm32f10x_gpio.o(i.GPIO_ReadInputData), (8 bytes).
    Removing stm32f10x_gpio.o(i.GPIO_ReadOutputData), (8 bytes).
    Removing stm32f10x_gpio.o(i.GPIO_ReadOutputDataBit), (18 bytes).
    Removing stm32f10x_gpio.o(i.GPIO_StructInit), (16 bytes).
    Removing stm32f10x_gpio.o(i.GPIO_Write), (4 bytes).
    Removing stm32f10x_gpio.o(i.GPIO_WriteBit), (10 bytes).
    Removing stm32f10x_rcc.o(i.RCC_ADCCLKConfig), (24 bytes).
    Removing stm32f10x_rcc.o(i.RCC_AHBPeriphClockCmd), (32 bytes).
    Removing stm32f10x_rcc.o(i.RCC_APB1PeriphResetCmd), (32 bytes).
    Removing stm32f10x_rcc.o(i.RCC_APB2PeriphResetCmd), (32 bytes).
    Removing stm32f10x_rcc.o(i.RCC_AdjustHSICalibrationValue), (24 bytes).
    Removing stm32f10x_rcc.o(i.RCC_BackupResetCmd), (12 bytes).
    Removing stm32f10x_rcc.o(i.RCC_ClearFlag), (20 bytes).
    Removing stm32f10x_rcc.o(i.RCC_ClearITPendingBit), (12 bytes).
    Removing stm32f10x_rcc.o(i.RCC_ClockSecuritySystemCmd), (12 bytes).
    Removing stm32f10x_rcc.o(i.RCC_DeInit), (76 bytes).
    Removing stm32f10x_rcc.o(i.RCC_GetFlagStatus), (60 bytes).
    Removing stm32f10x_rcc.o(i.RCC_GetITStatus), (24 bytes).
    Removing stm32f10x_rcc.o(i.RCC_GetSYSCLKSource), (16 bytes).
    Removing stm32f10x_rcc.o(i.RCC_HCLKConfig), (24 bytes).
    Removing stm32f10x_rcc.o(i.RCC_HSEConfig), (76 bytes).
    Removing stm32f10x_rcc.o(i.RCC_HSICmd), (12 bytes).
    Removing stm32f10x_rcc.o(i.RCC_ITConfig), (32 bytes).
    Removing stm32f10x_rcc.o(i.RCC_LSEConfig), (52 bytes).
    Removing stm32f10x_rcc.o(i.RCC_LSICmd), (12 bytes).
    Removing stm32f10x_rcc.o(i.RCC_MCOConfig), (12 bytes).
    Removing stm32f10x_rcc.o(i.RCC_PCLK1Config), (24 bytes).
    Removing stm32f10x_rcc.o(i.RCC_PCLK2Config), (24 bytes).
    Removing stm32f10x_rcc.o(i.RCC_PLLCmd), (12 bytes).
    Removing stm32f10x_rcc.o(i.RCC_PLLConfig), (28 bytes).
    Removing stm32f10x_rcc.o(i.RCC_RTCCLKCmd), (12 bytes).
    Removing stm32f10x_rcc.o(i.RCC_RTCCLKConfig), (16 bytes).
    Removing stm32f10x_rcc.o(i.RCC_SYSCLKConfig), (24 bytes).
    Removing stm32f10x_rcc.o(i.RCC_USBCLKConfig), (12 bytes).
    Removing stm32f10x_rcc.o(i.RCC_WaitForHSEStartUp), (56 bytes).
    Removing stm32f10x_adc.o(i.ADC_AnalogWatchdogCmd), (20 bytes).
    Removing stm32f10x_adc.o(i.ADC_AnalogWatchdogSingleChannelConfig), (16 bytes).
    Removing stm32f10x_adc.o(i.ADC_AnalogWatchdogThresholdsConfig), (6 bytes).
    Removing stm32f10x_adc.o(i.ADC_AutoInjectedConvCmd), (22 bytes).
    Removing stm32f10x_adc.o(i.ADC_ClearFlag), (6 bytes).
    Removing stm32f10x_adc.o(i.ADC_ClearITPendingBit), (10 bytes).
    Removing stm32f10x_adc.o(i.ADC_Cmd), (22 bytes).
    Removing stm32f10x_adc.o(i.ADC_DMACmd), (22 bytes).
    Removing stm32f10x_adc.o(i.ADC_DeInit), (92 bytes).
    Removing stm32f10x_adc.o(i.ADC_DiscModeChannelCountConfig), (24 bytes).
    Removing stm32f10x_adc.o(i.ADC_DiscModeCmd), (22 bytes).
    Removing stm32f10x_adc.o(i.ADC_ExternalTrigConvCmd), (22 bytes).
    Removing stm32f10x_adc.o(i.ADC_ExternalTrigInjectedConvCmd), (22 bytes).
    Removing stm32f10x_adc.o(i.ADC_ExternalTrigInjectedConvConfig), (16 bytes).
    Removing stm32f10x_adc.o(i.ADC_GetCalibrationStatus), (20 bytes).
    Removing stm32f10x_adc.o(i.ADC_GetConversionValue), (8 bytes).
    Removing stm32f10x_adc.o(i.ADC_GetDualModeConversionValue), (12 bytes).
    Removing stm32f10x_adc.o(i.ADC_GetFlagStatus), (18 bytes).
    Removing stm32f10x_adc.o(i.ADC_GetITStatus), (36 bytes).
    Removing stm32f10x_adc.o(i.ADC_GetInjectedConversionValue), (28 bytes).
    Removing stm32f10x_adc.o(i.ADC_GetResetCalibrationStatus), (20 bytes).
    Removing stm32f10x_adc.o(i.ADC_GetSoftwareStartConvStatus), (20 bytes).
    Removing stm32f10x_adc.o(i.ADC_GetSoftwareStartInjectedConvCmdStatus), (20 bytes).
    Removing stm32f10x_adc.o(i.ADC_ITConfig), (24 bytes).
    Removing stm32f10x_adc.o(i.ADC_Init), (80 bytes).
    Removing stm32f10x_adc.o(i.ADC_InjectedChannelConfig), (130 bytes).
    Removing stm32f10x_adc.o(i.ADC_InjectedDiscModeCmd), (22 bytes).
    Removing stm32f10x_adc.o(i.ADC_InjectedSequencerLengthConfig), (24 bytes).
    Removing stm32f10x_adc.o(i.ADC_RegularChannelConfig), (184 bytes).
    Removing stm32f10x_adc.o(i.ADC_ResetCalibration), (10 bytes).
    Removing stm32f10x_adc.o(i.ADC_SetInjectedOffset), (20 bytes).
    Removing stm32f10x_adc.o(i.ADC_SoftwareStartConvCmd), (22 bytes).
    Removing stm32f10x_adc.o(i.ADC_SoftwareStartInjectedConvCmd), (22 bytes).
    Removing stm32f10x_adc.o(i.ADC_StartCalibration), (10 bytes).
    Removing stm32f10x_adc.o(i.ADC_StructInit), (18 bytes).
    Removing stm32f10x_adc.o(i.ADC_TempSensorVrefintCmd), (36 bytes).
    Removing stm32f10x_tim.o(i.TI1_Config), (128 bytes).
    Removing stm32f10x_tim.o(i.TI2_Config), (152 bytes).
    Removing stm32f10x_tim.o(i.TI3_Config), (144 bytes).
    Removing stm32f10x_tim.o(i.TI4_Config), (152 bytes).
    Removing stm32f10x_tim.o(i.TIM_ARRPreloadConfig), (24 bytes).
    Removing stm32f10x_tim.o(i.TIM_BDTRConfig), (32 bytes).
    Removing stm32f10x_tim.o(i.TIM_BDTRStructInit), (18 bytes).
    Removing stm32f10x_tim.o(i.TIM_CCPreloadControl), (24 bytes).
    Removing stm32f10x_tim.o(i.TIM_CCxCmd), (30 bytes).
    Removing stm32f10x_tim.o(i.TIM_CCxNCmd), (30 bytes).
    Removing stm32f10x_tim.o(i.TIM_ClearOC1Ref), (18 bytes).
    Removing stm32f10x_tim.o(i.TIM_ClearOC2Ref), (24 bytes).
    Removing stm32f10x_tim.o(i.TIM_ClearOC3Ref), (18 bytes).
    Removing stm32f10x_tim.o(i.TIM_ClearOC4Ref), (24 bytes).
    Removing stm32f10x_tim.o(i.TIM_CounterModeConfig), (18 bytes).
    Removing stm32f10x_tim.o(i.TIM_DMACmd), (18 bytes).
    Removing stm32f10x_tim.o(i.TIM_DMAConfig), (10 bytes).
    Removing stm32f10x_tim.o(i.TIM_DeInit), (488 bytes).
    Removing stm32f10x_tim.o(i.TIM_ETRClockMode1Config), (54 bytes).
    Removing stm32f10x_tim.o(i.TIM_ETRClockMode2Config), (32 bytes).
    Removing stm32f10x_tim.o(i.TIM_ETRConfig), (28 bytes).
    Removing stm32f10x_tim.o(i.TIM_EncoderInterfaceConfig), (66 bytes).
    Removing stm32f10x_tim.o(i.TIM_ForcedOC1Config), (18 bytes).
    Removing stm32f10x_tim.o(i.TIM_ForcedOC2Config), (26 bytes).
    Removing stm32f10x_tim.o(i.TIM_ForcedOC3Config), (18 bytes).
    Removing stm32f10x_tim.o(i.TIM_ForcedOC4Config), (26 bytes).
    Removing stm32f10x_tim.o(i.TIM_GenerateEvent), (4 bytes).
    Removing stm32f10x_tim.o(i.TIM_GetCapture1), (6 bytes).
    Removing stm32f10x_tim.o(i.TIM_GetCapture2), (6 bytes).
    Removing stm32f10x_tim.o(i.TIM_GetCapture3), (6 bytes).
    Removing stm32f10x_tim.o(i.TIM_GetCapture4), (8 bytes).
    Removing stm32f10x_tim.o(i.TIM_GetCounter), (6 bytes).
    Removing stm32f10x_tim.o(i.TIM_GetFlagStatus), (18 bytes).
    Removing stm32f10x_tim.o(i.TIM_GetPrescaler), (6 bytes).
    Removing stm32f10x_tim.o(i.TIM_ICInit), (172 bytes).
    Removing stm32f10x_tim.o(i.TIM_ICStructInit), (18 bytes).
    Removing stm32f10x_tim.o(i.TIM_ITRxExternalClockConfig), (24 bytes).
    Removing stm32f10x_tim.o(i.TIM_InternalClockConfig), (12 bytes).
    Removing stm32f10x_tim.o(i.TIM_OC1FastConfig), (18 bytes).
    Removing stm32f10x_tim.o(i.TIM_OC1Init), (152 bytes).
    Removing stm32f10x_tim.o(i.TIM_OC1NPolarityConfig), (18 bytes).
    Removing stm32f10x_tim.o(i.TIM_OC1PolarityConfig), (18 bytes).
    Removing stm32f10x_tim.o(i.TIM_OC1PreloadConfig), (18 bytes).
    Removing stm32f10x_tim.o(i.TIM_OC2FastConfig), (26 bytes).
    Removing stm32f10x_tim.o(i.TIM_OC2Init), (164 bytes).
    Removing stm32f10x_tim.o(i.TIM_OC2NPolarityConfig), (26 bytes).
    Removing stm32f10x_tim.o(i.TIM_OC2PolarityConfig), (26 bytes).
    Removing stm32f10x_tim.o(i.TIM_OC2PreloadConfig), (26 bytes).
    Removing stm32f10x_tim.o(i.TIM_OC3FastConfig), (18 bytes).
    Removing stm32f10x_tim.o(i.TIM_OC3Init), (160 bytes).
    Removing stm32f10x_tim.o(i.TIM_OC3NPolarityConfig), (26 bytes).
    Removing stm32f10x_tim.o(i.TIM_OC3PolarityConfig), (26 bytes).
    Removing stm32f10x_tim.o(i.TIM_OC3PreloadConfig), (18 bytes).
    Removing stm32f10x_tim.o(i.TIM_OC4FastConfig), (26 bytes).
    Removing stm32f10x_tim.o(i.TIM_OC4Init), (124 bytes).
    Removing stm32f10x_tim.o(i.TIM_OC4PolarityConfig), (26 bytes).
    Removing stm32f10x_tim.o(i.TIM_OC4PreloadConfig), (26 bytes).
    Removing stm32f10x_tim.o(i.TIM_OCStructInit), (20 bytes).
    Removing stm32f10x_tim.o(i.TIM_PWMIConfig), (124 bytes).
    Removing stm32f10x_tim.o(i.TIM_PrescalerConfig), (6 bytes).
    Removing stm32f10x_tim.o(i.TIM_SelectCCDMA), (24 bytes).
    Removing stm32f10x_tim.o(i.TIM_SelectCOM), (24 bytes).
    Removing stm32f10x_tim.o(i.TIM_SelectHallSensor), (24 bytes).
    Removing stm32f10x_tim.o(i.TIM_SelectInputTrigger), (18 bytes).
    Removing stm32f10x_tim.o(i.TIM_SelectMasterSlaveMode), (18 bytes).
    Removing stm32f10x_tim.o(i.TIM_SelectOCxM), (82 bytes).
    Removing stm32f10x_tim.o(i.TIM_SelectOnePulseMode), (18 bytes).
    Removing stm32f10x_tim.o(i.TIM_SelectOutputTrigger), (18 bytes).
    Removing stm32f10x_tim.o(i.TIM_SelectSlaveMode), (18 bytes).
    Removing stm32f10x_tim.o(i.TIM_SetAutoreload), (4 bytes).
    Removing stm32f10x_tim.o(i.TIM_SetClockDivision), (18 bytes).
    Removing stm32f10x_tim.o(i.TIM_SetCompare1), (4 bytes).
    Removing stm32f10x_tim.o(i.TIM_SetCompare3), (4 bytes).
    Removing stm32f10x_tim.o(i.TIM_SetCompare4), (6 bytes).
    Removing stm32f10x_tim.o(i.TIM_SetCounter), (4 bytes).
    Removing stm32f10x_tim.o(i.TIM_SetIC1Prescaler), (18 bytes).
    Removing stm32f10x_tim.o(i.TIM_SetIC2Prescaler), (26 bytes).
    Removing stm32f10x_tim.o(i.TIM_SetIC3Prescaler), (18 bytes).
    Removing stm32f10x_tim.o(i.TIM_SetIC4Prescaler), (26 bytes).
    Removing stm32f10x_tim.o(i.TIM_TIxExternalClockConfig), (62 bytes).
    Removing stm32f10x_tim.o(i.TIM_TimeBaseStructInit), (18 bytes).
    Removing stm32f10x_tim.o(i.TIM_UpdateDisableConfig), (24 bytes).
    Removing stm32f10x_tim.o(i.TIM_UpdateRequestConfig), (24 bytes).
    Removing gizwits_product.o(i.TIMER_IRQ_FUN), (8 bytes).
    Removing gizwits_protocol.o(i.gizwitsGetModuleInfo), (132 bytes).
    Removing gizwits_protocol.o(i.gizwitsGetNTP), (128 bytes).
    Removing gizwits_protocol.o(i.gizwitsPassthroughData), (236 bytes).
    Removing common.o(i.char2hex), (106 bytes).
    Removing common.o(i.checkStringIsNotZero), (46 bytes).
    Removing common.o(i.get_yeardays), (24 bytes).
    Removing common.o(i.hex2Str), (82 bytes).
    Removing common.o(i.isleap), (52 bytes).
    Removing common.o(i.returnNtp2Wt), (284 bytes).
    Removing common.o(i.returnWeekDay), (156 bytes).
    Removing common.o(i.str2Hex), (80 bytes).
    Removing common.o(.constdata), (48 bytes).
    Removing datapointtools.o(i.gizStandardCompressValue), (128 bytes).
    Removing datapointtools.o(i.gizStandardDecompressionValue), (194 bytes).
    Removing datapointtools.o(i.gizX2Y), (12 bytes).
    Removing datapointtools.o(i.gizX2YFloat), (42 bytes).
    Removing datapointtools.o(i.gizY2XFloat), (42 bytes).
    Removing ringbuffer.o(i.rbDelete), (24 bytes).
    Removing fadd.o(.text), (176 bytes).
    Removing fmul.o(.text), (100 bytes).
    Removing fdiv.o(.text), (124 bytes).
    Removing ffltui.o(.text), (10 bytes).
    Removing ffixui.o(.text), (40 bytes).
    Removing fepilogue.o(.text), (110 bytes).
    Removing dadd.o(.text), (334 bytes).
    Removing dmul.o(.text), (228 bytes).
    Removing ddiv.o(.text), (222 bytes).
    Removing dfixul.o(.text), (48 bytes).
    Removing cdrcmple.o(.text), (48 bytes).
    Removing depilogue.o(.text), (186 bytes).

245 unused section(s) (total 11641 bytes) removed from the image.

==============================================================================

Image Symbol Table

    Local Symbols

    Symbol Name                              Value     Ov Type        Size  Object(Section)

    ../clib/microlib/ctype/toupper.c         0x00000000   Number         0  toupper.o ABSOLUTE
    ../clib/microlib/division.c              0x00000000   Number         0  uldiv.o ABSOLUTE
    ../clib/microlib/division.c              0x00000000   Number         0  uidiv.o ABSOLUTE
    ../clib/microlib/init/entry.s            0x00000000   Number         0  entry11a.o ABSOLUTE
    ../clib/microlib/init/entry.s            0x00000000   Number         0  entry10b.o ABSOLUTE
    ../clib/microlib/init/entry.s            0x00000000   Number         0  entry10a.o ABSOLUTE
    ../clib/microlib/init/entry.s            0x00000000   Number         0  entry9b.o ABSOLUTE
    ../clib/microlib/init/entry.s            0x00000000   Number         0  entry7b.o ABSOLUTE
    ../clib/microlib/init/entry.s            0x00000000   Number         0  entry9a.o ABSOLUTE
    ../clib/microlib/init/entry.s            0x00000000   Number         0  entry8b.o ABSOLUTE
    ../clib/microlib/init/entry.s            0x00000000   Number         0  entry8a.o ABSOLUTE
    ../clib/microlib/init/entry.s            0x00000000   Number         0  entry2.o ABSOLUTE
    ../clib/microlib/init/entry.s            0x00000000   Number         0  entry.o ABSOLUTE
    ../clib/microlib/init/entry.s            0x00000000   Number         0  entry7a.o ABSOLUTE
    ../clib/microlib/init/entry.s            0x00000000   Number         0  entry5.o ABSOLUTE
    ../clib/microlib/init/entry.s            0x00000000   Number         0  entry11b.o ABSOLUTE
    ../clib/microlib/longlong.c              0x00000000   Number         0  llshl.o ABSOLUTE
    ../clib/microlib/longlong.c              0x00000000   Number         0  llushr.o ABSOLUTE
    ../clib/microlib/longlong.c              0x00000000   Number         0  llsshr.o ABSOLUTE
    ../clib/microlib/malloc/malloc.c         0x00000000   Number         0  mallocra.o ABSOLUTE
    ../clib/microlib/malloc/malloc.c         0x00000000   Number         0  malloca.o ABSOLUTE
    ../clib/microlib/malloc/malloc.c         0x00000000   Number         0  mallocr.o ABSOLUTE
    ../clib/microlib/malloc/malloc.c         0x00000000   Number         0  malloc.o ABSOLUTE
    ../clib/microlib/malloc/mvars.c          0x00000000   Number         0  mvars.o ABSOLUTE
    ../clib/microlib/printf/printf.c         0x00000000   Number         0  printf0.o ABSOLUTE
    ../clib/microlib/printf/printf.c         0x00000000   Number         0  printfa.o ABSOLUTE
    ../clib/microlib/printf/printf.c         0x00000000   Number         0  printf1.o ABSOLUTE
    ../clib/microlib/printf/printf.c         0x00000000   Number         0  printf7.o ABSOLUTE
    ../clib/microlib/printf/printf.c         0x00000000   Number         0  printf6.o ABSOLUTE
    ../clib/microlib/printf/printf.c         0x00000000   Number         0  printf8.o ABSOLUTE
    ../clib/microlib/printf/printf.c         0x00000000   Number         0  printf5.o ABSOLUTE
    ../clib/microlib/printf/printf.c         0x00000000   Number         0  printf4.o ABSOLUTE
    ../clib/microlib/printf/printf.c         0x00000000   Number         0  printf3.o ABSOLUTE
    ../clib/microlib/printf/printf.c         0x00000000   Number         0  printf2.o ABSOLUTE
    ../clib/microlib/printf/printf.c         0x00000000   Number         0  printfb.o ABSOLUTE
    ../clib/microlib/printf/stubs.s          0x00000000   Number         0  stubs.o ABSOLUTE
    ../clib/microlib/stdio/streams.c         0x00000000   Number         0  stdout.o ABSOLUTE
    ../clib/microlib/string/memcpy.c         0x00000000   Number         0  memcpya.o ABSOLUTE
    ../clib/microlib/string/memcpy.c         0x00000000   Number         0  memcpyb.o ABSOLUTE
    ../clib/microlib/string/memset.c         0x00000000   Number         0  memseta.o ABSOLUTE
    ../clib/microlib/string/strlen.c         0x00000000   Number         0  strlen.o ABSOLUTE
    ../clib/microlib/stubs.s                 0x00000000   Number         0  iusefp.o ABSOLUTE
    ../fplib/microlib/fpadd.c                0x00000000   Number         0  dadd.o ABSOLUTE
    ../fplib/microlib/fpadd.c                0x00000000   Number         0  fadd.o ABSOLUTE
    ../fplib/microlib/fpdiv.c                0x00000000   Number         0  ddiv.o ABSOLUTE
    ../fplib/microlib/fpdiv.c                0x00000000   Number         0  fdiv.o ABSOLUTE
    ../fplib/microlib/fpepilogue.c           0x00000000   Number         0  depilogue.o ABSOLUTE
    ../fplib/microlib/fpepilogue.c           0x00000000   Number         0  fepilogue.o ABSOLUTE
    ../fplib/microlib/fpfix.c                0x00000000   Number         0  ffixui.o ABSOLUTE
    ../fplib/microlib/fpfix.c                0x00000000   Number         0  dfixul.o ABSOLUTE
    ../fplib/microlib/fpflt.c                0x00000000   Number         0  ffltui.o ABSOLUTE
    ../fplib/microlib/fpmul.c                0x00000000   Number         0  fmul.o ABSOLUTE
    ../fplib/microlib/fpmul.c                0x00000000   Number         0  dmul.o ABSOLUTE
    ..\CORE\core_cm3.c                       0x00000000   Number         0  core_cm3.o ABSOLUTE
    ..\CORE\startup_stm32f10x_md.s           0x00000000   Number         0  startup_stm32f10x_md.o ABSOLUTE
    ..\Gizwits\gizwits_product.c             0x00000000   Number         0  gizwits_product.o ABSOLUTE
    ..\Gizwits\gizwits_protocol.c            0x00000000   Number         0  gizwits_protocol.o ABSOLUTE
    ..\HARDWARE\DHT11\dht11.c                0x00000000   Number         0  dht11.o ABSOLUTE
    ..\HARDWARE\LED\led.c                    0x00000000   Number         0  led.o ABSOLUTE
    ..\HARDWARE\MOTOR\Motor.c                0x00000000   Number         0  motor.o ABSOLUTE
    ..\HARDWARE\OLED\oled.c                  0x00000000   Number         0  oled.o ABSOLUTE
    ..\STM32F10x_FWLib\src\misc.c            0x00000000   Number         0  misc.o ABSOLUTE
    ..\STM32F10x_FWLib\src\stm32f10x_adc.c   0x00000000   Number         0  stm32f10x_adc.o ABSOLUTE
    ..\STM32F10x_FWLib\src\stm32f10x_gpio.c  0x00000000   Number         0  stm32f10x_gpio.o ABSOLUTE
    ..\STM32F10x_FWLib\src\stm32f10x_rcc.c   0x00000000   Number         0  stm32f10x_rcc.o ABSOLUTE
    ..\STM32F10x_FWLib\src\stm32f10x_tim.c   0x00000000   Number         0  stm32f10x_tim.o ABSOLUTE
    ..\STM32F10x_FWLib\src\stm32f10x_usart.c 0x00000000   Number         0  stm32f10x_usart.o ABSOLUTE
    ..\SYSTEM\Timer\timer.c                  0x00000000   Number         0  timer.o ABSOLUTE
    ..\SYSTEM\delay\delay.c                  0x00000000   Number         0  delay.o ABSOLUTE
    ..\SYSTEM\sys\sys.c                      0x00000000   Number         0  sys.o ABSOLUTE
    ..\SYSTEM\usart2\usart2.c                0x00000000   Number         0  usart2.o ABSOLUTE
    ..\SYSTEM\usart\usart.c                  0x00000000   Number         0  usart.o ABSOLUTE
    ..\Utils\common.c                        0x00000000   Number         0  common.o ABSOLUTE
    ..\Utils\dataPointTools.c                0x00000000   Number         0  datapointtools.o ABSOLUTE
    ..\Utils\ringbuffer.c                    0x00000000   Number         0  ringbuffer.o ABSOLUTE
    ..\\CORE\\core_cm3.c                     0x00000000   Number         0  core_cm3.o ABSOLUTE
    ..\\SYSTEM\\sys\\sys.c                   0x00000000   Number         0  sys.o ABSOLUTE
    cdrcmple.s                               0x00000000   Number         0  cdrcmple.o ABSOLUTE
    dc.s                                     0x00000000   Number         0  dc.o ABSOLUTE
    handlers.s                               0x00000000   Number         0  handlers.o ABSOLUTE
    init.s                                   0x00000000   Number         0  init.o ABSOLUTE
    main.c                                   0x00000000   Number         0  main.o ABSOLUTE
    stm32f10x_it.c                           0x00000000   Number         0  stm32f10x_it.o ABSOLUTE
    system_stm32f10x.c                       0x00000000   Number         0  system_stm32f10x.o ABSOLUTE
    RESET                                    0x08000000   Section      236  startup_stm32f10x_md.o(RESET)
    .ARM.Collect$$$$00000000                 0x080000ec   Section        0  entry.o(.ARM.Collect$$$$00000000)
    .ARM.Collect$$$$00000001                 0x080000ec   Section        4  entry2.o(.ARM.Collect$$$$00000001)
    .ARM.Collect$$$$00000004                 0x080000f0   Section        4  entry5.o(.ARM.Collect$$$$00000004)
    .ARM.Collect$$$$00000008                 0x080000f4   Section        0  entry7b.o(.ARM.Collect$$$$00000008)
    .ARM.Collect$$$$0000000A                 0x080000f4   Section        0  entry8b.o(.ARM.Collect$$$$0000000A)
    .ARM.Collect$$$$0000000B                 0x080000f4   Section        8  entry9a.o(.ARM.Collect$$$$0000000B)
    .ARM.Collect$$$$0000000D                 0x080000fc   Section        0  entry10a.o(.ARM.Collect$$$$0000000D)
    .ARM.Collect$$$$0000000F                 0x080000fc   Section        0  entry11a.o(.ARM.Collect$$$$0000000F)
    .ARM.Collect$$$$00002712                 0x080000fc   Section        4  entry2.o(.ARM.Collect$$$$00002712)
    __lit__00000000                          0x080000fc   Data           4  entry2.o(.ARM.Collect$$$$00002712)
    .text                                    0x08000100   Section       28  startup_stm32f10x_md.o(.text)
    .text                                    0x0800011c   Section        0  memcpya.o(.text)
    .text                                    0x08000140   Section        0  memseta.o(.text)
    .text                                    0x08000164   Section        0  uldiv.o(.text)
    .text                                    0x080001c8   Section       36  init.o(.text)
    .text                                    0x080001ec   Section        0  llshl.o(.text)
    .text                                    0x0800020a   Section        0  llushr.o(.text)
    i.BusFault_Handler                       0x0800022a   Section        0  stm32f10x_it.o(i.BusFault_Handler)
    i.DHT11_Check                            0x08000230   Section        0  dht11.o(i.DHT11_Check)
    i.DHT11_Init                             0x0800028c   Section        0  dht11.o(i.DHT11_Init)
    i.DHT11_Mode                             0x080002cc   Section        0  dht11.o(i.DHT11_Mode)
    i.DHT11_Read_Bit                         0x08000304   Section        0  dht11.o(i.DHT11_Read_Bit)
    i.DHT11_Read_Byte                        0x08000360   Section        0  dht11.o(i.DHT11_Read_Byte)
    i.DHT11_Read_Data                        0x0800037e   Section        0  dht11.o(i.DHT11_Read_Data)
    i.DHT11_Rst                              0x080003d8   Section        0  dht11.o(i.DHT11_Rst)
    i.DebugMon_Handler                       0x08000408   Section        0  stm32f10x_it.o(i.DebugMon_Handler)
    i.GPIO_Init                              0x0800040a   Section        0  stm32f10x_gpio.o(i.GPIO_Init)
    i.GPIO_ReadInputDataBit                  0x08000520   Section        0  stm32f10x_gpio.o(i.GPIO_ReadInputDataBit)
    i.GPIO_ResetBits                         0x08000532   Section        0  stm32f10x_gpio.o(i.GPIO_ResetBits)
    i.GPIO_SetBits                           0x08000536   Section        0  stm32f10x_gpio.o(i.GPIO_SetBits)
    i.HardFault_Handler                      0x0800053a   Section        0  stm32f10x_it.o(i.HardFault_Handler)
    i.IIC_delay                              0x0800053e   Section        0  oled.o(i.IIC_delay)
    i.LED_Init                               0x08000550   Section        0  led.o(i.LED_Init)
    i.LED_Off                                0x08000584   Section        0  led.o(i.LED_Off)
    i.LED_SetBrightness                      0x08000598   Section        0  motor.o(i.LED_SetBrightness)
    i.MemManage_Handler                      0x080005ac   Section        0  stm32f10x_it.o(i.MemManage_Handler)
    i.NMI_Handler                            0x080005b0   Section        0  stm32f10x_it.o(i.NMI_Handler)
    i.NVIC_Init                              0x080005b4   Section        0  misc.o(i.NVIC_Init)
    i.NVIC_PriorityGroupConfig               0x08000624   Section        0  misc.o(i.NVIC_PriorityGroupConfig)
    i.OLED_Clear                             0x08000638   Section        0  oled.o(i.OLED_Clear)
    i.OLED_DrawPoint                         0x08000668   Section        0  oled.o(i.OLED_DrawPoint)
    i.OLED_I2C_Start                         0x080006e0   Section        0  oled.o(i.OLED_I2C_Start)
    i.OLED_I2C_Stop                          0x0800071c   Section        0  oled.o(i.OLED_I2C_Stop)
    i.OLED_I2C_WaitAck                       0x08000748   Section        0  oled.o(i.OLED_I2C_WaitAck)
    i.OLED_Init                              0x0800077c   Section        0  oled.o(i.OLED_Init)
    i.OLED_Pow                               0x080008a8   Section        0  oled.o(i.OLED_Pow)
    i.OLED_Refresh                           0x080008c0   Section        0  oled.o(i.OLED_Refresh)
    i.OLED_Send_Byte                         0x08000928   Section        0  oled.o(i.OLED_Send_Byte)
    i.OLED_ShowChar                          0x0800097c   Section        0  oled.o(i.OLED_ShowChar)
    i.OLED_ShowChinese                       0x08000abc   Section        0  oled.o(i.OLED_ShowChinese)
    i.OLED_ShowNum                           0x08000bc4   Section        0  oled.o(i.OLED_ShowNum)
    i.OLED_ShowString                        0x08000c58   Section        0  oled.o(i.OLED_ShowString)
    i.OLED_WR_Byte                           0x08000ca6   Section        0  oled.o(i.OLED_WR_Byte)
    i.PendSV_Handler                         0x08000cde   Section        0  stm32f10x_it.o(i.PendSV_Handler)
    i.RCC_APB1PeriphClockCmd                 0x08000ce0   Section        0  stm32f10x_rcc.o(i.RCC_APB1PeriphClockCmd)
    i.RCC_APB2PeriphClockCmd                 0x08000d00   Section        0  stm32f10x_rcc.o(i.RCC_APB2PeriphClockCmd)
    i.RCC_GetClocksFreq                      0x08000d20   Section        0  stm32f10x_rcc.o(i.RCC_GetClocksFreq)
    i.SVC_Handler                            0x08000df4   Section        0  stm32f10x_it.o(i.SVC_Handler)
    i.SetSysClock                            0x08000df6   Section        0  system_stm32f10x.o(i.SetSysClock)
    SetSysClock                              0x08000df7   Thumb Code     8  system_stm32f10x.o(i.SetSysClock)
    i.SetSysClockTo72                        0x08000e00   Section        0  system_stm32f10x.o(i.SetSysClockTo72)
    SetSysClockTo72                          0x08000e01   Thumb Code   214  system_stm32f10x.o(i.SetSysClockTo72)
    i.SysTick_CLKSourceConfig                0x08000ee0   Section        0  misc.o(i.SysTick_CLKSourceConfig)
    i.SysTick_Handler                        0x08000f08   Section        0  stm32f10x_it.o(i.SysTick_Handler)
    i.SystemInit                             0x08000f0c   Section        0  system_stm32f10x.o(i.SystemInit)
    i.TIM1_Int_Init                          0x08000f6c   Section        0  timer.o(i.TIM1_Int_Init)
    i.TIM1_UP_IRQHandler                     0x08001014   Section        0  timer.o(i.TIM1_UP_IRQHandler)
    i.TIM_ClearFlag                          0x08001034   Section        0  stm32f10x_tim.o(i.TIM_ClearFlag)
    i.TIM_ClearITPendingBit                  0x0800103a   Section        0  stm32f10x_tim.o(i.TIM_ClearITPendingBit)
    i.TIM_Cmd                                0x08001040   Section        0  stm32f10x_tim.o(i.TIM_Cmd)
    i.TIM_CtrlPWMOutputs                     0x08001058   Section        0  stm32f10x_tim.o(i.TIM_CtrlPWMOutputs)
    i.TIM_GetITStatus                        0x08001076   Section        0  stm32f10x_tim.o(i.TIM_GetITStatus)
    i.TIM_ITConfig                           0x08001098   Section        0  stm32f10x_tim.o(i.TIM_ITConfig)
    i.TIM_SetCompare2                        0x080010aa   Section        0  stm32f10x_tim.o(i.TIM_SetCompare2)
    i.TIM_TimeBaseInit                       0x080010b0   Section        0  stm32f10x_tim.o(i.TIM_TimeBaseInit)
    i.USART1_Config                          0x08001154   Section        0  usart.o(i.USART1_Config)
    i.USART1_IRQHandler                      0x080011f8   Section        0  usart.o(i.USART1_IRQHandler)
    i.USART2_Config                          0x0800121c   Section        0  usart2.o(i.USART2_Config)
    i.USART2_IRQHandler                      0x080012c4   Section        0  usart2.o(i.USART2_IRQHandler)
    i.USART_Cmd                              0x080012ec   Section        0  stm32f10x_usart.o(i.USART_Cmd)
    i.USART_GetFlagStatus                    0x08001304   Section        0  stm32f10x_usart.o(i.USART_GetFlagStatus)
    i.USART_GetITStatus                      0x0800131e   Section        0  stm32f10x_usart.o(i.USART_GetITStatus)
    i.USART_ITConfig                         0x08001372   Section        0  stm32f10x_usart.o(i.USART_ITConfig)
    i.USART_Init                             0x080013bc   Section        0  stm32f10x_usart.o(i.USART_Init)
    i.USART_ReceiveData                      0x08001494   Section        0  stm32f10x_usart.o(i.USART_ReceiveData)
    i.USART_SendData                         0x0800149e   Section        0  stm32f10x_usart.o(i.USART_SendData)
    i.UsageFault_Handler                     0x080014a6   Section        0  stm32f10x_it.o(i.UsageFault_Handler)
    i.__0printf$8                            0x080014ac   Section        0  printf8.o(i.__0printf$8)
    i.__scatterload_copy                     0x080014cc   Section       14  handlers.o(i.__scatterload_copy)
    i.__scatterload_null                     0x080014da   Section        2  handlers.o(i.__scatterload_null)
    i.__scatterload_zeroinit                 0x080014dc   Section       14  handlers.o(i.__scatterload_zeroinit)
    i._printf_core                           0x080014ec   Section        0  printf8.o(i._printf_core)
    _printf_core                             0x080014ed   Thumb Code   996  printf8.o(i._printf_core)
    i._printf_post_padding                   0x080018fc   Section        0  printf8.o(i._printf_post_padding)
    _printf_post_padding                     0x080018fd   Thumb Code    36  printf8.o(i._printf_post_padding)
    i._printf_pre_padding                    0x08001920   Section        0  printf8.o(i._printf_pre_padding)
    _printf_pre_padding                      0x08001921   Thumb Code    46  printf8.o(i._printf_pre_padding)
    i.calculateDynamicBitPartLen             0x0800194e   Section        0  gizwits_protocol.o(i.calculateDynamicBitPartLen)
    i.delay_init                             0x08001978   Section        0  delay.o(i.delay_init)
    i.delay_ms                               0x080019b4   Section        0  delay.o(i.delay_ms)
    i.delay_us                               0x080019f0   Section        0  delay.o(i.delay_us)
    i.exchangeBytes                          0x08001a2c   Section        0  common.o(i.exchangeBytes)
    i.exchangeWord                           0x08001a46   Section        0  common.o(i.exchangeWord)
    i.fputc                                  0x08001a60   Section        0  usart.o(i.fputc)
    i.free                                   0x08001a84   Section        0  malloc.o(i.free)
    i.gizAcrossByteJudge                     0x08001ad4   Section        0  datapointtools.o(i.gizAcrossByteJudge)
    i.gizByteOrderExchange                   0x08001afe   Section        0  datapointtools.o(i.gizByteOrderExchange)
    i.gizCheckReport                         0x08001b30   Section        0  gizwits_protocol.o(i.gizCheckReport)
    gizCheckReport                           0x08001b31   Thumb Code   190  gizwits_protocol.o(i.gizCheckReport)
    i.gizDataPoint2Event                     0x08001c5c   Section        0  gizwits_protocol.o(i.gizDataPoint2Event)
    gizDataPoint2Event                       0x08001c5d   Thumb Code   112  gizwits_protocol.o(i.gizDataPoint2Event)
    i.gizDataPoints2ReportData               0x08001cf8   Section        0  gizwits_protocol.o(i.gizDataPoints2ReportData)
    gizDataPoints2ReportData                 0x08001cf9   Thumb Code   232  gizwits_protocol.o(i.gizDataPoints2ReportData)
    i.gizDevReportPolicy                     0x08001e14   Section        0  gizwits_protocol.o(i.gizDevReportPolicy)
    gizDevReportPolicy                       0x08001e15   Thumb Code   168  gizwits_protocol.o(i.gizDevReportPolicy)
    i.gizGetTimerCount                       0x08001efc   Section        0  gizwits_product.o(i.gizGetTimerCount)
    i.gizProtocolAckHandle                   0x08001f08   Section        0  gizwits_protocol.o(i.gizProtocolAckHandle)
    gizProtocolAckHandle                     0x08001f09   Thumb Code    94  gizwits_protocol.o(i.gizProtocolAckHandle)
    i.gizProtocolCommonAck                   0x08001f94   Section        0  gizwits_protocol.o(i.gizProtocolCommonAck)
    gizProtocolCommonAck                     0x08001f95   Thumb Code    86  gizwits_protocol.o(i.gizProtocolCommonAck)
    i.gizProtocolErrorCmd                    0x08002034   Section        0  gizwits_protocol.o(i.gizProtocolErrorCmd)
    gizProtocolErrorCmd                      0x08002035   Thumb Code    90  gizwits_protocol.o(i.gizProtocolErrorCmd)
    i.gizProtocolGetDeviceInfo               0x080020d8   Section        0  gizwits_protocol.o(i.gizProtocolGetDeviceInfo)
    gizProtocolGetDeviceInfo                 0x080020d9   Thumb Code   182  gizwits_protocol.o(i.gizProtocolGetDeviceInfo)
    i.gizProtocolGetOnePacket                0x08002254   Section        0  gizwits_protocol.o(i.gizProtocolGetOnePacket)
    gizProtocolGetOnePacket                  0x08002255   Thumb Code   380  gizwits_protocol.o(i.gizProtocolGetOnePacket)
    i.gizProtocolHeadInit                    0x08002450   Section        0  gizwits_protocol.o(i.gizProtocolHeadInit)
    gizProtocolHeadInit                      0x08002451   Thumb Code    34  gizwits_protocol.o(i.gizProtocolHeadInit)
    i.gizProtocolIssuedDataAck               0x080024a0   Section        0  gizwits_protocol.o(i.gizProtocolIssuedDataAck)
    gizProtocolIssuedDataAck                 0x080024a1   Thumb Code   230  gizwits_protocol.o(i.gizProtocolIssuedDataAck)
    i.gizProtocolIssuedProcess               0x080025e0   Section        0  gizwits_protocol.o(i.gizProtocolIssuedProcess)
    gizProtocolIssuedProcess                 0x080025e1   Thumb Code   244  gizwits_protocol.o(i.gizProtocolIssuedProcess)
    i.gizProtocolModuleInfoHandle            0x08002750   Section        0  gizwits_protocol.o(i.gizProtocolModuleInfoHandle)
    gizProtocolModuleInfoHandle              0x08002751   Thumb Code    66  gizwits_protocol.o(i.gizProtocolModuleInfoHandle)
    i.gizProtocolModuleStatus                0x080027ac   Section        0  gizwits_protocol.o(i.gizProtocolModuleStatus)
    gizProtocolModuleStatus                  0x080027ad   Thumb Code   816  gizwits_protocol.o(i.gizProtocolModuleStatus)
    i.gizProtocolNTP                         0x08002cb0   Section        0  gizwits_protocol.o(i.gizProtocolNTP)
    gizProtocolNTP                           0x08002cb1   Thumb Code   112  gizwits_protocol.o(i.gizProtocolNTP)
    i.gizProtocolReboot                      0x08002d3c   Section        0  gizwits_protocol.o(i.gizProtocolReboot)
    gizProtocolReboot                        0x08002d3d   Thumb Code    28  gizwits_protocol.o(i.gizProtocolReboot)
    i.gizProtocolResendData                  0x08002d58   Section        0  gizwits_protocol.o(i.gizProtocolResendData)
    gizProtocolResendData                    0x08002d59   Thumb Code    64  gizwits_protocol.o(i.gizProtocolResendData)
    i.gizProtocolSum                         0x08002dd4   Section        0  common.o(i.gizProtocolSum)
    i.gizProtocolWaitAck                     0x08002dfc   Section        0  gizwits_protocol.o(i.gizProtocolWaitAck)
    gizProtocolWaitAck                       0x08002dfd   Thumb Code    70  gizwits_protocol.o(i.gizProtocolWaitAck)
    i.gizProtocolWaitAckCheck                0x08002e60   Section        0  gizwits_protocol.o(i.gizProtocolWaitAckCheck)
    gizProtocolWaitAckCheck                  0x08002e61   Thumb Code    44  gizwits_protocol.o(i.gizProtocolWaitAckCheck)
    i.gizPutData                             0x08002ea8   Section        0  gizwits_protocol.o(i.gizPutData)
    i.gizReportData                          0x08002f1c   Section        0  gizwits_protocol.o(i.gizReportData)
    gizReportData                            0x08002f1d   Thumb Code   170  gizwits_protocol.o(i.gizReportData)
    i.gizTimerMs                             0x08003010   Section        0  gizwits_product.o(i.gizTimerMs)
    i.gizVarlenCompressValue                 0x08003020   Section        0  datapointtools.o(i.gizVarlenCompressValue)
    i.gizVarlenDecompressionValue            0x0800309c   Section        0  datapointtools.o(i.gizVarlenDecompressionValue)
    i.gizY2X                                 0x08003160   Section        0  datapointtools.o(i.gizY2X)
    i.gizwitsEventProcess                    0x08003170   Section        0  gizwits_product.o(i.gizwitsEventProcess)
    i.gizwitsHandle                          0x080032f0   Section        0  gizwits_protocol.o(i.gizwitsHandle)
    i.gizwitsInit                            0x0800360c   Section        0  gizwits_protocol.o(i.gizwitsInit)
    i.gizwitsSetMode                         0x08003670   Section        0  gizwits_protocol.o(i.gizwitsSetMode)
    i.main                                   0x080038e0   Section        0  main.o(i.main)
    i.mcuRestart                             0x080039e8   Section        0  gizwits_product.o(i.mcuRestart)
    i.rbCanRead                              0x08003a18   Section        0  ringbuffer.o(i.rbCanRead)
    i.rbCanWrite                             0x08003a50   Section        0  ringbuffer.o(i.rbCanWrite)
    i.rbCapacity                             0x08003a6e   Section        0  ringbuffer.o(i.rbCapacity)
    i.rbCreate                               0x08003a7c   Section        0  ringbuffer.o(i.rbCreate)
    i.rbRead                                 0x08003a92   Section        0  ringbuffer.o(i.rbRead)
    i.rbWrite                                0x08003b34   Section        0  ringbuffer.o(i.rbWrite)
    i.uartWrite                              0x08003bd0   Section        0  gizwits_product.o(i.uartWrite)
    i.userHandle                             0x08003c28   Section        0  gizwits_product.o(i.userHandle)
    i.userInit                               0x08003c48   Section        0  gizwits_product.o(i.userInit)
    .constdata                               0x08003c68   Section     7440  oled.o(.constdata)
    .data                                    0x20000000   Section        4  main.o(.data)
    .data                                    0x20000004   Section        4  delay.o(.data)
    fac_us                                   0x20000004   Data           1  delay.o(.data)
    fac_ms                                   0x20000006   Data           2  delay.o(.data)
    .data                                    0x20000008   Section        1  usart.o(.data)
    .data                                    0x20000009   Section       20  stm32f10x_rcc.o(.data)
    APBAHBPrescTable                         0x20000009   Data          16  stm32f10x_rcc.o(.data)
    ADCPrescTable                            0x20000019   Data           4  stm32f10x_rcc.o(.data)
    .data                                    0x20000020   Section        4  gizwits_product.o(.data)
    timerMsCount                             0x20000020   Data           4  gizwits_product.o(.data)
    .data                                    0x20000024   Section       16  gizwits_protocol.o(.data)
    lastReportTime                           0x20000024   Data           4  gizwits_protocol.o(.data)
    lastRepTime                              0x20000028   Data           4  gizwits_protocol.o(.data)
    protocolFlag                             0x2000002c   Data           1  gizwits_protocol.o(.data)
    protocolCount                            0x2000002e   Data           2  gizwits_protocol.o(.data)
    lastData                                 0x20000030   Data           1  gizwits_protocol.o(.data)
    debugCount                               0x20000031   Data           1  gizwits_protocol.o(.data)
    lastStatus                               0x20000032   Data           2  gizwits_protocol.o(.data)
    .data                                    0x20000034   Section        4  stdout.o(.data)
    .data                                    0x20000038   Section        4  mvars.o(.data)
    .bss                                     0x2000003c   Section     1152  oled.o(.bss)
    .bss                                     0x200004bc   Section        9  gizwits_product.o(.bss)
    .bss                                     0x200004c8   Section      496  gizwits_protocol.o(.bss)
    rbBuf                                    0x2000064c   Data         108  gizwits_protocol.o(.bss)
    STACK                                    0x200006b8   Section      512  startup_stm32f10x_md.o(STACK)

    Global Symbols

    Symbol Name                              Value     Ov Type        Size  Object(Section)

    BuildAttributes$$THM_ISAv4$P$D$K$B$S$PE$A:L22UL41UL21$X:L11$S22US41US21$IEEE1$IW$USESV6$~STKCKD$USESV7$~SHL$OTIME$ROPI$EBA8$MICROLIB$REQ8$PRES8$EABIv2 0x00000000   Number         0  anon$$obj.o ABSOLUTE
    __ARM_use_no_argv                        0x00000000   Number         0  main.o ABSOLUTE
    _printf_a                                0x00000000   Number         0  stubs.o ABSOLUTE
    _printf_c                                0x00000000   Number         0  stubs.o ABSOLUTE
    _printf_charcount                        0x00000000   Number         0  stubs.o ABSOLUTE
    _printf_d                                0x00000000   Number         0  stubs.o ABSOLUTE
    _printf_e                                0x00000000   Number         0  stubs.o ABSOLUTE
    _printf_f                                0x00000000   Number         0  stubs.o ABSOLUTE
    _printf_flags                            0x00000000   Number         0  stubs.o ABSOLUTE
    _printf_fp_dec                           0x00000000   Number         0  stubs.o ABSOLUTE
    _printf_fp_hex                           0x00000000   Number         0  stubs.o ABSOLUTE
    _printf_g                                0x00000000   Number         0  stubs.o ABSOLUTE
    _printf_i                                0x00000000   Number         0  stubs.o ABSOLUTE
    _printf_int_dec                          0x00000000   Number         0  stubs.o ABSOLUTE
    _printf_l                                0x00000000   Number         0  stubs.o ABSOLUTE
    _printf_lc                               0x00000000   Number         0  stubs.o ABSOLUTE
    _printf_ll                               0x00000000   Number         0  stubs.o ABSOLUTE
    _printf_lld                              0x00000000   Number         0  stubs.o ABSOLUTE
    _printf_lli                              0x00000000   Number         0  stubs.o ABSOLUTE
    _printf_llo                              0x00000000   Number         0  stubs.o ABSOLUTE
    _printf_llu                              0x00000000   Number         0  stubs.o ABSOLUTE
    _printf_llx                              0x00000000   Number         0  stubs.o ABSOLUTE
    _printf_longlong_dec                     0x00000000   Number         0  stubs.o ABSOLUTE
    _printf_longlong_hex                     0x00000000   Number         0  stubs.o ABSOLUTE
    _printf_longlong_oct                     0x00000000   Number         0  stubs.o ABSOLUTE
    _printf_ls                               0x00000000   Number         0  stubs.o ABSOLUTE
    _printf_mbtowc                           0x00000000   Number         0  stubs.o ABSOLUTE
    _printf_n                                0x00000000   Number         0  stubs.o ABSOLUTE
    _printf_o                                0x00000000   Number         0  stubs.o ABSOLUTE
    _printf_p                                0x00000000   Number         0  stubs.o ABSOLUTE
    _printf_percent                          0x00000000   Number         0  stubs.o ABSOLUTE
    _printf_pre_padding                      0x00000000   Number         0  stubs.o ABSOLUTE
    _printf_return_value                     0x00000000   Number         0  stubs.o ABSOLUTE
    _printf_s                                0x00000000   Number         0  stubs.o ABSOLUTE
    _printf_sizespec                         0x00000000   Number         0  stubs.o ABSOLUTE
    _printf_str                              0x00000000   Number         0  stubs.o ABSOLUTE
    _printf_truncate_signed                  0x00000000   Number         0  stubs.o ABSOLUTE
    _printf_truncate_unsigned                0x00000000   Number         0  stubs.o ABSOLUTE
    _printf_u                                0x00000000   Number         0  stubs.o ABSOLUTE
    _printf_wc                               0x00000000   Number         0  stubs.o ABSOLUTE
    _printf_wctomb                           0x00000000   Number         0  stubs.o ABSOLUTE
    _printf_widthprec                        0x00000000   Number         0  stubs.o ABSOLUTE
    _printf_x                                0x00000000   Number         0  stubs.o ABSOLUTE
    __cpp_initialize__aeabi_                  - Undefined Weak Reference
    __cxa_finalize                            - Undefined Weak Reference
    __decompress                              - Undefined Weak Reference
    _clock_init                               - Undefined Weak Reference
    _microlib_exit                            - Undefined Weak Reference
    __Vectors_Size                           0x000000ec   Number         0  startup_stm32f10x_md.o ABSOLUTE
    __Vectors                                0x08000000   Data           4  startup_stm32f10x_md.o(RESET)
    __Vectors_End                            0x080000ec   Data           0  startup_stm32f10x_md.o(RESET)
    __main                                   0x080000ed   Thumb Code     0  entry.o(.ARM.Collect$$$$00000000)
    _main_stk                                0x080000ed   Thumb Code     0  entry2.o(.ARM.Collect$$$$00000001)
    _main_scatterload                        0x080000f1   Thumb Code     0  entry5.o(.ARM.Collect$$$$00000004)
    __main_after_scatterload                 0x080000f5   Thumb Code     0  entry5.o(.ARM.Collect$$$$00000004)
    _main_clock                              0x080000f5   Thumb Code     0  entry7b.o(.ARM.Collect$$$$00000008)
    _main_cpp_init                           0x080000f5   Thumb Code     0  entry8b.o(.ARM.Collect$$$$0000000A)
    _main_init                               0x080000f5   Thumb Code     0  entry9a.o(.ARM.Collect$$$$0000000B)
    __rt_final_cpp                           0x080000fd   Thumb Code     0  entry10a.o(.ARM.Collect$$$$0000000D)
    __rt_final_exit                          0x080000fd   Thumb Code     0  entry11a.o(.ARM.Collect$$$$0000000F)
    Reset_Handler                            0x08000101   Thumb Code     4  startup_stm32f10x_md.o(.text)
    ADC1_2_IRQHandler                        0x08000117   Thumb Code     0  startup_stm32f10x_md.o(.text)
    CAN1_RX1_IRQHandler                      0x08000117   Thumb Code     0  startup_stm32f10x_md.o(.text)
    CAN1_SCE_IRQHandler                      0x08000117   Thumb Code     0  startup_stm32f10x_md.o(.text)
    DMA1_Channel1_IRQHandler                 0x08000117   Thumb Code     0  startup_stm32f10x_md.o(.text)
    DMA1_Channel2_IRQHandler                 0x08000117   Thumb Code     0  startup_stm32f10x_md.o(.text)
    DMA1_Channel3_IRQHandler                 0x08000117   Thumb Code     0  startup_stm32f10x_md.o(.text)
    DMA1_Channel4_IRQHandler                 0x08000117   Thumb Code     0  startup_stm32f10x_md.o(.text)
    DMA1_Channel5_IRQHandler                 0x08000117   Thumb Code     0  startup_stm32f10x_md.o(.text)
    DMA1_Channel6_IRQHandler                 0x08000117   Thumb Code     0  startup_stm32f10x_md.o(.text)
    DMA1_Channel7_IRQHandler                 0x08000117   Thumb Code     0  startup_stm32f10x_md.o(.text)
    EXTI0_IRQHandler                         0x08000117   Thumb Code     0  startup_stm32f10x_md.o(.text)
    EXTI15_10_IRQHandler                     0x08000117   Thumb Code     0  startup_stm32f10x_md.o(.text)
    EXTI1_IRQHandler                         0x08000117   Thumb Code     0  startup_stm32f10x_md.o(.text)
    EXTI2_IRQHandler                         0x08000117   Thumb Code     0  startup_stm32f10x_md.o(.text)
    EXTI3_IRQHandler                         0x08000117   Thumb Code     0  startup_stm32f10x_md.o(.text)
    EXTI4_IRQHandler                         0x08000117   Thumb Code     0  startup_stm32f10x_md.o(.text)
    EXTI9_5_IRQHandler                       0x08000117   Thumb Code     0  startup_stm32f10x_md.o(.text)
    FLASH_IRQHandler                         0x08000117   Thumb Code     0  startup_stm32f10x_md.o(.text)
    I2C1_ER_IRQHandler                       0x08000117   Thumb Code     0  startup_stm32f10x_md.o(.text)
    I2C1_EV_IRQHandler                       0x08000117   Thumb Code     0  startup_stm32f10x_md.o(.text)
    I2C2_ER_IRQHandler                       0x08000117   Thumb Code     0  startup_stm32f10x_md.o(.text)
    I2C2_EV_IRQHandler                       0x08000117   Thumb Code     0  startup_stm32f10x_md.o(.text)
    PVD_IRQHandler                           0x08000117   Thumb Code     0  startup_stm32f10x_md.o(.text)
    RCC_IRQHandler                           0x08000117   Thumb Code     0  startup_stm32f10x_md.o(.text)
    RTCAlarm_IRQHandler                      0x08000117   Thumb Code     0  startup_stm32f10x_md.o(.text)
    RTC_IRQHandler                           0x08000117   Thumb Code     0  startup_stm32f10x_md.o(.text)
    SPI1_IRQHandler                          0x08000117   Thumb Code     0  startup_stm32f10x_md.o(.text)
    SPI2_IRQHandler                          0x08000117   Thumb Code     0  startup_stm32f10x_md.o(.text)
    TAMPER_IRQHandler                        0x08000117   Thumb Code     0  startup_stm32f10x_md.o(.text)
    TIM1_BRK_IRQHandler                      0x08000117   Thumb Code     0  startup_stm32f10x_md.o(.text)
    TIM1_CC_IRQHandler                       0x08000117   Thumb Code     0  startup_stm32f10x_md.o(.text)
    TIM1_TRG_COM_IRQHandler                  0x08000117   Thumb Code     0  startup_stm32f10x_md.o(.text)
    TIM2_IRQHandler                          0x08000117   Thumb Code     0  startup_stm32f10x_md.o(.text)
    TIM3_IRQHandler                          0x08000117   Thumb Code     0  startup_stm32f10x_md.o(.text)
    TIM4_IRQHandler                          0x08000117   Thumb Code     0  startup_stm32f10x_md.o(.text)
    USART3_IRQHandler                        0x08000117   Thumb Code     0  startup_stm32f10x_md.o(.text)
    USBWakeUp_IRQHandler                     0x08000117   Thumb Code     0  startup_stm32f10x_md.o(.text)
    USB_HP_CAN1_TX_IRQHandler                0x08000117   Thumb Code     0  startup_stm32f10x_md.o(.text)
    USB_LP_CAN1_RX0_IRQHandler               0x08000117   Thumb Code     0  startup_stm32f10x_md.o(.text)
    WWDG_IRQHandler                          0x08000117   Thumb Code     0  startup_stm32f10x_md.o(.text)
    __aeabi_memcpy                           0x0800011d   Thumb Code    36  memcpya.o(.text)
    __aeabi_memcpy4                          0x0800011d   Thumb Code     0  memcpya.o(.text)
    __aeabi_memcpy8                          0x0800011d   Thumb Code     0  memcpya.o(.text)
    __aeabi_memset                           0x08000141   Thumb Code    14  memseta.o(.text)
    __aeabi_memset4                          0x08000141   Thumb Code     0  memseta.o(.text)
    __aeabi_memset8                          0x08000141   Thumb Code     0  memseta.o(.text)
    __aeabi_memclr                           0x0800014f   Thumb Code     4  memseta.o(.text)
    __aeabi_memclr4                          0x0800014f   Thumb Code     0  memseta.o(.text)
    __aeabi_memclr8                          0x0800014f   Thumb Code     0  memseta.o(.text)
    _memset$wrapper                          0x08000153   Thumb Code    18  memseta.o(.text)
    __aeabi_uldivmod                         0x08000165   Thumb Code    98  uldiv.o(.text)
    __scatterload                            0x080001c9   Thumb Code    28  init.o(.text)
    __scatterload_rt2                        0x080001c9   Thumb Code     0  init.o(.text)
    __aeabi_llsl                             0x080001ed   Thumb Code    30  llshl.o(.text)
    _ll_shift_l                              0x080001ed   Thumb Code     0  llshl.o(.text)
    __aeabi_llsr                             0x0800020b   Thumb Code    32  llushr.o(.text)
    _ll_ushift_r                             0x0800020b   Thumb Code     0  llushr.o(.text)
    BusFault_Handler                         0x0800022b   Thumb Code     4  stm32f10x_it.o(i.BusFault_Handler)
    DHT11_Check                              0x08000231   Thumb Code    88  dht11.o(i.DHT11_Check)
    DHT11_Init                               0x0800028d   Thumb Code    58  dht11.o(i.DHT11_Init)
    DHT11_Mode                               0x080002cd   Thumb Code    52  dht11.o(i.DHT11_Mode)
    DHT11_Read_Bit                           0x08000305   Thumb Code    88  dht11.o(i.DHT11_Read_Bit)
    DHT11_Read_Byte                          0x08000361   Thumb Code    30  dht11.o(i.DHT11_Read_Byte)
    DHT11_Read_Data                          0x0800037f   Thumb Code    88  dht11.o(i.DHT11_Read_Data)
    DHT11_Rst                                0x080003d9   Thumb Code    42  dht11.o(i.DHT11_Rst)
    DebugMon_Handler                         0x08000409   Thumb Code     2  stm32f10x_it.o(i.DebugMon_Handler)
    GPIO_Init                                0x0800040b   Thumb Code   278  stm32f10x_gpio.o(i.GPIO_Init)
    GPIO_ReadInputDataBit                    0x08000521   Thumb Code    18  stm32f10x_gpio.o(i.GPIO_ReadInputDataBit)
    GPIO_ResetBits                           0x08000533   Thumb Code     4  stm32f10x_gpio.o(i.GPIO_ResetBits)
    GPIO_SetBits                             0x08000537   Thumb Code     4  stm32f10x_gpio.o(i.GPIO_SetBits)
    HardFault_Handler                        0x0800053b   Thumb Code     4  stm32f10x_it.o(i.HardFault_Handler)
    IIC_delay                                0x0800053f   Thumb Code    16  oled.o(i.IIC_delay)
    LED_Init                                 0x08000551   Thumb Code    48  led.o(i.LED_Init)
    LED_Off                                  0x08000585   Thumb Code    14  led.o(i.LED_Off)
    LED_SetBrightness                        0x08000599   Thumb Code    14  motor.o(i.LED_SetBrightness)
    MemManage_Handler                        0x080005ad   Thumb Code     4  stm32f10x_it.o(i.MemManage_Handler)
    NMI_Handler                              0x080005b1   Thumb Code     2  stm32f10x_it.o(i.NMI_Handler)
    NVIC_Init                                0x080005b5   Thumb Code   100  misc.o(i.NVIC_Init)
    NVIC_PriorityGroupConfig                 0x08000625   Thumb Code    10  misc.o(i.NVIC_PriorityGroupConfig)
    OLED_Clear                               0x08000639   Thumb Code    42  oled.o(i.OLED_Clear)
    OLED_DrawPoint                           0x08000669   Thumb Code   114  oled.o(i.OLED_DrawPoint)
    OLED_I2C_Start                           0x080006e1   Thumb Code    56  oled.o(i.OLED_I2C_Start)
    OLED_I2C_Stop                            0x0800071d   Thumb Code    38  oled.o(i.OLED_I2C_Stop)
    OLED_I2C_WaitAck                         0x08000749   Thumb Code    46  oled.o(i.OLED_I2C_WaitAck)
    OLED_Init                                0x0800077d   Thumb Code   294  oled.o(i.OLED_Init)
    OLED_Pow                                 0x080008a9   Thumb Code    22  oled.o(i.OLED_Pow)
    OLED_Refresh                             0x080008c1   Thumb Code   100  oled.o(i.OLED_Refresh)
    OLED_Send_Byte                           0x08000929   Thumb Code    78  oled.o(i.OLED_Send_Byte)
    OLED_ShowChar                            0x0800097d   Thumb Code   304  oled.o(i.OLED_ShowChar)
    OLED_ShowChinese                         0x08000abd   Thumb Code   248  oled.o(i.OLED_ShowChinese)
    OLED_ShowNum                             0x08000bc5   Thumb Code   148  oled.o(i.OLED_ShowNum)
    OLED_ShowString                          0x08000c59   Thumb Code    78  oled.o(i.OLED_ShowString)
    OLED_WR_Byte                             0x08000ca7   Thumb Code    56  oled.o(i.OLED_WR_Byte)
    PendSV_Handler                           0x08000cdf   Thumb Code     2  stm32f10x_it.o(i.PendSV_Handler)
    RCC_APB1PeriphClockCmd                   0x08000ce1   Thumb Code    26  stm32f10x_rcc.o(i.RCC_APB1PeriphClockCmd)
    RCC_APB2PeriphClockCmd                   0x08000d01   Thumb Code    26  stm32f10x_rcc.o(i.RCC_APB2PeriphClockCmd)
    RCC_GetClocksFreq                        0x08000d21   Thumb Code   192  stm32f10x_rcc.o(i.RCC_GetClocksFreq)
    SVC_Handler                              0x08000df5   Thumb Code     2  stm32f10x_it.o(i.SVC_Handler)
    SysTick_CLKSourceConfig                  0x08000ee1   Thumb Code    40  misc.o(i.SysTick_CLKSourceConfig)
    SysTick_Handler                          0x08000f09   Thumb Code     2  stm32f10x_it.o(i.SysTick_Handler)
    SystemInit                               0x08000f0d   Thumb Code    78  system_stm32f10x.o(i.SystemInit)
    TIM1_Int_Init                            0x08000f6d   Thumb Code   158  timer.o(i.TIM1_Int_Init)
    TIM1_UP_IRQHandler                       0x08001015   Thumb Code    26  timer.o(i.TIM1_UP_IRQHandler)
    TIM_ClearFlag                            0x08001035   Thumb Code     6  stm32f10x_tim.o(i.TIM_ClearFlag)
    TIM_ClearITPendingBit                    0x0800103b   Thumb Code     6  stm32f10x_tim.o(i.TIM_ClearITPendingBit)
    TIM_Cmd                                  0x08001041   Thumb Code    24  stm32f10x_tim.o(i.TIM_Cmd)
    TIM_CtrlPWMOutputs                       0x08001059   Thumb Code    30  stm32f10x_tim.o(i.TIM_CtrlPWMOutputs)
    TIM_GetITStatus                          0x08001077   Thumb Code    34  stm32f10x_tim.o(i.TIM_GetITStatus)
    TIM_ITConfig                             0x08001099   Thumb Code    18  stm32f10x_tim.o(i.TIM_ITConfig)
    TIM_SetCompare2                          0x080010ab   Thumb Code     4  stm32f10x_tim.o(i.TIM_SetCompare2)
    TIM_TimeBaseInit                         0x080010b1   Thumb Code   122  stm32f10x_tim.o(i.TIM_TimeBaseInit)
    USART1_Config                            0x08001155   Thumb Code   154  usart.o(i.USART1_Config)
    USART1_IRQHandler                        0x080011f9   Thumb Code    26  usart.o(i.USART1_IRQHandler)
    USART2_Config                            0x0800121d   Thumb Code   158  usart2.o(i.USART2_Config)
    USART2_IRQHandler                        0x080012c5   Thumb Code    34  usart2.o(i.USART2_IRQHandler)
    USART_Cmd                                0x080012ed   Thumb Code    24  stm32f10x_usart.o(i.USART_Cmd)
    USART_GetFlagStatus                      0x08001305   Thumb Code    26  stm32f10x_usart.o(i.USART_GetFlagStatus)
    USART_GetITStatus                        0x0800131f   Thumb Code    84  stm32f10x_usart.o(i.USART_GetITStatus)
    USART_ITConfig                           0x08001373   Thumb Code    74  stm32f10x_usart.o(i.USART_ITConfig)
    USART_Init                               0x080013bd   Thumb Code   210  stm32f10x_usart.o(i.USART_Init)
    USART_ReceiveData                        0x08001495   Thumb Code    10  stm32f10x_usart.o(i.USART_ReceiveData)
    USART_SendData                           0x0800149f   Thumb Code     8  stm32f10x_usart.o(i.USART_SendData)
    UsageFault_Handler                       0x080014a7   Thumb Code     4  stm32f10x_it.o(i.UsageFault_Handler)
    __0printf$8                              0x080014ad   Thumb Code    22  printf8.o(i.__0printf$8)
    __1printf$8                              0x080014ad   Thumb Code     0  printf8.o(i.__0printf$8)
    __2printf                                0x080014ad   Thumb Code     0  printf8.o(i.__0printf$8)
    __scatterload_copy                       0x080014cd   Thumb Code    14  handlers.o(i.__scatterload_copy)
    __scatterload_null                       0x080014db   Thumb Code     2  handlers.o(i.__scatterload_null)
    __scatterload_zeroinit                   0x080014dd   Thumb Code    14  handlers.o(i.__scatterload_zeroinit)
    calculateDynamicBitPartLen               0x0800194f   Thumb Code    40  gizwits_protocol.o(i.calculateDynamicBitPartLen)
    delay_init                               0x08001979   Thumb Code    52  delay.o(i.delay_init)
    delay_ms                                 0x080019b5   Thumb Code    56  delay.o(i.delay_ms)
    delay_us                                 0x080019f1   Thumb Code    56  delay.o(i.delay_us)
    exchangeBytes                            0x08001a2d   Thumb Code    26  common.o(i.exchangeBytes)
    exchangeWord                             0x08001a47   Thumb Code    26  common.o(i.exchangeWord)
    fputc                                    0x08001a61   Thumb Code    32  usart.o(i.fputc)
    free                                     0x08001a85   Thumb Code    76  malloc.o(i.free)
    gizAcrossByteJudge                       0x08001ad5   Thumb Code    42  datapointtools.o(i.gizAcrossByteJudge)
    gizByteOrderExchange                     0x08001aff   Thumb Code    50  datapointtools.o(i.gizByteOrderExchange)
    gizGetTimerCount                         0x08001efd   Thumb Code     6  gizwits_product.o(i.gizGetTimerCount)
    gizProtocolSum                           0x08002dd5   Thumb Code    38  common.o(i.gizProtocolSum)
    gizPutData                               0x08002ea9   Thumb Code    52  gizwits_protocol.o(i.gizPutData)
    gizTimerMs                               0x08003011   Thumb Code    12  gizwits_product.o(i.gizTimerMs)
    gizVarlenCompressValue                   0x08003021   Thumb Code   124  datapointtools.o(i.gizVarlenCompressValue)
    gizVarlenDecompressionValue              0x0800309d   Thumb Code   196  datapointtools.o(i.gizVarlenDecompressionValue)
    gizY2X                                   0x08003161   Thumb Code    14  datapointtools.o(i.gizY2X)
    gizwitsEventProcess                      0x08003171   Thumb Code   224  gizwits_product.o(i.gizwitsEventProcess)
    gizwitsHandle                            0x080032f1   Thumb Code   548  gizwits_protocol.o(i.gizwitsHandle)
    gizwitsInit                              0x0800360d   Thumb Code    46  gizwits_protocol.o(i.gizwitsInit)
    gizwitsSetMode                           0x08003671   Thumb Code   566  gizwits_protocol.o(i.gizwitsSetMode)
    main                                     0x080038e1   Thumb Code   218  main.o(i.main)
    mcuRestart                               0x080039e9   Thumb Code    38  gizwits_product.o(i.mcuRestart)
    rbCanRead                                0x08003a19   Thumb Code    56  ringbuffer.o(i.rbCanRead)
    rbCanWrite                               0x08003a51   Thumb Code    30  ringbuffer.o(i.rbCanWrite)
    rbCapacity                               0x08003a6f   Thumb Code    14  ringbuffer.o(i.rbCapacity)
    rbCreate                                 0x08003a7d   Thumb Code    22  ringbuffer.o(i.rbCreate)
    rbRead                                   0x08003a93   Thumb Code   162  ringbuffer.o(i.rbRead)
    rbWrite                                  0x08003b35   Thumb Code   154  ringbuffer.o(i.rbWrite)
    uartWrite                                0x08003bd1   Thumb Code    82  gizwits_product.o(i.uartWrite)
    userHandle                               0x08003c29   Thumb Code    20  gizwits_product.o(i.userHandle)
    userInit                                 0x08003c49   Thumb Code    26  gizwits_product.o(i.userInit)
    asc2_0806                                0x08003c68   Data         552  oled.o(.constdata)
    asc2_1206                                0x08003e90   Data        1140  oled.o(.constdata)
    asc2_1608                                0x08004304   Data        1520  oled.o(.constdata)
    asc2_2412                                0x080048f4   Data        3420  oled.o(.constdata)
    Hzk1                                     0x08005650   Data          96  oled.o(.constdata)
    Hzk2                                     0x080056b0   Data          72  oled.o(.constdata)
    Hzk3                                     0x080056f8   Data         128  oled.o(.constdata)
    Hzk4                                     0x08005778   Data         512  oled.o(.constdata)
    Region$$Table$$Base                      0x08005978   Number         0  anon$$obj.o(Region$$Table)
    Region$$Table$$Limit                     0x08005998   Number         0  anon$$obj.o(Region$$Table)
    temp                                     0x20000000   Data           1  main.o(.data)
    humi                                     0x20000001   Data           1  main.o(.data)
    led0pwmval                               0x20000002   Data           2  main.o(.data)
    Res_1                                    0x20000008   Data           1  usart.o(.data)
    __stdout                                 0x20000034   Data           4  stdout.o(.data)
    __microlib_freelist                      0x20000038   Data           4  mvars.o(.data)
    OLED_GRAM                                0x2000003c   Data        1152  oled.o(.bss)
    currentDataPoint                         0x200004bc   Data           9  gizwits_product.o(.bss)
    gizwitsProtocol                          0x200004c8   Data         372  gizwits_protocol.o(.bss)
    pRb                                      0x2000063c   Data          16  gizwits_protocol.o(.bss)
    __initial_sp                             0x200008b8   Data           0  startup_stm32f10x_md.o(STACK)



==============================================================================

Memory Map of the image

  Image Entry point : 0x080000ed

  Load Region LR_IROM1 (Base: 0x08000000, Size: 0x000059d4, Max: 0x00010000, ABSOLUTE)

    Execution Region ER_IROM1 (Exec base: 0x08000000, Load base: 0x08000000, Size: 0x00005998, Max: 0x00010000, ABSOLUTE)

    Exec Addr    Load Addr    Size         Type   Attr      Idx    E Section Name        Object

    0x08000000   0x08000000   0x000000ec   Data   RO          735    RESET               startup_stm32f10x_md.o
    0x080000ec   0x080000ec   0x00000000   Code   RO         2455  * .ARM.Collect$$$$00000000  mc_w.l(entry.o)
    0x080000ec   0x080000ec   0x00000004   Code   RO         2767    .ARM.Collect$$$$00000001  mc_w.l(entry2.o)
    0x080000f0   0x080000f0   0x00000004   Code   RO         2770    .ARM.Collect$$$$00000004  mc_w.l(entry5.o)
    0x080000f4   0x080000f4   0x00000000   Code   RO         2772    .ARM.Collect$$$$00000008  mc_w.l(entry7b.o)
    0x080000f4   0x080000f4   0x00000000   Code   RO         2774    .ARM.Collect$$$$0000000A  mc_w.l(entry8b.o)
    0x080000f4   0x080000f4   0x00000008   Code   RO         2775    .ARM.Collect$$$$0000000B  mc_w.l(entry9a.o)
    0x080000fc   0x080000fc   0x00000000   Code   RO         2777    .ARM.Collect$$$$0000000D  mc_w.l(entry10a.o)
    0x080000fc   0x080000fc   0x00000000   Code   RO         2779    .ARM.Collect$$$$0000000F  mc_w.l(entry11a.o)
    0x080000fc   0x080000fc   0x00000004   Code   RO         2768    .ARM.Collect$$$$00002712  mc_w.l(entry2.o)
    0x08000100   0x08000100   0x0000001c   Code   RO          736    .text               startup_stm32f10x_md.o
    0x0800011c   0x0800011c   0x00000024   Code   RO         2460    .text               mc_w.l(memcpya.o)
    0x08000140   0x08000140   0x00000024   Code   RO         2462    .text               mc_w.l(memseta.o)
    0x08000164   0x08000164   0x00000062   Code   RO         2784    .text               mc_w.l(uldiv.o)
    0x080001c6   0x080001c6   0x00000002   PAD
    0x080001c8   0x080001c8   0x00000024   Code   RO         2801    .text               mc_w.l(init.o)
    0x080001ec   0x080001ec   0x0000001e   Code   RO         2803    .text               mc_w.l(llshl.o)
    0x0800020a   0x0800020a   0x00000020   Code   RO         2805    .text               mc_w.l(llushr.o)
    0x0800022a   0x0800022a   0x00000004   Code   RO            1    i.BusFault_Handler  stm32f10x_it.o
    0x0800022e   0x0800022e   0x00000002   PAD
    0x08000230   0x08000230   0x0000005c   Code   RO          436    i.DHT11_Check       dht11.o
    0x0800028c   0x0800028c   0x00000040   Code   RO          437    i.DHT11_Init        dht11.o
    0x080002cc   0x080002cc   0x00000038   Code   RO          438    i.DHT11_Mode        dht11.o
    0x08000304   0x08000304   0x0000005c   Code   RO          439    i.DHT11_Read_Bit    dht11.o
    0x08000360   0x08000360   0x0000001e   Code   RO          440    i.DHT11_Read_Byte   dht11.o
    0x0800037e   0x0800037e   0x00000058   Code   RO          441    i.DHT11_Read_Data   dht11.o
    0x080003d6   0x080003d6   0x00000002   PAD
    0x080003d8   0x080003d8   0x00000030   Code   RO          442    i.DHT11_Rst         dht11.o
    0x08000408   0x08000408   0x00000002   Code   RO            2    i.DebugMon_Handler  stm32f10x_it.o
    0x0800040a   0x0800040a   0x00000116   Code   RO          962    i.GPIO_Init         stm32f10x_gpio.o
    0x08000520   0x08000520   0x00000012   Code   RO          966    i.GPIO_ReadInputDataBit  stm32f10x_gpio.o
    0x08000532   0x08000532   0x00000004   Code   RO          969    i.GPIO_ResetBits    stm32f10x_gpio.o
    0x08000536   0x08000536   0x00000004   Code   RO          970    i.GPIO_SetBits      stm32f10x_gpio.o
    0x0800053a   0x0800053a   0x00000004   Code   RO            3    i.HardFault_Handler  stm32f10x_it.o
    0x0800053e   0x0800053e   0x00000010   Code   RO          256    i.IIC_delay         oled.o
    0x0800054e   0x0800054e   0x00000002   PAD
    0x08000550   0x08000550   0x00000034   Code   RO          514    i.LED_Init          led.o
    0x08000584   0x08000584   0x00000014   Code   RO          515    i.LED_Off           led.o
    0x08000598   0x08000598   0x00000014   Code   RO          485    i.LED_SetBrightness  motor.o
    0x080005ac   0x080005ac   0x00000004   Code   RO            4    i.MemManage_Handler  stm32f10x_it.o
    0x080005b0   0x080005b0   0x00000002   Code   RO            5    i.NMI_Handler       stm32f10x_it.o
    0x080005b2   0x080005b2   0x00000002   PAD
    0x080005b4   0x080005b4   0x00000070   Code   RO          740    i.NVIC_Init         misc.o
    0x08000624   0x08000624   0x00000014   Code   RO          741    i.NVIC_PriorityGroupConfig  misc.o
    0x08000638   0x08000638   0x00000030   Code   RO          257    i.OLED_Clear        oled.o
    0x08000668   0x08000668   0x00000078   Code   RO          264    i.OLED_DrawPoint    oled.o
    0x080006e0   0x080006e0   0x0000003c   Code   RO          265    i.OLED_I2C_Start    oled.o
    0x0800071c   0x0800071c   0x0000002c   Code   RO          266    i.OLED_I2C_Stop     oled.o
    0x08000748   0x08000748   0x00000034   Code   RO          267    i.OLED_I2C_WaitAck  oled.o
    0x0800077c   0x0800077c   0x0000012c   Code   RO          268    i.OLED_Init         oled.o
    0x080008a8   0x080008a8   0x00000016   Code   RO          269    i.OLED_Pow          oled.o
    0x080008be   0x080008be   0x00000002   PAD
    0x080008c0   0x080008c0   0x00000068   Code   RO          270    i.OLED_Refresh      oled.o
    0x08000928   0x08000928   0x00000054   Code   RO          272    i.OLED_Send_Byte    oled.o
    0x0800097c   0x0800097c   0x00000140   Code   RO          273    i.OLED_ShowChar     oled.o
    0x08000abc   0x08000abc   0x00000108   Code   RO          274    i.OLED_ShowChinese  oled.o
    0x08000bc4   0x08000bc4   0x00000094   Code   RO          275    i.OLED_ShowNum      oled.o
    0x08000c58   0x08000c58   0x0000004e   Code   RO          277    i.OLED_ShowString   oled.o
    0x08000ca6   0x08000ca6   0x00000038   Code   RO          278    i.OLED_WR_Byte      oled.o
    0x08000cde   0x08000cde   0x00000002   Code   RO            6    i.PendSV_Handler    stm32f10x_it.o
    0x08000ce0   0x08000ce0   0x00000020   Code   RO         1072    i.RCC_APB1PeriphClockCmd  stm32f10x_rcc.o
    0x08000d00   0x08000d00   0x00000020   Code   RO         1074    i.RCC_APB2PeriphClockCmd  stm32f10x_rcc.o
    0x08000d20   0x08000d20   0x000000d4   Code   RO         1082    i.RCC_GetClocksFreq  stm32f10x_rcc.o
    0x08000df4   0x08000df4   0x00000002   Code   RO            7    i.SVC_Handler       stm32f10x_it.o
    0x08000df6   0x08000df6   0x00000008   Code   RO          152    i.SetSysClock       system_stm32f10x.o
    0x08000dfe   0x08000dfe   0x00000002   PAD
    0x08000e00   0x08000e00   0x000000e0   Code   RO          153    i.SetSysClockTo72   system_stm32f10x.o
    0x08000ee0   0x08000ee0   0x00000028   Code   RO          744    i.SysTick_CLKSourceConfig  misc.o
    0x08000f08   0x08000f08   0x00000002   Code   RO            8    i.SysTick_Handler   stm32f10x_it.o
    0x08000f0a   0x08000f0a   0x00000002   PAD
    0x08000f0c   0x08000f0c   0x00000060   Code   RO          155    i.SystemInit        system_stm32f10x.o
    0x08000f6c   0x08000f6c   0x000000a8   Code   RO          695    i.TIM1_Int_Init     timer.o
    0x08001014   0x08001014   0x00000020   Code   RO          696    i.TIM1_UP_IRQHandler  timer.o
    0x08001034   0x08001034   0x00000006   Code   RO         1502    i.TIM_ClearFlag     stm32f10x_tim.o
    0x0800103a   0x0800103a   0x00000006   Code   RO         1503    i.TIM_ClearITPendingBit  stm32f10x_tim.o
    0x08001040   0x08001040   0x00000018   Code   RO         1508    i.TIM_Cmd           stm32f10x_tim.o
    0x08001058   0x08001058   0x0000001e   Code   RO         1510    i.TIM_CtrlPWMOutputs  stm32f10x_tim.o
    0x08001076   0x08001076   0x00000022   Code   RO         1529    i.TIM_GetITStatus   stm32f10x_tim.o
    0x08001098   0x08001098   0x00000012   Code   RO         1533    i.TIM_ITConfig      stm32f10x_tim.o
    0x080010aa   0x080010aa   0x00000004   Code   RO         1570    i.TIM_SetCompare2   stm32f10x_tim.o
    0x080010ae   0x080010ae   0x00000002   PAD
    0x080010b0   0x080010b0   0x000000a4   Code   RO         1579    i.TIM_TimeBaseInit  stm32f10x_tim.o
    0x08001154   0x08001154   0x000000a4   Code   RO          576    i.USART1_Config     usart.o
    0x080011f8   0x080011f8   0x00000024   Code   RO          577    i.USART1_IRQHandler  usart.o
    0x0800121c   0x0800121c   0x000000a8   Code   RO          664    i.USART2_Config     usart2.o
    0x080012c4   0x080012c4   0x00000028   Code   RO          665    i.USART2_IRQHandler  usart2.o
    0x080012ec   0x080012ec   0x00000018   Code   RO          780    i.USART_Cmd         stm32f10x_usart.o
    0x08001304   0x08001304   0x0000001a   Code   RO          783    i.USART_GetFlagStatus  stm32f10x_usart.o
    0x0800131e   0x0800131e   0x00000054   Code   RO          784    i.USART_GetITStatus  stm32f10x_usart.o
    0x08001372   0x08001372   0x0000004a   Code   RO          786    i.USART_ITConfig    stm32f10x_usart.o
    0x080013bc   0x080013bc   0x000000d8   Code   RO          787    i.USART_Init        stm32f10x_usart.o
    0x08001494   0x08001494   0x0000000a   Code   RO          794    i.USART_ReceiveData  stm32f10x_usart.o
    0x0800149e   0x0800149e   0x00000008   Code   RO          797    i.USART_SendData    stm32f10x_usart.o
    0x080014a6   0x080014a6   0x00000004   Code   RO            9    i.UsageFault_Handler  stm32f10x_it.o
    0x080014aa   0x080014aa   0x00000002   PAD
    0x080014ac   0x080014ac   0x00000020   Code   RO         2675    i.__0printf$8       mc_w.l(printf8.o)
    0x080014cc   0x080014cc   0x0000000e   Code   RO         2813    i.__scatterload_copy  mc_w.l(handlers.o)
    0x080014da   0x080014da   0x00000002   Code   RO         2814    i.__scatterload_null  mc_w.l(handlers.o)
    0x080014dc   0x080014dc   0x0000000e   Code   RO         2815    i.__scatterload_zeroinit  mc_w.l(handlers.o)
    0x080014ea   0x080014ea   0x00000002   PAD
    0x080014ec   0x080014ec   0x00000410   Code   RO         2682    i._printf_core      mc_w.l(printf8.o)
    0x080018fc   0x080018fc   0x00000024   Code   RO         2683    i._printf_post_padding  mc_w.l(printf8.o)
    0x08001920   0x08001920   0x0000002e   Code   RO         2684    i._printf_pre_padding  mc_w.l(printf8.o)
    0x0800194e   0x0800194e   0x00000028   Code   RO         2106    i.calculateDynamicBitPartLen  gizwits_protocol.o
    0x08001976   0x08001976   0x00000002   PAD
    0x08001978   0x08001978   0x0000003c   Code   RO          550    i.delay_init        delay.o
    0x080019b4   0x080019b4   0x0000003c   Code   RO          551    i.delay_ms          delay.o
    0x080019f0   0x080019f0   0x0000003c   Code   RO          552    i.delay_us          delay.o
    0x08001a2c   0x08001a2c   0x0000001a   Code   RO         2272    i.exchangeBytes     common.o
    0x08001a46   0x08001a46   0x0000001a   Code   RO         2273    i.exchangeWord      common.o
    0x08001a60   0x08001a60   0x00000024   Code   RO          582    i.fputc             usart.o
    0x08001a84   0x08001a84   0x00000050   Code   RO         2729    i.free              mc_w.l(malloc.o)
    0x08001ad4   0x08001ad4   0x0000002a   Code   RO         2341    i.gizAcrossByteJudge  datapointtools.o
    0x08001afe   0x08001afe   0x00000032   Code   RO         2342    i.gizByteOrderExchange  datapointtools.o
    0x08001b30   0x08001b30   0x0000012c   Code   RO         2107    i.gizCheckReport    gizwits_protocol.o
    0x08001c5c   0x08001c5c   0x0000009c   Code   RO         2108    i.gizDataPoint2Event  gizwits_protocol.o
    0x08001cf8   0x08001cf8   0x0000011c   Code   RO         2109    i.gizDataPoints2ReportData  gizwits_protocol.o
    0x08001e14   0x08001e14   0x000000e8   Code   RO         2110    i.gizDevReportPolicy  gizwits_protocol.o
    0x08001efc   0x08001efc   0x0000000c   Code   RO         2041    i.gizGetTimerCount  gizwits_product.o
    0x08001f08   0x08001f08   0x0000008c   Code   RO         2111    i.gizProtocolAckHandle  gizwits_protocol.o
    0x08001f94   0x08001f94   0x000000a0   Code   RO         2112    i.gizProtocolCommonAck  gizwits_protocol.o
    0x08002034   0x08002034   0x000000a4   Code   RO         2113    i.gizProtocolErrorCmd  gizwits_protocol.o
    0x080020d8   0x080020d8   0x0000017c   Code   RO         2114    i.gizProtocolGetDeviceInfo  gizwits_protocol.o
    0x08002254   0x08002254   0x000001fc   Code   RO         2115    i.gizProtocolGetOnePacket  gizwits_protocol.o
    0x08002450   0x08002450   0x00000050   Code   RO         2116    i.gizProtocolHeadInit  gizwits_protocol.o
    0x080024a0   0x080024a0   0x00000140   Code   RO         2117    i.gizProtocolIssuedDataAck  gizwits_protocol.o
    0x080025e0   0x080025e0   0x00000170   Code   RO         2118    i.gizProtocolIssuedProcess  gizwits_protocol.o
    0x08002750   0x08002750   0x0000005c   Code   RO         2119    i.gizProtocolModuleInfoHandle  gizwits_protocol.o
    0x080027ac   0x080027ac   0x00000504   Code   RO         2120    i.gizProtocolModuleStatus  gizwits_protocol.o
    0x08002cb0   0x08002cb0   0x0000008c   Code   RO         2121    i.gizProtocolNTP    gizwits_protocol.o
    0x08002d3c   0x08002d3c   0x0000001c   Code   RO         2122    i.gizProtocolReboot  gizwits_protocol.o
    0x08002d58   0x08002d58   0x0000007c   Code   RO         2123    i.gizProtocolResendData  gizwits_protocol.o
    0x08002dd4   0x08002dd4   0x00000026   Code   RO         2275    i.gizProtocolSum    common.o
    0x08002dfa   0x08002dfa   0x00000002   PAD
    0x08002dfc   0x08002dfc   0x00000064   Code   RO         2124    i.gizProtocolWaitAck  gizwits_protocol.o
    0x08002e60   0x08002e60   0x00000048   Code   RO         2125    i.gizProtocolWaitAckCheck  gizwits_protocol.o
    0x08002ea8   0x08002ea8   0x00000074   Code   RO         2126    i.gizPutData        gizwits_protocol.o
    0x08002f1c   0x08002f1c   0x000000f4   Code   RO         2127    i.gizReportData     gizwits_protocol.o
    0x08003010   0x08003010   0x00000010   Code   RO         2042    i.gizTimerMs        gizwits_product.o
    0x08003020   0x08003020   0x0000007c   Code   RO         2345    i.gizVarlenCompressValue  datapointtools.o
    0x0800309c   0x0800309c   0x000000c4   Code   RO         2346    i.gizVarlenDecompressionValue  datapointtools.o
    0x08003160   0x08003160   0x0000000e   Code   RO         2349    i.gizY2X            datapointtools.o
    0x0800316e   0x0800316e   0x00000002   PAD
    0x08003170   0x08003170   0x00000180   Code   RO         2043    i.gizwitsEventProcess  gizwits_product.o
    0x080032f0   0x080032f0   0x0000031c   Code   RO         2130    i.gizwitsHandle     gizwits_protocol.o
    0x0800360c   0x0800360c   0x00000064   Code   RO         2131    i.gizwitsInit       gizwits_protocol.o
    0x08003670   0x08003670   0x00000270   Code   RO         2133    i.gizwitsSetMode    gizwits_protocol.o
    0x080038e0   0x080038e0   0x00000108   Code   RO          186    i.main              main.o
    0x080039e8   0x080039e8   0x00000030   Code   RO         2044    i.mcuRestart        gizwits_product.o
    0x08003a18   0x08003a18   0x00000038   Code   RO         2407    i.rbCanRead         ringbuffer.o
    0x08003a50   0x08003a50   0x0000001e   Code   RO         2408    i.rbCanWrite        ringbuffer.o
    0x08003a6e   0x08003a6e   0x0000000e   Code   RO         2409    i.rbCapacity        ringbuffer.o
    0x08003a7c   0x08003a7c   0x00000016   Code   RO         2410    i.rbCreate          ringbuffer.o
    0x08003a92   0x08003a92   0x000000a2   Code   RO         2412    i.rbRead            ringbuffer.o
    0x08003b34   0x08003b34   0x0000009a   Code   RO         2413    i.rbWrite           ringbuffer.o
    0x08003bce   0x08003bce   0x00000002   PAD
    0x08003bd0   0x08003bd0   0x00000058   Code   RO         2045    i.uartWrite         gizwits_product.o
    0x08003c28   0x08003c28   0x00000020   Code   RO         2046    i.userHandle        gizwits_product.o
    0x08003c48   0x08003c48   0x00000020   Code   RO         2047    i.userInit          gizwits_product.o
    0x08003c68   0x08003c68   0x00001d10   Data   RO          280    .constdata          oled.o
    0x08005978   0x08005978   0x00000020   Data   RO         2811    Region$$Table       anon$$obj.o


    Execution Region RW_IRAM1 (Exec base: 0x20000000, Load base: 0x08005998, Size: 0x000008b8, Max: 0x00005000, ABSOLUTE)

    Exec Addr    Load Addr    Size         Type   Attr      Idx    E Section Name        Object

    0x20000000   0x08005998   0x00000004   Data   RW          187    .data               main.o
    0x20000004   0x0800599c   0x00000004   Data   RW          553    .data               delay.o
    0x20000008   0x080059a0   0x00000001   Data   RW          584    .data               usart.o
    0x20000009   0x080059a1   0x00000014   Data   RW         1102    .data               stm32f10x_rcc.o
    0x2000001d   0x080059b5   0x00000003   PAD
    0x20000020   0x080059b8   0x00000004   Data   RW         2049    .data               gizwits_product.o
    0x20000024   0x080059bc   0x00000010   Data   RW         2135    .data               gizwits_protocol.o
    0x20000034   0x080059cc   0x00000004   Data   RW         2781    .data               mc_w.l(stdout.o)
    0x20000038   0x080059d0   0x00000004   Data   RW         2786    .data               mc_w.l(mvars.o)
    0x2000003c        -       0x00000480   Zero   RW          279    .bss                oled.o
    0x200004bc        -       0x00000009   Zero   RW         2048    .bss                gizwits_product.o
    0x200004c5   0x080059d4   0x00000003   PAD
    0x200004c8        -       0x000001f0   Zero   RW         2134    .bss                gizwits_protocol.o
    0x200006b8        -       0x00000200   Zero   RW          733    STACK               startup_stm32f10x_md.o


==============================================================================

Image component sizes


      Code (inc. data)   RO Data    RW Data    ZI Data      Debug   Object Name

        90          0          0          0          0       1992   common.o
       426          0          0          0          0       4256   datapointtools.o
       180         16          0          4          0       1687   delay.o
       470         24          0          0          0       4249   dht11.o
       612        222          0          4          9      19828   gizwits_product.o
      6852       2214          0         16        496      19475   gizwits_protocol.o
        72         10          0          0          0        889   led.o
       264         46          0          4          0       9814   main.o
       172         22          0          0          0       1985   misc.o
        20          6          0          0          0        504   motor.o
      1716         76       7440          0       1152     214176   oled.o
       438          0          0          0          0       3904   ringbuffer.o
        28          4        236          0        512        772   startup_stm32f10x_md.o
       304          0          0          0          0       3568   stm32f10x_gpio.o
        26          0          0          0          0     253158   stm32f10x_it.o
       276         32          0         20          0       4350   stm32f10x_rcc.o
       286         42          0          0          0       5013   stm32f10x_tim.o
       442          6          0          0          0       6021   stm32f10x_usart.o
         0          0          0          0          0         32   sys.o
       328         28          0          0          0       1729   system_stm32f10x.o
       200         16          0          0          0       1189   timer.o
       236         24          0          1          0       4020   usart.o
       208         16          0          0          0       1120   usart2.o

    ----------------------------------------------------------------------
     13672       2804       7708         52       2172     563731   Object Totals
         0          0         32          0          0          0   (incl. Generated)
        26          0          0          3          3          0   (incl. Padding)

    ----------------------------------------------------------------------

      Code (inc. data)   RO Data    RW Data    ZI Data      Debug   Library Member Name

         0          0          0          0          0          0   entry.o
         0          0          0          0          0          0   entry10a.o
         0          0          0          0          0          0   entry11a.o
         8          4          0          0          0          0   entry2.o
         4          0          0          0          0          0   entry5.o
         0          0          0          0          0          0   entry7b.o
         0          0          0          0          0          0   entry8b.o
         8          4          0          0          0          0   entry9a.o
        30          0          0          0          0          0   handlers.o
        36          8          0          0          0         68   init.o
        30          0          0          0          0         68   llshl.o
        32          0          0          0          0         68   llushr.o
        80          4          0          0          0         76   malloc.o
        36          0          0          0          0         68   memcpya.o
        36          0          0          0          0        108   memseta.o
         0          0          0          4          0          0   mvars.o
      1154         54          0          0          0        352   printf8.o
         0          0          0          4          0          0   stdout.o
        98          0          0          0          0         92   uldiv.o

    ----------------------------------------------------------------------
      1556         74          0          8          0        900   Library Totals
         4          0          0          0          0          0   (incl. Padding)

    ----------------------------------------------------------------------

      Code (inc. data)   RO Data    RW Data    ZI Data      Debug   Library Name

      1552         74          0          8          0        900   mc_w.l

    ----------------------------------------------------------------------
      1556         74          0          8          0        900   Library Totals

    ----------------------------------------------------------------------

==============================================================================


      Code (inc. data)   RO Data    RW Data    ZI Data      Debug   

     15228       2878       7708         60       2172     558387   Grand Totals
     15228       2878       7708         60       2172     558387   ELF Image Totals
     15228       2878       7708         60          0          0   ROM Totals

==============================================================================

    Total RO  Size (Code + RO Data)                22936 (  22.40kB)
    Total RW  Size (RW Data + ZI Data)              2232 (   2.18kB)
    Total ROM Size (Code + RO Data + RW Data)      22996 (  22.46kB)

==============================================================================

