<html>
<body>
<pre>
<h1>µVision Build Log</h1>
<h2>Tool Versions:</h2>
IDE-Version: ¶ÃVision V5.24.2.0
Copyright (C) 2017 ARM Ltd and ARM Germany GmbH. All rights reserved.
License Information: 1 19565848469@139.com, 1, LIC=76F5U-SIIRY-KPQZY-IH7W1-XPR1W-JJZ2Q
 
Tool Versions:
Toolchain:       MDK-ARM Plus  Version: 5.24.1
Toolchain Path:  D:\Keil\core\ARM\ARMCC\Bin
C Compiler:      Armcc.exe V5.06 update 5 (build 528)
Assembler:       Armasm.exe V5.06 update 5 (build 528)
Linker/Locator:  ArmLink.exe V5.06 update 5 (build 528)
Library Manager: ArmAr.exe V5.06 update 5 (build 528)
Hex Converter:   FromElf.exe V5.06 update 5 (build 528)
CPU DLL:         SARMCM3.DLL V5.24.1
Dialog DLL:      DCM.DLL V1.16.0.0
Target DLL:      STLink\ST-LINKIII-KEIL_SWO.dll V3.0.1.0
Dialog DLL:      TCM.DLL V1.32.0.0
 
<h2>Project:</h2>
C:\Users\19565\Desktop\≤‚ ‘\02-BH1750\USER\STM32_CGMCU.uvprojx
Project File Date:  05/11/2025

<h2>Output:</h2>
*** Using Compiler 'V5.06 update 5 (build 528)', folder: 'D:\Keil\core\ARM\ARMCC\Bin'
Rebuild target 'DHT11'
compiling stm32f10x_it.c...
assembling startup_stm32f10x_md.s...
compiling BH1750.c...
compiling OLED.c...
compiling delay.c...
compiling stm32f10x_usart.c...
compiling core_cm3.c...
compiling system_stm32f10x.c...
compiling misc.c...
compiling led.c...
compiling usart.c...
compiling main.c...
main.c(56): warning:  #167-D: argument of type "u8 *" is incompatible with parameter of type "char *"
  		OLED_ShowString(1,10,buff);
main.c: 1 warning, 0 errors
compiling stm32f10x_gpio.c...
compiling stm32f10x_rcc.c...
compiling sys.c...
linking...
Program Size: Code=4484 RO-data=2876 RW-data=32 ZI-data=544  
".\Objects\STM32_CGMCU.axf" - 0 Error(s), 1 Warning(s).

<h2>Software Packages used:</h2>

Package Vendor: Keil
                http://www.keil.com/pack/Keil.STM32F1xx_DFP.2.2.0.pack
                Keil.STM32F1xx_DFP.2.2.0
                STMicroelectronics STM32F1 Series Device Support, Drivers and Examples

<h2>Collection of Component include folders:</h2>
  .\RTE\_DHT11
  D:\Keil\pack\Keil\STM32F1xx_DFP\2.2.0\Device\Include

<h2>Collection of Component Files used:</h2>
Build Time Elapsed:  00:00:02
</pre>
</body>
</html>
