Component: ARM Compiler 5.06 update 5 (build 528) Tool: armlink [4d35e2]

==============================================================================

Section Cross References

    system_stm32f10x.o(i.SetSysClock) refers to system_stm32f10x.o(i.SetSysClockTo72) for SetSysClockTo72
    system_stm32f10x.o(i.SystemCoreClockUpdate) refers to system_stm32f10x.o(.data) for SystemCoreClock
    system_stm32f10x.o(i.SystemInit) refers to system_stm32f10x.o(i.SetSysClock) for SetSysClock
    main.o(i.USART1_IRQHandler) refers to stm32f10x_usart.o(i.USART_GetITStatus) for USART_GetITStatus
    main.o(i.USART1_IRQHandler) refers to stm32f10x_usart.o(i.USART_ReceiveData) for USART_ReceiveData
    main.o(i.USART1_IRQHandler) refers to stm32f10x_usart.o(i.USART_ClearITPendingBit) for USART_ClearITPendingBit
    main.o(i.USART1_IRQHandler) refers to serial.o(i.Serial_GetRxData) for Serial_GetRxData
    main.o(i.USART1_IRQHandler) refers to led.o(i.LED_On) for LED_On
    main.o(i.USART1_IRQHandler) refers to led.o(i.LED_Off) for LED_Off
    main.o(i.USART1_IRQHandler) refers to stm32f10x_gpio.o(i.GPIO_SetBits) for GPIO_SetBits
    main.o(i.USART1_IRQHandler) refers to stm32f10x_gpio.o(i.GPIO_ResetBits) for GPIO_ResetBits
    main.o(i.USART1_IRQHandler) refers to main.o(.data) for Serial_RxData
    main.o(i.main) refers to system_stm32f10x.o(i.SystemInit) for SystemInit
    main.o(i.main) refers to delay.o(i.delay_init) for delay_init
    main.o(i.main) refers to led.o(i.LED_Init) for LED_Init
    main.o(i.main) refers to serial.o(i.Serial_Init) for Serial_Init
    main.o(i.main) refers to usart2.o(i.USART2_Config) for USART2_Config
    main.o(i.main) refers to ad.o(i.AD_Init) for AD_Init
    main.o(i.main) refers to timer.o(i.TIM3_Int_Init) for TIM3_Int_Init
    main.o(i.main) refers to oled.o(i.OLED_Init) for OLED_Init
    main.o(i.main) refers to delay.o(i.delay_ms) for delay_ms
    main.o(i.main) refers to oled.o(i.OLED_ShowString) for OLED_ShowString
    main.o(i.main) refers to gizwits_product.o(i.userInit) for userInit
    main.o(i.main) refers to gizwits_protocol.o(i.gizwitsInit) for gizwitsInit
    main.o(i.main) refers to gizwits_protocol.o(i.gizwitsSetMode) for gizwitsSetMode
    main.o(i.main) refers to dht11.o(i.DHT_Get_Temp_Humi_Data) for DHT_Get_Temp_Humi_Data
    main.o(i.main) refers to oled.o(i.OLED_ShowNum) for OLED_ShowNum
    main.o(i.main) refers to ad.o(i.Get_Light_Percentage_value) for Get_Light_Percentage_value
    main.o(i.main) refers to ad.o(i.Get_MQ135_Percentage_value) for Get_MQ135_Percentage_value
    main.o(i.main) refers to gizwits_product.o(i.userHandle) for userHandle
    main.o(i.main) refers to gizwits_protocol.o(i.gizwitsHandle) for gizwitsHandle
    main.o(i.main) refers to main.o(.data) for DHT_Buffer
    main.o(i.main) refers to gizwits_product.o(.bss) for currentDataPoint
    led.o(i.LED_Init) refers to stm32f10x_rcc.o(i.RCC_APB2PeriphClockCmd) for RCC_APB2PeriphClockCmd
    led.o(i.LED_Init) refers to stm32f10x_gpio.o(i.GPIO_Init) for GPIO_Init
    led.o(i.LED_Init) refers to stm32f10x_gpio.o(i.GPIO_SetBits) for GPIO_SetBits
    led.o(i.LED_Off) refers to stm32f10x_gpio.o(i.GPIO_SetBits) for GPIO_SetBits
    led.o(i.LED_On) refers to stm32f10x_gpio.o(i.GPIO_ResetBits) for GPIO_ResetBits
    led.o(i.humi_off) refers to stm32f10x_gpio.o(i.GPIO_ResetBits) for GPIO_ResetBits
    led.o(i.humi_on) refers to stm32f10x_gpio.o(i.GPIO_SetBits) for GPIO_SetBits
    led.o(i.motor_off) refers to stm32f10x_gpio.o(i.GPIO_ResetBits) for GPIO_ResetBits
    led.o(i.motor_on) refers to stm32f10x_gpio.o(i.GPIO_SetBits) for GPIO_SetBits
    serial.o(i.Serial_GetRxData) refers to main.o(.data) for Serial_RxData
    serial.o(i.Serial_GetRxFlag) refers to main.o(.data) for Serial_RxFlag
    serial.o(i.Serial_Init) refers to stm32f10x_rcc.o(i.RCC_APB2PeriphClockCmd) for RCC_APB2PeriphClockCmd
    serial.o(i.Serial_Init) refers to stm32f10x_gpio.o(i.GPIO_Init) for GPIO_Init
    serial.o(i.Serial_Init) refers to stm32f10x_usart.o(i.USART_Init) for USART_Init
    serial.o(i.Serial_Init) refers to stm32f10x_usart.o(i.USART_ITConfig) for USART_ITConfig
    serial.o(i.Serial_Init) refers to misc.o(i.NVIC_PriorityGroupConfig) for NVIC_PriorityGroupConfig
    serial.o(i.Serial_Init) refers to misc.o(i.NVIC_Init) for NVIC_Init
    serial.o(i.Serial_Init) refers to stm32f10x_usart.o(i.USART_Cmd) for USART_Cmd
    serial.o(i.Serial_Printf) refers to printfa.o(i.__0vsprintf) for vsprintf
    serial.o(i.Serial_Printf) refers to serial.o(i.Serial_SendString) for Serial_SendString
    serial.o(i.Serial_SendArray) refers to serial.o(i.Serial_SendByte) for Serial_SendByte
    serial.o(i.Serial_SendByte) refers to stm32f10x_usart.o(i.USART_SendData) for USART_SendData
    serial.o(i.Serial_SendByte) refers to stm32f10x_usart.o(i.USART_GetFlagStatus) for USART_GetFlagStatus
    serial.o(i.Serial_SendNumber) refers to serial.o(i.Serial_Pow) for Serial_Pow
[...]
    Removing stm32f10x_tim.o(i.TIM_ForcedOC2Config), (26 bytes).
    Removing stm32f10x_tim.o(i.TIM_ForcedOC3Config), (18 bytes).
    Removing stm32f10x_tim.o(i.TIM_ForcedOC4Config), (26 bytes).
    Removing stm32f10x_tim.o(i.TIM_GenerateEvent), (4 bytes).
    Removing stm32f10x_tim.o(i.TIM_GetCapture1), (6 bytes).
    Removing stm32f10x_tim.o(i.TIM_GetCapture2), (6 bytes).
    Removing stm32f10x_tim.o(i.TIM_GetCapture3), (6 bytes).
    Removing stm32f10x_tim.o(i.TIM_GetCapture4), (8 bytes).
    Removing stm32f10x_tim.o(i.TIM_GetCounter), (6 bytes).
    Removing stm32f10x_tim.o(i.TIM_GetFlagStatus), (18 bytes).
    Removing stm32f10x_tim.o(i.TIM_GetPrescaler), (6 bytes).
    Removing stm32f10x_tim.o(i.TIM_ICInit), (172 bytes).
    Removing stm32f10x_tim.o(i.TIM_ICStructInit), (18 bytes).
    Removing stm32f10x_tim.o(i.TIM_ITRxExternalClockConfig), (24 bytes).
    Removing stm32f10x_tim.o(i.TIM_InternalClockConfig), (12 bytes).
    Removing stm32f10x_tim.o(i.TIM_OC1FastConfig), (18 bytes).
    Removing stm32f10x_tim.o(i.TIM_OC1Init), (152 bytes).
    Removing stm32f10x_tim.o(i.TIM_OC1NPolarityConfig), (18 bytes).
    Removing stm32f10x_tim.o(i.TIM_OC1PolarityConfig), (18 bytes).
    Removing stm32f10x_tim.o(i.TIM_OC1PreloadConfig), (18 bytes).
    Removing stm32f10x_tim.o(i.TIM_OC2FastConfig), (26 bytes).
    Removing stm32f10x_tim.o(i.TIM_OC2Init), (164 bytes).
    Removing stm32f10x_tim.o(i.TIM_OC2NPolarityConfig), (26 bytes).
    Removing stm32f10x_tim.o(i.TIM_OC2PolarityConfig), (26 bytes).
    Removing stm32f10x_tim.o(i.TIM_OC2PreloadConfig), (26 bytes).
    Removing stm32f10x_tim.o(i.TIM_OC3FastConfig), (18 bytes).
    Removing stm32f10x_tim.o(i.TIM_OC3Init), (160 bytes).
    Removing stm32f10x_tim.o(i.TIM_OC3NPolarityConfig), (26 bytes).
    Removing stm32f10x_tim.o(i.TIM_OC3PolarityConfig), (26 bytes).
    Removing stm32f10x_tim.o(i.TIM_OC3PreloadConfig), (18 bytes).
    Removing stm32f10x_tim.o(i.TIM_OC4FastConfig), (26 bytes).
    Removing stm32f10x_tim.o(i.TIM_OC4Init), (124 bytes).
    Removing stm32f10x_tim.o(i.TIM_OC4PolarityConfig), (26 bytes).
    Removing stm32f10x_tim.o(i.TIM_OC4PreloadConfig), (26 bytes).
    Removing stm32f10x_tim.o(i.TIM_OCStructInit), (20 bytes).
    Removing stm32f10x_tim.o(i.TIM_PWMIConfig), (124 bytes).
    Removing stm32f10x_tim.o(i.TIM_PrescalerConfig), (6 bytes).
    Removing stm32f10x_tim.o(i.TIM_SelectCCDMA), (24 bytes).
    Removing stm32f10x_tim.o(i.TIM_SelectCOM), (24 bytes).
    Removing stm32f10x_tim.o(i.TIM_SelectHallSensor), (24 bytes).
    Removing stm32f10x_tim.o(i.TIM_SelectInputTrigger), (18 bytes).
    Removing stm32f10x_tim.o(i.TIM_SelectMasterSlaveMode), (18 bytes).
    Removing stm32f10x_tim.o(i.TIM_SelectOCxM), (82 bytes).
    Removing stm32f10x_tim.o(i.TIM_SelectOnePulseMode), (18 bytes).
    Removing stm32f10x_tim.o(i.TIM_SelectOutputTrigger), (18 bytes).
    Removing stm32f10x_tim.o(i.TIM_SelectSlaveMode), (18 bytes).
    Removing stm32f10x_tim.o(i.TIM_SetAutoreload), (4 bytes).
    Removing stm32f10x_tim.o(i.TIM_SetClockDivision), (18 bytes).
    Removing stm32f10x_tim.o(i.TIM_SetCompare1), (4 bytes).
    Removing stm32f10x_tim.o(i.TIM_SetCompare2), (4 bytes).
    Removing stm32f10x_tim.o(i.TIM_SetCompare3), (4 bytes).
    Removing stm32f10x_tim.o(i.TIM_SetCompare4), (6 bytes).
    Removing stm32f10x_tim.o(i.TIM_SetCounter), (4 bytes).
    Removing stm32f10x_tim.o(i.TIM_SetIC1Prescaler), (18 bytes).
    Removing stm32f10x_tim.o(i.TIM_SetIC2Prescaler), (26 bytes).
    Removing stm32f10x_tim.o(i.TIM_SetIC3Prescaler), (18 bytes).
    Removing stm32f10x_tim.o(i.TIM_SetIC4Prescaler), (26 bytes).
    Removing stm32f10x_tim.o(i.TIM_TIxExternalClockConfig), (62 bytes).
    Removing stm32f10x_tim.o(i.TIM_TimeBaseStructInit), (18 bytes).
    Removing stm32f10x_tim.o(i.TIM_UpdateDisableConfig), (24 bytes).
    Removing stm32f10x_tim.o(i.TIM_UpdateRequestConfig), (24 bytes).
    Removing stm32f10x_dma.o(i.DMA_ClearFlag), (28 bytes).
    Removing stm32f10x_dma.o(i.DMA_ClearITPendingBit), (28 bytes).
    Removing stm32f10x_dma.o(i.DMA_DeInit), (332 bytes).
    Removing stm32f10x_dma.o(i.DMA_GetCurrDataCounter), (8 bytes).
    Removing stm32f10x_dma.o(i.DMA_GetFlagStatus), (44 bytes).
    Removing stm32f10x_dma.o(i.DMA_GetITStatus), (44 bytes).
    Removing stm32f10x_dma.o(i.DMA_ITConfig), (18 bytes).
    Removing stm32f10x_dma.o(i.DMA_SetCurrDataCounter), (4 bytes).
    Removing stm32f10x_dma.o(i.DMA_StructInit), (26 bytes).
    Removing gizwits_product.o(i.TIMER_IRQ_FUN), (8 bytes).
    Removing gizwits_product.o(i.UART_IRQ_FUN), (16 bytes).
    Removing gizwits_protocol.o(i.gizwitsGetModuleInfo), (132 bytes).
    Removing gizwits_protocol.o(i.gizwitsGetNTP), (128 bytes).
    Removing gizwits_protocol.o(i.gizwitsPassthroughData), (236 bytes).
    Removing common.o(i.char2hex), (106 bytes).
    Removing common.o(i.checkStringIsNotZero), (46 bytes).
    Removing common.o(i.get_yeardays), (24 bytes).
    Removing common.o(i.hex2Str), (82 bytes).
    Removing common.o(i.isleap), (52 bytes).
    Removing common.o(i.returnNtp2Wt), (284 bytes).
    Removing common.o(i.returnWeekDay), (156 bytes).
    Removing common.o(i.str2Hex), (80 bytes).
    Removing common.o(.constdata), (48 bytes).
    Removing datapointtools.o(i.gizStandardCompressValue), (128 bytes).
    Removing datapointtools.o(i.gizStandardDecompressionValue), (194 bytes).
    Removing datapointtools.o(i.gizX2Y), (12 bytes).
    Removing datapointtools.o(i.gizX2YFloat), (42 bytes).
    Removing datapointtools.o(i.gizY2XFloat), (42 bytes).
    Removing ringbuffer.o(i.rbDelete), (24 bytes).
    Removing fadd.o(.text), (176 bytes).
    Removing ffltui.o(.text), (10 bytes).
    Removing ffixui.o(.text), (40 bytes).

226 unused section(s) (total 9511 bytes) removed from the image.

==============================================================================

Image Symbol Table

    Local Symbols

    Symbol Name                              Value     Ov Type        Size  Object(Section)

    ../clib/microlib/ctype/toupper.c         0x00000000   Number         0  toupper.o ABSOLUTE
    ../clib/microlib/division.c              0x00000000   Number         0  uidiv.o ABSOLUTE
    ../clib/microlib/division.c              0x00000000   Number         0  uldiv.o ABSOLUTE
    ../clib/microlib/init/entry.s            0x00000000   Number         0  entry9a.o ABSOLUTE
    ../clib/microlib/init/entry.s            0x00000000   Number         0  entry10b.o ABSOLUTE
    ../clib/microlib/init/entry.s            0x00000000   Number         0  entry9b.o ABSOLUTE
    ../clib/microlib/init/entry.s            0x00000000   Number         0  entry8a.o ABSOLUTE
    ../clib/microlib/init/entry.s            0x00000000   Number         0  entry.o ABSOLUTE
    ../clib/microlib/init/entry.s            0x00000000   Number         0  entry10a.o ABSOLUTE
    ../clib/microlib/init/entry.s            0x00000000   Number         0  entry8b.o ABSOLUTE
    ../clib/microlib/init/entry.s            0x00000000   Number         0  entry2.o ABSOLUTE
    ../clib/microlib/init/entry.s            0x00000000   Number         0  entry11a.o ABSOLUTE
    ../clib/microlib/init/entry.s            0x00000000   Number         0  entry11b.o ABSOLUTE
    ../clib/microlib/init/entry.s            0x00000000   Number         0  entry7a.o ABSOLUTE
    ../clib/microlib/init/entry.s            0x00000000   Number         0  entry7b.o ABSOLUTE
    ../clib/microlib/init/entry.s            0x00000000   Number         0  entry5.o ABSOLUTE
    ../clib/microlib/longlong.c              0x00000000   Number         0  llshl.o ABSOLUTE
    ../clib/microlib/longlong.c              0x00000000   Number         0  llsshr.o ABSOLUTE
    ../clib/microlib/longlong.c              0x00000000   Number         0  llushr.o ABSOLUTE
    ../clib/microlib/malloc/malloc.c         0x00000000   Number         0  mallocr.o ABSOLUTE
    ../clib/microlib/malloc/malloc.c         0x00000000   Number         0  malloca.o ABSOLUTE
    ../clib/microlib/malloc/malloc.c         0x00000000   Number         0  mallocra.o ABSOLUTE
    ../clib/microlib/malloc/malloc.c         0x00000000   Number         0  malloc.o ABSOLUTE
    ../clib/microlib/malloc/mvars.c          0x00000000   Number         0  mvars.o ABSOLUTE
    ../clib/microlib/printf/printf.c         0x00000000   Number         0  printf8.o ABSOLUTE
    ../clib/microlib/printf/printf.c         0x00000000   Number         0  printfa.o ABSOLUTE
    ../clib/microlib/printf/printf.c         0x00000000   Number         0  printf0.o ABSOLUTE
    ../clib/microlib/printf/printf.c         0x00000000   Number         0  printf7.o ABSOLUTE
    ../clib/microlib/printf/printf.c         0x00000000   Number         0  printf5.o ABSOLUTE
    ../clib/microlib/printf/printf.c         0x00000000   Number         0  printf4.o ABSOLUTE
    ../clib/microlib/printf/printf.c         0x00000000   Number         0  printf3.o ABSOLUTE
    ../clib/microlib/printf/printf.c         0x00000000   Number         0  printf2.o ABSOLUTE
    ../clib/microlib/printf/printf.c         0x00000000   Number         0  printf1.o ABSOLUTE
    ../clib/microlib/printf/printf.c         0x00000000   Number         0  printf6.o ABSOLUTE
    ../clib/microlib/printf/printf.c         0x00000000   Number         0  printfb.o ABSOLUTE
    ../clib/microlib/printf/stubs.s          0x00000000   Number         0  stubs.o ABSOLUTE
    ../clib/microlib/stdio/streams.c         0x00000000   Number         0  stdout.o ABSOLUTE
    ../clib/microlib/string/memcpy.c         0x00000000   Number         0  memcpya.o ABSOLUTE
    ../clib/microlib/string/memcpy.c         0x00000000   Number         0  memcpyb.o ABSOLUTE
    ../clib/microlib/string/memset.c         0x00000000   Number         0  memseta.o ABSOLUTE
    ../clib/microlib/string/strlen.c         0x00000000   Number         0  strlen.o ABSOLUTE
    ../clib/microlib/stubs.s                 0x00000000   Number         0  iusefp.o ABSOLUTE
    ../fplib/microlib/fpadd.c                0x00000000   Number         0  fadd.o ABSOLUTE
    ../fplib/microlib/fpadd.c                0x00000000   Number         0  dadd.o ABSOLUTE
    ../fplib/microlib/fpdiv.c                0x00000000   Number         0  fdiv.o ABSOLUTE
    ../fplib/microlib/fpdiv.c                0x00000000   Number         0  ddiv.o ABSOLUTE
    ../fplib/microlib/fpepilogue.c           0x00000000   Number         0  fepilogue.o ABSOLUTE
    ../fplib/microlib/fpepilogue.c           0x00000000   Number         0  depilogue.o ABSOLUTE
    ../fplib/microlib/fpfix.c                0x00000000   Number         0  ffixi.o ABSOLUTE
    ../fplib/microlib/fpfix.c                0x00000000   Number         0  ffixui.o ABSOLUTE
    ../fplib/microlib/fpfix.c                0x00000000   Number         0  dfixul.o ABSOLUTE
    ../fplib/microlib/fpflt.c                0x00000000   Number         0  ffltui.o ABSOLUTE
    ../fplib/microlib/fpflt.c                0x00000000   Number         0  fflti.o ABSOLUTE
    ../fplib/microlib/fpmul.c                0x00000000   Number         0  fmul.o ABSOLUTE
    ../fplib/microlib/fpmul.c                0x00000000   Number         0  dmul.o ABSOLUTE
    ..\CORE\core_cm3.c                       0x00000000   Number         0  core_cm3.o ABSOLUTE
    ..\CORE\startup_stm32f10x_md.s           0x00000000   Number         0  startup_stm32f10x_md.o ABSOLUTE
    ..\Gizwits\gizwits_product.c             0x00000000   Number         0  gizwits_product.o ABSOLUTE
    ..\Gizwits\gizwits_protocol.c            0x00000000   Number         0  gizwits_protocol.o ABSOLUTE
    ..\HARDWARE\AD\AD.c                      0x00000000   Number         0  ad.o ABSOLUTE
    ..\HARDWARE\DHT11\DHT11.c                0x00000000   Number         0  dht11.o ABSOLUTE
    ..\HARDWARE\LED\led.c                    0x00000000   Number         0  led.o ABSOLUTE
    ..\HARDWARE\LED\serial.c                 0x00000000   Number         0  serial.o ABSOLUTE
    ..\HARDWARE\OLED\OLED.c                  0x00000000   Number         0  oled.o ABSOLUTE
    ..\STM32F10x_FWLib\src\misc.c            0x00000000   Number         0  misc.o ABSOLUTE
    ..\STM32F10x_FWLib\src\stm32f10x_adc.c   0x00000000   Number         0  stm32f10x_adc.o ABSOLUTE
    ..\STM32F10x_FWLib\src\stm32f10x_dma.c   0x00000000   Number         0  stm32f10x_dma.o ABSOLUTE
    ..\STM32F10x_FWLib\src\stm32f10x_gpio.c  0x00000000   Number         0  stm32f10x_gpio.o ABSOLUTE
    ..\STM32F10x_FWLib\src\stm32f10x_rcc.c   0x00000000   Number         0  stm32f10x_rcc.o ABSOLUTE
    ..\STM32F10x_FWLib\src\stm32f10x_tim.c   0x00000000   Number         0  stm32f10x_tim.o ABSOLUTE
    ..\STM32F10x_FWLib\src\stm32f10x_usart.c 0x00000000   Number         0  stm32f10x_usart.o ABSOLUTE
    ..\SYSTEM\Timer\timer.c                  0x00000000   Number         0  timer.o ABSOLUTE
    ..\SYSTEM\delay\delay.c                  0x00000000   Number         0  delay.o ABSOLUTE
    ..\SYSTEM\sys\sys.c                      0x00000000   Number         0  sys.o ABSOLUTE
    ..\SYSTEM\usart2\usart2.c                0x00000000   Number         0  usart2.o ABSOLUTE
    ..\Utils\common.c                        0x00000000   Number         0  common.o ABSOLUTE
    ..\Utils\dataPointTools.c                0x00000000   Number         0  datapointtools.o ABSOLUTE
    ..\Utils\ringbuffer.c                    0x00000000   Number         0  ringbuffer.o ABSOLUTE
    ..\\CORE\\core_cm3.c                     0x00000000   Number         0  core_cm3.o ABSOLUTE
    ..\\SYSTEM\\sys\\sys.c                   0x00000000   Number         0  sys.o ABSOLUTE
    cdrcmple.s                               0x00000000   Number         0  cdrcmple.o ABSOLUTE
    dc.s                                     0x00000000   Number         0  dc.o ABSOLUTE
    handlers.s                               0x00000000   Number         0  handlers.o ABSOLUTE
    init.s                                   0x00000000   Number         0  init.o ABSOLUTE
    main.c                                   0x00000000   Number         0  main.o ABSOLUTE
    stm32f10x_it.c                           0x00000000   Number         0  stm32f10x_it.o ABSOLUTE
    system_stm32f10x.c                       0x00000000   Number         0  system_stm32f10x.o ABSOLUTE
    RESET                                    0x08000000   Section      236  startup_stm32f10x_md.o(RESET)
    .ARM.Collect$$$$00000000                 0x080000ec   Section        0  entry.o(.ARM.Collect$$$$00000000)
    .ARM.Collect$$$$00000001                 0x080000ec   Section        4  entry2.o(.ARM.Collect$$$$00000001)
    .ARM.Collect$$$$00000004                 0x080000f0   Section        4  entry5.o(.ARM.Collect$$$$00000004)
    .ARM.Collect$$$$00000008                 0x080000f4   Section        0  entry7b.o(.ARM.Collect$$$$00000008)
    .ARM.Collect$$$$0000000A                 0x080000f4   Section        0  entry8b.o(.ARM.Collect$$$$0000000A)
    .ARM.Collect$$$$0000000B                 0x080000f4   Section        8  entry9a.o(.ARM.Collect$$$$0000000B)
    .ARM.Collect$$$$0000000D                 0x080000fc   Section        0  entry10a.o(.ARM.Collect$$$$0000000D)
    .ARM.Collect$$$$0000000F                 0x080000fc   Section        0  entry11a.o(.ARM.Collect$$$$0000000F)
    .ARM.Collect$$$$00002712                 0x080000fc   Section        4  entry2.o(.ARM.Collect$$$$00002712)
    __lit__00000000                          0x080000fc   Data           4  entry2.o(.ARM.Collect$$$$00002712)
    .text                                    0x08000100   Section       28  startup_stm32f10x_md.o(.text)
    .text                                    0x0800011c   Section        0  memcpya.o(.text)
    .text                                    0x08000140   Section        0  memseta.o(.text)
    .text                                    0x08000164   Section        0  fmul.o(.text)
    .text                                    0x080001c8   Section        0  fdiv.o(.text)
    .text                                    0x08000244   Section        0  fflti.o(.text)
    .text                                    0x08000256   Section        0  ffixi.o(.text)
    .text                                    0x08000288   Section        0  uidiv.o(.text)
    .text                                    0x080002b4   Section        0  uldiv.o(.text)
    .text                                    0x08000316   Section        0  fepilogue.o(.text)
    .text                                    0x08000316   Section        0  iusefp.o(.text)
    .text                                    0x08000384   Section        0  dadd.o(.text)
    .text                                    0x080004d2   Section        0  dmul.o(.text)
    .text                                    0x080005b6   Section        0  ddiv.o(.text)
    .text                                    0x08000694   Section        0  dfixul.o(.text)
    .text                                    0x080006c4   Section       48  cdrcmple.o(.text)
    .text                                    0x080006f4   Section       36  init.o(.text)
    .text                                    0x08000718   Section        0  llshl.o(.text)
    .text                                    0x08000736   Section        0  llushr.o(.text)
    .text                                    0x08000756   Section        0  llsshr.o(.text)
    .text                                    0x0800077a   Section        0  depilogue.o(.text)
    i.ADC_Cmd                                0x08000834   Section        0  stm32f10x_adc.o(i.ADC_Cmd)
    i.ADC_DMACmd                             0x0800084a   Section        0  stm32f10x_adc.o(i.ADC_DMACmd)
    i.ADC_GetCalibrationStatus               0x08000860   Section        0  stm32f10x_adc.o(i.ADC_GetCalibrationStatus)
    i.ADC_GetResetCalibrationStatus          0x08000874   Section        0  stm32f10x_adc.o(i.ADC_GetResetCalibrationStatus)
    i.ADC_Init                               0x08000888   Section        0  stm32f10x_adc.o(i.ADC_Init)
    i.ADC_RegularChannelConfig               0x080008d8   Section        0  stm32f10x_adc.o(i.ADC_RegularChannelConfig)
    i.ADC_ResetCalibration                   0x08000990   Section        0  stm32f10x_adc.o(i.ADC_ResetCalibration)
    i.ADC_SoftwareStartConvCmd               0x0800099a   Section        0  stm32f10x_adc.o(i.ADC_SoftwareStartConvCmd)
    i.ADC_StartCalibration                   0x080009b0   Section        0  stm32f10x_adc.o(i.ADC_StartCalibration)
    i.AD_Init                                0x080009bc   Section        0  ad.o(i.AD_Init)
    i.BusFault_Handler                       0x08000ae8   Section        0  stm32f10x_it.o(i.BusFault_Handler)
    i.DHT_GPIO_Init                          0x08000aec   Section        0  dht11.o(i.DHT_GPIO_Init)
    i.DHT_Get_Byte_Data                      0x08000b24   Section        0  dht11.o(i.DHT_Get_Byte_Data)
    i.DHT_Get_Temp_Humi_Data                 0x08000b78   Section        0  dht11.o(i.DHT_Get_Temp_Humi_Data)
    i.DHT_Start                              0x08000bbc   Section        0  dht11.o(i.DHT_Start)
    i.DMA_Cmd                                0x08000c24   Section        0  stm32f10x_dma.o(i.DMA_Cmd)
    i.DMA_Init                               0x08000c3c   Section        0  stm32f10x_dma.o(i.DMA_Init)
    i.DebugMon_Handler                       0x08000c78   Section        0  stm32f10x_it.o(i.DebugMon_Handler)
    i.GPIO_Init                              0x08000c7a   Section        0  stm32f10x_gpio.o(i.GPIO_Init)
    i.GPIO_ReadInputDataBit                  0x08000d90   Section        0  stm32f10x_gpio.o(i.GPIO_ReadInputDataBit)
    i.GPIO_ResetBits                         0x08000da2   Section        0  stm32f10x_gpio.o(i.GPIO_ResetBits)
    i.GPIO_SetBits                           0x08000da6   Section        0  stm32f10x_gpio.o(i.GPIO_SetBits)
    i.GPIO_WriteBit                          0x08000daa   Section        0  stm32f10x_gpio.o(i.GPIO_WriteBit)
    i.Get_Light_Percentage_value             0x08000db4   Section        0  ad.o(i.Get_Light_Percentage_value)
    i.Get_MQ135_Percentage_value             0x08000e14   Section        0  ad.o(i.Get_MQ135_Percentage_value)
    i.HardFault_Handler                      0x08000e74   Section        0  stm32f10x_it.o(i.HardFault_Handler)
    i.LED_Init                               0x08000e78   Section        0  led.o(i.LED_Init)
    i.LED_Off                                0x08000ed0   Section        0  led.o(i.LED_Off)
    i.LED_On                                 0x08000ee0   Section        0  led.o(i.LED_On)
    i.MemManage_Handler                      0x08000ef0   Section        0  stm32f10x_it.o(i.MemManage_Handler)
    i.NMI_Handler                            0x08000ef4   Section        0  stm32f10x_it.o(i.NMI_Handler)
    i.NVIC_Init                              0x08000ef8   Section        0  misc.o(i.NVIC_Init)
    i.NVIC_PriorityGroupConfig               0x08000f68   Section        0  misc.o(i.NVIC_PriorityGroupConfig)
    i.OLED_Clear                             0x08000f7c   Section        0  oled.o(i.OLED_Clear)
    i.OLED_I2C_Init                          0x08000fa8   Section        0  oled.o(i.OLED_I2C_Init)
    i.OLED_I2C_SendByte                      0x08000ff8   Section        0  oled.o(i.OLED_I2C_SendByte)
    i.OLED_I2C_Start                         0x0800104c   Section        0  oled.o(i.OLED_I2C_Start)
    i.OLED_I2C_Stop                          0x08001080   Section        0  oled.o(i.OLED_I2C_Stop)
    i.OLED_Init                              0x080010a8   Section        0  oled.o(i.OLED_Init)
    i.OLED_Pow                               0x08001156   Section        0  oled.o(i.OLED_Pow)
    i.OLED_SetCursor                         0x0800116a   Section        0  oled.o(i.OLED_SetCursor)
    i.OLED_ShowChar                          0x0800118c   Section        0  oled.o(i.OLED_ShowChar)
    i.OLED_ShowNum                           0x08001200   Section        0  oled.o(i.OLED_ShowNum)
    i.OLED_ShowString                        0x08001244   Section        0  oled.o(i.OLED_ShowString)
    i.OLED_WriteCommand                      0x0800126c   Section        0  oled.o(i.OLED_WriteCommand)
    i.OLED_WriteData                         0x0800128c   Section        0  oled.o(i.OLED_WriteData)
    i.PendSV_Handler                         0x080012ac   Section        0  stm32f10x_it.o(i.PendSV_Handler)
    i.RCC_ADCCLKConfig                       0x080012b0   Section        0  stm32f10x_rcc.o(i.RCC_ADCCLKConfig)
    i.RCC_AHBPeriphClockCmd                  0x080012c8   Section        0  stm32f10x_rcc.o(i.RCC_AHBPeriphClockCmd)
    i.RCC_APB1PeriphClockCmd                 0x080012e8   Section        0  stm32f10x_rcc.o(i.RCC_APB1PeriphClockCmd)
    i.RCC_APB2PeriphClockCmd                 0x08001308   Section        0  stm32f10x_rcc.o(i.RCC_APB2PeriphClockCmd)
    i.RCC_GetClocksFreq                      0x08001328   Section        0  stm32f10x_rcc.o(i.RCC_GetClocksFreq)
    i.SVC_Handler                            0x080013fc   Section        0  stm32f10x_it.o(i.SVC_Handler)
    i.Serial_GetRxData                       0x08001400   Section        0  serial.o(i.Serial_GetRxData)
    i.Serial_Init                            0x0800140c   Section        0  serial.o(i.Serial_Init)
    i.Serial_SendByte                        0x080014c4   Section        0  serial.o(i.Serial_SendByte)
    i.SetSysClock                            0x080014e4   Section        0  system_stm32f10x.o(i.SetSysClock)
    SetSysClock                              0x080014e5   Thumb Code     8  system_stm32f10x.o(i.SetSysClock)
    i.SetSysClockTo72                        0x080014ec   Section        0  system_stm32f10x.o(i.SetSysClockTo72)
    SetSysClockTo72                          0x080014ed   Thumb Code   214  system_stm32f10x.o(i.SetSysClockTo72)
    i.SysTick_CLKSourceConfig                0x080015cc   Section        0  misc.o(i.SysTick_CLKSourceConfig)
    i.SysTick_Handler                        0x080015f4   Section        0  stm32f10x_it.o(i.SysTick_Handler)
    i.SystemInit                             0x080015f8   Section        0  system_stm32f10x.o(i.SystemInit)
    i.TIM3_IRQHandler                        0x08001658   Section        0  timer.o(i.TIM3_IRQHandler)
    i.TIM3_Int_Init                          0x08001678   Section        0  timer.o(i.TIM3_Int_Init)
    i.TIM_ClearFlag                          0x080016ec   Section        0  stm32f10x_tim.o(i.TIM_ClearFlag)
    i.TIM_ClearITPendingBit                  0x080016f2   Section        0  stm32f10x_tim.o(i.TIM_ClearITPendingBit)
    i.TIM_Cmd                                0x080016f8   Section        0  stm32f10x_tim.o(i.TIM_Cmd)
    i.TIM_GetITStatus                        0x08001710   Section        0  stm32f10x_tim.o(i.TIM_GetITStatus)
    i.TIM_ITConfig                           0x08001732   Section        0  stm32f10x_tim.o(i.TIM_ITConfig)
    i.TIM_TimeBaseInit                       0x08001744   Section        0  stm32f10x_tim.o(i.TIM_TimeBaseInit)
    i.USART1_IRQHandler                      0x080017e8   Section        0  main.o(i.USART1_IRQHandler)
    i.USART2_Config                          0x08001888   Section        0  usart2.o(i.USART2_Config)
    i.USART2_IRQHandler                      0x08001930   Section        0  usart2.o(i.USART2_IRQHandler)
    i.USART_ClearITPendingBit                0x08001958   Section        0  stm32f10x_usart.o(i.USART_ClearITPendingBit)
    i.USART_Cmd                              0x08001976   Section        0  stm32f10x_usart.o(i.USART_Cmd)
    i.USART_GetFlagStatus                    0x0800198e   Section        0  stm32f10x_usart.o(i.USART_GetFlagStatus)
    i.USART_GetITStatus                      0x080019a8   Section        0  stm32f10x_usart.o(i.USART_GetITStatus)
    i.USART_ITConfig                         0x080019fc   Section        0  stm32f10x_usart.o(i.USART_ITConfig)
    i.USART_Init                             0x08001a48   Section        0  stm32f10x_usart.o(i.USART_Init)
    i.USART_ReceiveData                      0x08001b20   Section        0  stm32f10x_usart.o(i.USART_ReceiveData)
    i.USART_SendData                         0x08001b2a   Section        0  stm32f10x_usart.o(i.USART_SendData)
    i.UsageFault_Handler                     0x08001b32   Section        0  stm32f10x_it.o(i.UsageFault_Handler)
    i.__0printf                              0x08001b38   Section        0  printfa.o(i.__0printf)
    i.__scatterload_copy                     0x08001b58   Section       14  handlers.o(i.__scatterload_copy)
    i.__scatterload_null                     0x08001b66   Section        2  handlers.o(i.__scatterload_null)
    i.__scatterload_zeroinit                 0x08001b68   Section       14  handlers.o(i.__scatterload_zeroinit)
    i._fp_digits                             0x08001b78   Section        0  printfa.o(i._fp_digits)
    _fp_digits                               0x08001b79   Thumb Code   366  printfa.o(i._fp_digits)
    i._printf_core                           0x08001cfc   Section        0  printfa.o(i._printf_core)
    _printf_core                             0x08001cfd   Thumb Code  1744  printfa.o(i._printf_core)
    i._printf_post_padding                   0x080023d8   Section        0  printfa.o(i._printf_post_padding)
    _printf_post_padding                     0x080023d9   Thumb Code    36  printfa.o(i._printf_post_padding)
    i._printf_pre_padding                    0x080023fc   Section        0  printfa.o(i._printf_pre_padding)
    _printf_pre_padding                      0x080023fd   Thumb Code    46  printfa.o(i._printf_pre_padding)
    i.calculateDynamicBitPartLen             0x0800242a   Section        0  gizwits_protocol.o(i.calculateDynamicBitPartLen)
    i.delay_init                             0x0800245c   Section        0  delay.o(i.delay_init)
    i.delay_ms                               0x08002498   Section        0  delay.o(i.delay_ms)
    i.delay_us                               0x080024d4   Section        0  delay.o(i.delay_us)
    i.exchangeBytes                          0x08002510   Section        0  common.o(i.exchangeBytes)
    i.exchangeWord                           0x0800252a   Section        0  common.o(i.exchangeWord)
    i.fputc                                  0x08002544   Section        0  serial.o(i.fputc)
    i.free                                   0x08002554   Section        0  malloc.o(i.free)
    i.gizAcrossByteJudge                     0x080025a4   Section        0  datapointtools.o(i.gizAcrossByteJudge)
    i.gizByteOrderExchange                   0x080025ce   Section        0  datapointtools.o(i.gizByteOrderExchange)
    i.gizCheckReport                         0x08002600   Section        0  gizwits_protocol.o(i.gizCheckReport)
    gizCheckReport                           0x08002601   Thumb Code   328  gizwits_protocol.o(i.gizCheckReport)
    i.gizDataPoint2Event                     0x0800280c   Section        0  gizwits_protocol.o(i.gizDataPoint2Event)
    gizDataPoint2Event                       0x0800280d   Thumb Code   164  gizwits_protocol.o(i.gizDataPoint2Event)
    i.gizDataPoints2ReportData               0x080028dc   Section        0  gizwits_protocol.o(i.gizDataPoints2ReportData)
    gizDataPoints2ReportData                 0x080028dd   Thumb Code   344  gizwits_protocol.o(i.gizDataPoints2ReportData)
    i.gizDevReportPolicy                     0x08002a68   Section        0  gizwits_protocol.o(i.gizDevReportPolicy)
    gizDevReportPolicy                       0x08002a69   Thumb Code   160  gizwits_protocol.o(i.gizDevReportPolicy)
    i.gizGetTimerCount                       0x08002b48   Section        0  gizwits_product.o(i.gizGetTimerCount)
    i.gizProtocolAckHandle                   0x08002b54   Section        0  gizwits_protocol.o(i.gizProtocolAckHandle)
    gizProtocolAckHandle                     0x08002b55   Thumb Code    94  gizwits_protocol.o(i.gizProtocolAckHandle)
    i.gizProtocolCommonAck                   0x08002be0   Section        0  gizwits_protocol.o(i.gizProtocolCommonAck)
    gizProtocolCommonAck                     0x08002be1   Thumb Code    86  gizwits_protocol.o(i.gizProtocolCommonAck)
    i.gizProtocolErrorCmd                    0x08002c80   Section        0  gizwits_protocol.o(i.gizProtocolErrorCmd)
    gizProtocolErrorCmd                      0x08002c81   Thumb Code    90  gizwits_protocol.o(i.gizProtocolErrorCmd)
    i.gizProtocolGetDeviceInfo               0x08002d24   Section        0  gizwits_protocol.o(i.gizProtocolGetDeviceInfo)
    gizProtocolGetDeviceInfo                 0x08002d25   Thumb Code   182  gizwits_protocol.o(i.gizProtocolGetDeviceInfo)
    i.gizProtocolGetOnePacket                0x08002ea0   Section        0  gizwits_protocol.o(i.gizProtocolGetOnePacket)
    gizProtocolGetOnePacket                  0x08002ea1   Thumb Code   380  gizwits_protocol.o(i.gizProtocolGetOnePacket)
    i.gizProtocolHeadInit                    0x0800309c   Section        0  gizwits_protocol.o(i.gizProtocolHeadInit)
    gizProtocolHeadInit                      0x0800309d   Thumb Code    34  gizwits_protocol.o(i.gizProtocolHeadInit)
    i.gizProtocolIssuedDataAck               0x080030ec   Section        0  gizwits_protocol.o(i.gizProtocolIssuedDataAck)
    gizProtocolIssuedDataAck                 0x080030ed   Thumb Code   226  gizwits_protocol.o(i.gizProtocolIssuedDataAck)
    i.gizProtocolIssuedProcess               0x08003228   Section        0  gizwits_protocol.o(i.gizProtocolIssuedProcess)
    gizProtocolIssuedProcess                 0x08003229   Thumb Code   244  gizwits_protocol.o(i.gizProtocolIssuedProcess)
    i.gizProtocolModuleInfoHandle            0x08003398   Section        0  gizwits_protocol.o(i.gizProtocolModuleInfoHandle)
    gizProtocolModuleInfoHandle              0x08003399   Thumb Code    66  gizwits_protocol.o(i.gizProtocolModuleInfoHandle)
    i.gizProtocolModuleStatus                0x080033f4   Section        0  gizwits_protocol.o(i.gizProtocolModuleStatus)
    gizProtocolModuleStatus                  0x080033f5   Thumb Code   816  gizwits_protocol.o(i.gizProtocolModuleStatus)
    i.gizProtocolNTP                         0x080038f8   Section        0  gizwits_protocol.o(i.gizProtocolNTP)
    gizProtocolNTP                           0x080038f9   Thumb Code   110  gizwits_protocol.o(i.gizProtocolNTP)
    i.gizProtocolReboot                      0x08003984   Section        0  gizwits_protocol.o(i.gizProtocolReboot)
    gizProtocolReboot                        0x08003985   Thumb Code    28  gizwits_protocol.o(i.gizProtocolReboot)
    i.gizProtocolResendData                  0x080039a0   Section        0  gizwits_protocol.o(i.gizProtocolResendData)
    gizProtocolResendData                    0x080039a1   Thumb Code    64  gizwits_protocol.o(i.gizProtocolResendData)
    i.gizProtocolSum                         0x08003a1c   Section        0  common.o(i.gizProtocolSum)
    i.gizProtocolWaitAck                     0x08003a44   Section        0  gizwits_protocol.o(i.gizProtocolWaitAck)
    gizProtocolWaitAck                       0x08003a45   Thumb Code    70  gizwits_protocol.o(i.gizProtocolWaitAck)
    i.gizProtocolWaitAckCheck                0x08003aa8   Section        0  gizwits_protocol.o(i.gizProtocolWaitAckCheck)
    gizProtocolWaitAckCheck                  0x08003aa9   Thumb Code    44  gizwits_protocol.o(i.gizProtocolWaitAckCheck)
    i.gizPutData                             0x08003af0   Section        0  gizwits_protocol.o(i.gizPutData)
    i.gizReportData                          0x08003b64   Section        0  gizwits_protocol.o(i.gizReportData)
    gizReportData                            0x08003b65   Thumb Code   170  gizwits_protocol.o(i.gizReportData)
    i.gizTimerMs                             0x08003c58   Section        0  gizwits_product.o(i.gizTimerMs)
    i.gizVarlenCompressValue                 0x08003c68   Section        0  datapointtools.o(i.gizVarlenCompressValue)
    i.gizVarlenDecompressionValue            0x08003ce4   Section        0  datapointtools.o(i.gizVarlenDecompressionValue)
    i.gizY2X                                 0x08003da8   Section        0  datapointtools.o(i.gizY2X)
    i.gizwitsEventProcess                    0x08003db8   Section        0  gizwits_product.o(i.gizwitsEventProcess)
    i.gizwitsHandle                          0x08003f74   Section        0  gizwits_protocol.o(i.gizwitsHandle)
    i.gizwitsInit                            0x08004290   Section        0  gizwits_protocol.o(i.gizwitsInit)
    i.gizwitsSetMode                         0x080042f4   Section        0  gizwits_protocol.o(i.gizwitsSetMode)
    i.humi_off                               0x08004564   Section        0  led.o(i.humi_off)
    i.humi_on                                0x08004574   Section        0  led.o(i.humi_on)
    i.main                                   0x08004584   Section        0  main.o(i.main)
    i.mcuRestart                             0x080046c4   Section        0  gizwits_product.o(i.mcuRestart)
    i.motor_off                              0x080046f4   Section        0  led.o(i.motor_off)
    i.motor_on                               0x08004704   Section        0  led.o(i.motor_on)
    i.rbCanRead                              0x08004714   Section        0  ringbuffer.o(i.rbCanRead)
    i.rbCanWrite                             0x0800474c   Section        0  ringbuffer.o(i.rbCanWrite)
    i.rbCapacity                             0x0800476a   Section        0  ringbuffer.o(i.rbCapacity)
    i.rbCreate                               0x08004778   Section        0  ringbuffer.o(i.rbCreate)
    i.rbRead                                 0x0800478e   Section        0  ringbuffer.o(i.rbRead)
    i.rbWrite                                0x08004830   Section        0  ringbuffer.o(i.rbWrite)
    i.uartWrite                              0x080048cc   Section        0  gizwits_product.o(i.uartWrite)
    i.userHandle                             0x08004924   Section        0  gizwits_product.o(i.userHandle)
    i.userInit                               0x08004960   Section        0  gizwits_product.o(i.userInit)
    .constdata                               0x08004988   Section     1520  oled.o(.constdata)
    .data                                    0x20000000   Section       10  main.o(.data)
    .data                                    0x2000000a   Section        8  ad.o(.data)
    .data                                    0x20000012   Section        4  delay.o(.data)
    fac_us                                   0x20000012   Data           1  delay.o(.data)
    fac_ms                                   0x20000014   Data           2  delay.o(.data)
    .data                                    0x20000016   Section       20  stm32f10x_rcc.o(.data)
    APBAHBPrescTable                         0x20000016   Data          16  stm32f10x_rcc.o(.data)
    ADCPrescTable                            0x20000026   Data           4  stm32f10x_rcc.o(.data)
    .data                                    0x2000002c   Section        4  gizwits_product.o(.data)
    timerMsCount                             0x2000002c   Data           4  gizwits_product.o(.data)
    .data                                    0x20000030   Section       16  gizwits_protocol.o(.data)
    lastReportTime                           0x20000030   Data           4  gizwits_protocol.o(.data)
    lastRepTime                              0x20000034   Data           4  gizwits_protocol.o(.data)
    protocolFlag                             0x20000038   Data           1  gizwits_protocol.o(.data)
    protocolCount                            0x2000003a   Data           2  gizwits_protocol.o(.data)
    lastData                                 0x2000003c   Data           1  gizwits_protocol.o(.data)
    debugCount                               0x2000003d   Data           1  gizwits_protocol.o(.data)
    lastStatus                               0x2000003e   Data           2  gizwits_protocol.o(.data)
    .data                                    0x20000040   Section        4  stdout.o(.data)
    .data                                    0x20000044   Section        4  mvars.o(.data)
    .bss                                     0x20000048   Section       18  gizwits_product.o(.bss)
    .bss                                     0x2000005c   Section      532  gizwits_protocol.o(.bss)
    rbBuf                                    0x20000200   Data         112  gizwits_protocol.o(.bss)
    STACK                                    0x20000270   Section      512  startup_stm32f10x_md.o(STACK)

    Global Symbols

    Symbol Name                              Value     Ov Type        Size  Object(Section)

    BuildAttributes$$THM_ISAv4$P$D$K$B$S$PE$A:L22UL41UL21$X:L11$S22US41US21$IEEE1$IW$USESV6$~STKCKD$USESV7$~SHL$OTIME$ROPI$EBA8$MICROLIB$REQ8$PRES8$EABIv2 0x00000000   Number         0  anon$$obj.o ABSOLUTE
    __ARM_use_no_argv                        0x00000000   Number         0  main.o ABSOLUTE
    _printf_a                                0x00000000   Number         0  stubs.o ABSOLUTE
    _printf_c                                0x00000000   Number         0  stubs.o ABSOLUTE
    _printf_charcount                        0x00000000   Number         0  stubs.o ABSOLUTE
    _printf_d                                0x00000000   Number         0  stubs.o ABSOLUTE
    _printf_e                                0x00000000   Number         0  stubs.o ABSOLUTE
    _printf_f                                0x00000000   Number         0  stubs.o ABSOLUTE
    _printf_flags                            0x00000000   Number         0  stubs.o ABSOLUTE
    _printf_fp_dec                           0x00000000   Number         0  stubs.o ABSOLUTE
    _printf_fp_hex                           0x00000000   Number         0  stubs.o ABSOLUTE
    _printf_g                                0x00000000   Number         0  stubs.o ABSOLUTE
    _printf_i                                0x00000000   Number         0  stubs.o ABSOLUTE
    _printf_int_dec                          0x00000000   Number         0  stubs.o ABSOLUTE
    _printf_l                                0x00000000   Number         0  stubs.o ABSOLUTE
    _printf_lc                               0x00000000   Number         0  stubs.o ABSOLUTE
    _printf_ll                               0x00000000   Number         0  stubs.o ABSOLUTE
    _printf_lld                              0x00000000   Number         0  stubs.o ABSOLUTE
    _printf_lli                              0x00000000   Number         0  stubs.o ABSOLUTE
    _printf_llo                              0x00000000   Number         0  stubs.o ABSOLUTE
    _printf_llu                              0x00000000   Number         0  stubs.o ABSOLUTE
    _printf_llx                              0x00000000   Number         0  stubs.o ABSOLUTE
    _printf_longlong_dec                     0x00000000   Number         0  stubs.o ABSOLUTE
    _printf_longlong_hex                     0x00000000   Number         0  stubs.o ABSOLUTE
    _printf_longlong_oct                     0x00000000   Number         0  stubs.o ABSOLUTE
    _printf_ls                               0x00000000   Number         0  stubs.o ABSOLUTE
    _printf_mbtowc                           0x00000000   Number         0  stubs.o ABSOLUTE
    _printf_n                                0x00000000   Number         0  stubs.o ABSOLUTE
    _printf_o                                0x00000000   Number         0  stubs.o ABSOLUTE
    _printf_p                                0x00000000   Number         0  stubs.o ABSOLUTE
    _printf_percent                          0x00000000   Number         0  stubs.o ABSOLUTE
    _printf_pre_padding                      0x00000000   Number         0  stubs.o ABSOLUTE
    _printf_return_value                     0x00000000   Number         0  stubs.o ABSOLUTE
    _printf_s                                0x00000000   Number         0  stubs.o ABSOLUTE
    _printf_sizespec                         0x00000000   Number         0  stubs.o ABSOLUTE
    _printf_str                              0x00000000   Number         0  stubs.o ABSOLUTE
    _printf_truncate_signed                  0x00000000   Number         0  stubs.o ABSOLUTE
    _printf_truncate_unsigned                0x00000000   Number         0  stubs.o ABSOLUTE
    _printf_u                                0x00000000   Number         0  stubs.o ABSOLUTE
    _printf_wc                               0x00000000   Number         0  stubs.o ABSOLUTE
    _printf_wctomb                           0x00000000   Number         0  stubs.o ABSOLUTE
    _printf_widthprec                        0x00000000   Number         0  stubs.o ABSOLUTE
    _printf_x                                0x00000000   Number         0  stubs.o ABSOLUTE
    __cpp_initialize__aeabi_                  - Undefined Weak Reference
    __cxa_finalize                            - Undefined Weak Reference
    __decompress                              - Undefined Weak Reference
    _clock_init                               - Undefined Weak Reference
    _microlib_exit                            - Undefined Weak Reference
    __Vectors_Size                           0x000000ec   Number         0  startup_stm32f10x_md.o ABSOLUTE
    __Vectors                                0x08000000   Data           4  startup_stm32f10x_md.o(RESET)
    __Vectors_End                            0x080000ec   Data           0  startup_stm32f10x_md.o(RESET)
    __main                                   0x080000ed   Thumb Code     0  entry.o(.ARM.Collect$$$$00000000)
    _main_stk                                0x080000ed   Thumb Code     0  entry2.o(.ARM.Collect$$$$00000001)
    _main_scatterload                        0x080000f1   Thumb Code     0  entry5.o(.ARM.Collect$$$$00000004)
    __main_after_scatterload                 0x080000f5   Thumb Code     0  entry5.o(.ARM.Collect$$$$00000004)
    _main_clock                              0x080000f5   Thumb Code     0  entry7b.o(.ARM.Collect$$$$00000008)
    _main_cpp_init                           0x080000f5   Thumb Code     0  entry8b.o(.ARM.Collect$$$$0000000A)
    _main_init                               0x080000f5   Thumb Code     0  entry9a.o(.ARM.Collect$$$$0000000B)
    __rt_final_cpp                           0x080000fd   Thumb Code     0  entry10a.o(.ARM.Collect$$$$0000000D)
    __rt_final_exit                          0x080000fd   Thumb Code     0  entry11a.o(.ARM.Collect$$$$0000000F)
    Reset_Handler                            0x08000101   Thumb Code     4  startup_stm32f10x_md.o(.text)
    ADC1_2_IRQHandler                        0x08000117   Thumb Code     0  startup_stm32f10x_md.o(.text)
    CAN1_RX1_IRQHandler                      0x08000117   Thumb Code     0  startup_stm32f10x_md.o(.text)
    CAN1_SCE_IRQHandler                      0x08000117   Thumb Code     0  startup_stm32f10x_md.o(.text)
    DMA1_Channel1_IRQHandler                 0x08000117   Thumb Code     0  startup_stm32f10x_md.o(.text)
    DMA1_Channel2_IRQHandler                 0x08000117   Thumb Code     0  startup_stm32f10x_md.o(.text)
    DMA1_Channel3_IRQHandler                 0x08000117   Thumb Code     0  startup_stm32f10x_md.o(.text)
    DMA1_Channel4_IRQHandler                 0x08000117   Thumb Code     0  startup_stm32f10x_md.o(.text)
    DMA1_Channel5_IRQHandler                 0x08000117   Thumb Code     0  startup_stm32f10x_md.o(.text)
    DMA1_Channel6_IRQHandler                 0x08000117   Thumb Code     0  startup_stm32f10x_md.o(.text)
    DMA1_Channel7_IRQHandler                 0x08000117   Thumb Code     0  startup_stm32f10x_md.o(.text)
    EXTI0_IRQHandler                         0x08000117   Thumb Code     0  startup_stm32f10x_md.o(.text)
    EXTI15_10_IRQHandler                     0x08000117   Thumb Code     0  startup_stm32f10x_md.o(.text)
    EXTI1_IRQHandler                         0x08000117   Thumb Code     0  startup_stm32f10x_md.o(.text)
    EXTI2_IRQHandler                         0x08000117   Thumb Code     0  startup_stm32f10x_md.o(.text)
    EXTI3_IRQHandler                         0x08000117   Thumb Code     0  startup_stm32f10x_md.o(.text)
    EXTI4_IRQHandler                         0x08000117   Thumb Code     0  startup_stm32f10x_md.o(.text)
    EXTI9_5_IRQHandler                       0x08000117   Thumb Code     0  startup_stm32f10x_md.o(.text)
    FLASH_IRQHandler                         0x08000117   Thumb Code     0  startup_stm32f10x_md.o(.text)
    I2C1_ER_IRQHandler                       0x08000117   Thumb Code     0  startup_stm32f10x_md.o(.text)
    I2C1_EV_IRQHandler                       0x08000117   Thumb Code     0  startup_stm32f10x_md.o(.text)
    I2C2_ER_IRQHandler                       0x08000117   Thumb Code     0  startup_stm32f10x_md.o(.text)
    I2C2_EV_IRQHandler                       0x08000117   Thumb Code     0  startup_stm32f10x_md.o(.text)
    PVD_IRQHandler                           0x08000117   Thumb Code     0  startup_stm32f10x_md.o(.text)
    RCC_IRQHandler                           0x08000117   Thumb Code     0  startup_stm32f10x_md.o(.text)
    RTCAlarm_IRQHandler                      0x08000117   Thumb Code     0  startup_stm32f10x_md.o(.text)
    RTC_IRQHandler                           0x08000117   Thumb Code     0  startup_stm32f10x_md.o(.text)
    SPI1_IRQHandler                          0x08000117   Thumb Code     0  startup_stm32f10x_md.o(.text)
    SPI2_IRQHandler                          0x08000117   Thumb Code     0  startup_stm32f10x_md.o(.text)
    TAMPER_IRQHandler                        0x08000117   Thumb Code     0  startup_stm32f10x_md.o(.text)
    TIM1_BRK_IRQHandler                      0x08000117   Thumb Code     0  startup_stm32f10x_md.o(.text)
    TIM1_CC_IRQHandler                       0x08000117   Thumb Code     0  startup_stm32f10x_md.o(.text)
    TIM1_TRG_COM_IRQHandler                  0x08000117   Thumb Code     0  startup_stm32f10x_md.o(.text)
    TIM1_UP_IRQHandler                       0x08000117   Thumb Code     0  startup_stm32f10x_md.o(.text)
    TIM2_IRQHandler                          0x08000117   Thumb Code     0  startup_stm32f10x_md.o(.text)
    TIM4_IRQHandler                          0x08000117   Thumb Code     0  startup_stm32f10x_md.o(.text)
    USART3_IRQHandler                        0x08000117   Thumb Code     0  startup_stm32f10x_md.o(.text)
    USBWakeUp_IRQHandler                     0x08000117   Thumb Code     0  startup_stm32f10x_md.o(.text)
    USB_HP_CAN1_TX_IRQHandler                0x08000117   Thumb Code     0  startup_stm32f10x_md.o(.text)
    USB_LP_CAN1_RX0_IRQHandler               0x08000117   Thumb Code     0  startup_stm32f10x_md.o(.text)
    WWDG_IRQHandler                          0x08000117   Thumb Code     0  startup_stm32f10x_md.o(.text)
    __aeabi_memcpy                           0x0800011d   Thumb Code    36  memcpya.o(.text)
    __aeabi_memcpy4                          0x0800011d   Thumb Code     0  memcpya.o(.text)
    __aeabi_memcpy8                          0x0800011d   Thumb Code     0  memcpya.o(.text)
    __aeabi_memset                           0x08000141   Thumb Code    14  memseta.o(.text)
    __aeabi_memset4                          0x08000141   Thumb Code     0  memseta.o(.text)
    __aeabi_memset8                          0x08000141   Thumb Code     0  memseta.o(.text)
    __aeabi_memclr                           0x0800014f   Thumb Code     4  memseta.o(.text)
    __aeabi_memclr4                          0x0800014f   Thumb Code     0  memseta.o(.text)
    __aeabi_memclr8                          0x0800014f   Thumb Code     0  memseta.o(.text)
    _memset$wrapper                          0x08000153   Thumb Code    18  memseta.o(.text)
    __aeabi_fmul                             0x08000165   Thumb Code   100  fmul.o(.text)
    __aeabi_fdiv                             0x080001c9   Thumb Code   124  fdiv.o(.text)
    __aeabi_i2f                              0x08000245   Thumb Code    18  fflti.o(.text)
    __aeabi_f2iz                             0x08000257   Thumb Code    50  ffixi.o(.text)
    __aeabi_uidiv                            0x08000289   Thumb Code     0  uidiv.o(.text)
    __aeabi_uidivmod                         0x08000289   Thumb Code    44  uidiv.o(.text)
    __aeabi_uldivmod                         0x080002b5   Thumb Code    98  uldiv.o(.text)
    __I$use$fp                               0x08000317   Thumb Code     0  iusefp.o(.text)
    _float_round                             0x08000317   Thumb Code    18  fepilogue.o(.text)
    _float_epilogue                          0x08000329   Thumb Code    92  fepilogue.o(.text)
    __aeabi_dadd                             0x08000385   Thumb Code   322  dadd.o(.text)
    __aeabi_dsub                             0x080004c7   Thumb Code     6  dadd.o(.text)
    __aeabi_drsub                            0x080004cd   Thumb Code     6  dadd.o(.text)
    __aeabi_dmul                             0x080004d3   Thumb Code   228  dmul.o(.text)
    __aeabi_ddiv                             0x080005b7   Thumb Code   222  ddiv.o(.text)
    __aeabi_d2ulz                            0x08000695   Thumb Code    48  dfixul.o(.text)
    __aeabi_cdrcmple                         0x080006c5   Thumb Code    48  cdrcmple.o(.text)
    __scatterload                            0x080006f5   Thumb Code    28  init.o(.text)
    __scatterload_rt2                        0x080006f5   Thumb Code     0  init.o(.text)
    __aeabi_llsl                             0x08000719   Thumb Code    30  llshl.o(.text)
    _ll_shift_l                              0x08000719   Thumb Code     0  llshl.o(.text)
    __aeabi_llsr                             0x08000737   Thumb Code    32  llushr.o(.text)
    _ll_ushift_r                             0x08000737   Thumb Code     0  llushr.o(.text)
    __aeabi_lasr                             0x08000757   Thumb Code    36  llsshr.o(.text)
    _ll_sshift_r                             0x08000757   Thumb Code     0  llsshr.o(.text)
    _double_round                            0x0800077b   Thumb Code    30  depilogue.o(.text)
    _double_epilogue                         0x08000799   Thumb Code   156  depilogue.o(.text)
    ADC_Cmd                                  0x08000835   Thumb Code    22  stm32f10x_adc.o(i.ADC_Cmd)
    ADC_DMACmd                               0x0800084b   Thumb Code    22  stm32f10x_adc.o(i.ADC_DMACmd)
    ADC_GetCalibrationStatus                 0x08000861   Thumb Code    20  stm32f10x_adc.o(i.ADC_GetCalibrationStatus)
    ADC_GetResetCalibrationStatus            0x08000875   Thumb Code    20  stm32f10x_adc.o(i.ADC_GetResetCalibrationStatus)
    ADC_Init                                 0x08000889   Thumb Code    70  stm32f10x_adc.o(i.ADC_Init)
    ADC_RegularChannelConfig                 0x080008d9   Thumb Code   184  stm32f10x_adc.o(i.ADC_RegularChannelConfig)
    ADC_ResetCalibration                     0x08000991   Thumb Code    10  stm32f10x_adc.o(i.ADC_ResetCalibration)
    ADC_SoftwareStartConvCmd                 0x0800099b   Thumb Code    22  stm32f10x_adc.o(i.ADC_SoftwareStartConvCmd)
    ADC_StartCalibration                     0x080009b1   Thumb Code    10  stm32f10x_adc.o(i.ADC_StartCalibration)
    AD_Init                                  0x080009bd   Thumb Code   278  ad.o(i.AD_Init)
    BusFault_Handler                         0x08000ae9   Thumb Code     4  stm32f10x_it.o(i.BusFault_Handler)
    DHT_GPIO_Init                            0x08000aed   Thumb Code    50  dht11.o(i.DHT_GPIO_Init)
    DHT_Get_Byte_Data                        0x08000b25   Thumb Code    80  dht11.o(i.DHT_Get_Byte_Data)
    DHT_Get_Temp_Humi_Data                   0x08000b79   Thumb Code    68  dht11.o(i.DHT_Get_Temp_Humi_Data)
    DHT_Start                                0x08000bbd   Thumb Code    98  dht11.o(i.DHT_Start)
    DMA_Cmd                                  0x08000c25   Thumb Code    24  stm32f10x_dma.o(i.DMA_Cmd)
    DMA_Init                                 0x08000c3d   Thumb Code    60  stm32f10x_dma.o(i.DMA_Init)
    DebugMon_Handler                         0x08000c79   Thumb Code     2  stm32f10x_it.o(i.DebugMon_Handler)
    GPIO_Init                                0x08000c7b   Thumb Code   278  stm32f10x_gpio.o(i.GPIO_Init)
    GPIO_ReadInputDataBit                    0x08000d91   Thumb Code    18  stm32f10x_gpio.o(i.GPIO_ReadInputDataBit)
    GPIO_ResetBits                           0x08000da3   Thumb Code     4  stm32f10x_gpio.o(i.GPIO_ResetBits)
    GPIO_SetBits                             0x08000da7   Thumb Code     4  stm32f10x_gpio.o(i.GPIO_SetBits)
    GPIO_WriteBit                            0x08000dab   Thumb Code    10  stm32f10x_gpio.o(i.GPIO_WriteBit)
    Get_Light_Percentage_value               0x08000db5   Thumb Code    86  ad.o(i.Get_Light_Percentage_value)
    Get_MQ135_Percentage_value               0x08000e15   Thumb Code    86  ad.o(i.Get_MQ135_Percentage_value)
    HardFault_Handler                        0x08000e75   Thumb Code     4  stm32f10x_it.o(i.HardFault_Handler)
    LED_Init                                 0x08000e79   Thumb Code    80  led.o(i.LED_Init)
    LED_Off                                  0x08000ed1   Thumb Code    12  led.o(i.LED_Off)
    LED_On                                   0x08000ee1   Thumb Code    12  led.o(i.LED_On)
    MemManage_Handler                        0x08000ef1   Thumb Code     4  stm32f10x_it.o(i.MemManage_Handler)
    NMI_Handler                              0x08000ef5   Thumb Code     2  stm32f10x_it.o(i.NMI_Handler)
    NVIC_Init                                0x08000ef9   Thumb Code   100  misc.o(i.NVIC_Init)
    NVIC_PriorityGroupConfig                 0x08000f69   Thumb Code    10  misc.o(i.NVIC_PriorityGroupConfig)
    OLED_Clear                               0x08000f7d   Thumb Code    42  oled.o(i.OLED_Clear)
    OLED_I2C_Init                            0x08000fa9   Thumb Code    76  oled.o(i.OLED_I2C_Init)
    OLED_I2C_SendByte                        0x08000ff9   Thumb Code    80  oled.o(i.OLED_I2C_SendByte)
    OLED_I2C_Start                           0x0800104d   Thumb Code    48  oled.o(i.OLED_I2C_Start)
    OLED_I2C_Stop                            0x08001081   Thumb Code    36  oled.o(i.OLED_I2C_Stop)
    OLED_Init                                0x080010a9   Thumb Code   174  oled.o(i.OLED_Init)
    OLED_Pow                                 0x08001157   Thumb Code    20  oled.o(i.OLED_Pow)
    OLED_SetCursor                           0x0800116b   Thumb Code    34  oled.o(i.OLED_SetCursor)
    OLED_ShowChar                            0x0800118d   Thumb Code   110  oled.o(i.OLED_ShowChar)
    OLED_ShowNum                             0x08001201   Thumb Code    68  oled.o(i.OLED_ShowNum)
    OLED_ShowString                          0x08001245   Thumb Code    40  oled.o(i.OLED_ShowString)
    OLED_WriteCommand                        0x0800126d   Thumb Code    32  oled.o(i.OLED_WriteCommand)
    OLED_WriteData                           0x0800128d   Thumb Code    32  oled.o(i.OLED_WriteData)
    PendSV_Handler                           0x080012ad   Thumb Code     2  stm32f10x_it.o(i.PendSV_Handler)
    RCC_ADCCLKConfig                         0x080012b1   Thumb Code    18  stm32f10x_rcc.o(i.RCC_ADCCLKConfig)
    RCC_AHBPeriphClockCmd                    0x080012c9   Thumb Code    26  stm32f10x_rcc.o(i.RCC_AHBPeriphClockCmd)
    RCC_APB1PeriphClockCmd                   0x080012e9   Thumb Code    26  stm32f10x_rcc.o(i.RCC_APB1PeriphClockCmd)
    RCC_APB2PeriphClockCmd                   0x08001309   Thumb Code    26  stm32f10x_rcc.o(i.RCC_APB2PeriphClockCmd)
    RCC_GetClocksFreq                        0x08001329   Thumb Code   192  stm32f10x_rcc.o(i.RCC_GetClocksFreq)
    SVC_Handler                              0x080013fd   Thumb Code     2  stm32f10x_it.o(i.SVC_Handler)
    Serial_GetRxData                         0x08001401   Thumb Code     6  serial.o(i.Serial_GetRxData)
    Serial_Init                              0x0800140d   Thumb Code   174  serial.o(i.Serial_Init)
    Serial_SendByte                          0x080014c5   Thumb Code    28  serial.o(i.Serial_SendByte)
    SysTick_CLKSourceConfig                  0x080015cd   Thumb Code    40  misc.o(i.SysTick_CLKSourceConfig)
    SysTick_Handler                          0x080015f5   Thumb Code     2  stm32f10x_it.o(i.SysTick_Handler)
    SystemInit                               0x080015f9   Thumb Code    78  system_stm32f10x.o(i.SystemInit)
    TIM3_IRQHandler                          0x08001659   Thumb Code    26  timer.o(i.TIM3_IRQHandler)
    TIM3_Int_Init                            0x08001679   Thumb Code   110  timer.o(i.TIM3_Int_Init)
    TIM_ClearFlag                            0x080016ed   Thumb Code     6  stm32f10x_tim.o(i.TIM_ClearFlag)
    TIM_ClearITPendingBit                    0x080016f3   Thumb Code     6  stm32f10x_tim.o(i.TIM_ClearITPendingBit)
    TIM_Cmd                                  0x080016f9   Thumb Code    24  stm32f10x_tim.o(i.TIM_Cmd)
    TIM_GetITStatus                          0x08001711   Thumb Code    34  stm32f10x_tim.o(i.TIM_GetITStatus)
    TIM_ITConfig                             0x08001733   Thumb Code    18  stm32f10x_tim.o(i.TIM_ITConfig)
    TIM_TimeBaseInit                         0x08001745   Thumb Code   122  stm32f10x_tim.o(i.TIM_TimeBaseInit)
    USART1_IRQHandler                        0x080017e9   Thumb Code   140  main.o(i.USART1_IRQHandler)
    USART2_Config                            0x08001889   Thumb Code   158  usart2.o(i.USART2_Config)
    USART2_IRQHandler                        0x08001931   Thumb Code    34  usart2.o(i.USART2_IRQHandler)
    USART_ClearITPendingBit                  0x08001959   Thumb Code    30  stm32f10x_usart.o(i.USART_ClearITPendingBit)
    USART_Cmd                                0x08001977   Thumb Code    24  stm32f10x_usart.o(i.USART_Cmd)
    USART_GetFlagStatus                      0x0800198f   Thumb Code    26  stm32f10x_usart.o(i.USART_GetFlagStatus)
    USART_GetITStatus                        0x080019a9   Thumb Code    84  stm32f10x_usart.o(i.USART_GetITStatus)
    USART_ITConfig                           0x080019fd   Thumb Code    74  stm32f10x_usart.o(i.USART_ITConfig)
    USART_Init                               0x08001a49   Thumb Code   210  stm32f10x_usart.o(i.USART_Init)
    USART_ReceiveData                        0x08001b21   Thumb Code    10  stm32f10x_usart.o(i.USART_ReceiveData)
    USART_SendData                           0x08001b2b   Thumb Code     8  stm32f10x_usart.o(i.USART_SendData)
    UsageFault_Handler                       0x08001b33   Thumb Code     4  stm32f10x_it.o(i.UsageFault_Handler)
    __0printf                                0x08001b39   Thumb Code    22  printfa.o(i.__0printf)
    __1printf                                0x08001b39   Thumb Code     0  printfa.o(i.__0printf)
    __2printf                                0x08001b39   Thumb Code     0  printfa.o(i.__0printf)
    __c89printf                              0x08001b39   Thumb Code     0  printfa.o(i.__0printf)
    printf                                   0x08001b39   Thumb Code     0  printfa.o(i.__0printf)
    __scatterload_copy                       0x08001b59   Thumb Code    14  handlers.o(i.__scatterload_copy)
    __scatterload_null                       0x08001b67   Thumb Code     2  handlers.o(i.__scatterload_null)
    __scatterload_zeroinit                   0x08001b69   Thumb Code    14  handlers.o(i.__scatterload_zeroinit)
    calculateDynamicBitPartLen               0x0800242b   Thumb Code    50  gizwits_protocol.o(i.calculateDynamicBitPartLen)
    delay_init                               0x0800245d   Thumb Code    52  delay.o(i.delay_init)
    delay_ms                                 0x08002499   Thumb Code    56  delay.o(i.delay_ms)
    delay_us                                 0x080024d5   Thumb Code    56  delay.o(i.delay_us)
    exchangeBytes                            0x08002511   Thumb Code    26  common.o(i.exchangeBytes)
    exchangeWord                             0x0800252b   Thumb Code    26  common.o(i.exchangeWord)
    fputc                                    0x08002545   Thumb Code    16  serial.o(i.fputc)
    free                                     0x08002555   Thumb Code    76  malloc.o(i.free)
    gizAcrossByteJudge                       0x080025a5   Thumb Code    42  datapointtools.o(i.gizAcrossByteJudge)
    gizByteOrderExchange                     0x080025cf   Thumb Code    50  datapointtools.o(i.gizByteOrderExchange)
    gizGetTimerCount                         0x08002b49   Thumb Code     6  gizwits_product.o(i.gizGetTimerCount)
    gizProtocolSum                           0x08003a1d   Thumb Code    38  common.o(i.gizProtocolSum)
    gizPutData                               0x08003af1   Thumb Code    52  gizwits_protocol.o(i.gizPutData)
    gizTimerMs                               0x08003c59   Thumb Code    12  gizwits_product.o(i.gizTimerMs)
    gizVarlenCompressValue                   0x08003c69   Thumb Code   124  datapointtools.o(i.gizVarlenCompressValue)
    gizVarlenDecompressionValue              0x08003ce5   Thumb Code   196  datapointtools.o(i.gizVarlenDecompressionValue)
    gizY2X                                   0x08003da9   Thumb Code    14  datapointtools.o(i.gizY2X)
    gizwitsEventProcess                      0x08003db9   Thumb Code   258  gizwits_product.o(i.gizwitsEventProcess)
    gizwitsHandle                            0x08003f75   Thumb Code   548  gizwits_protocol.o(i.gizwitsHandle)
    gizwitsInit                              0x08004291   Thumb Code    46  gizwits_protocol.o(i.gizwitsInit)
    gizwitsSetMode                           0x080042f5   Thumb Code   566  gizwits_protocol.o(i.gizwitsSetMode)
    humi_off                                 0x08004565   Thumb Code    12  led.o(i.humi_off)
    humi_on                                  0x08004575   Thumb Code    12  led.o(i.humi_on)
    main                                     0x08004585   Thumb Code   262  main.o(i.main)
    mcuRestart                               0x080046c5   Thumb Code    38  gizwits_product.o(i.mcuRestart)
    motor_off                                0x080046f5   Thumb Code    12  led.o(i.motor_off)
    motor_on                                 0x08004705   Thumb Code    12  led.o(i.motor_on)
    rbCanRead                                0x08004715   Thumb Code    56  ringbuffer.o(i.rbCanRead)
    rbCanWrite                               0x0800474d   Thumb Code    30  ringbuffer.o(i.rbCanWrite)
    rbCapacity                               0x0800476b   Thumb Code    14  ringbuffer.o(i.rbCapacity)
    rbCreate                                 0x08004779   Thumb Code    22  ringbuffer.o(i.rbCreate)
    rbRead                                   0x0800478f   Thumb Code   162  ringbuffer.o(i.rbRead)
    rbWrite                                  0x08004831   Thumb Code   154  ringbuffer.o(i.rbWrite)
    uartWrite                                0x080048cd   Thumb Code    82  gizwits_product.o(i.uartWrite)
    userHandle                               0x08004925   Thumb Code    50  gizwits_product.o(i.userHandle)
    userInit                                 0x08004961   Thumb Code    36  gizwits_product.o(i.userInit)
    OLED_F8x16                               0x08004988   Data        1520  oled.o(.constdata)
    Region$$Table$$Base                      0x08004f78   Number         0  anon$$obj.o(Region$$Table)
    Region$$Table$$Limit                     0x08004f98   Number         0  anon$$obj.o(Region$$Table)
    temp                                     0x20000000   Data           1  main.o(.data)
    humi                                     0x20000001   Data           1  main.o(.data)
    DHT_Buffer                               0x20000002   Data           5  main.o(.data)
    RxData                                   0x20000007   Data           1  main.o(.data)
    Serial_RxData                            0x20000008   Data           1  main.o(.data)
    Serial_RxFlag                            0x20000009   Data           1  main.o(.data)
    AD_Value                                 0x2000000a   Data           8  ad.o(.data)
    __stdout                                 0x20000040   Data           4  stdout.o(.data)
    __microlib_freelist                      0x20000044   Data           4  mvars.o(.data)
    currentDataPoint                         0x20000048   Data          18  gizwits_product.o(.bss)
    gizwitsProtocol                          0x2000005c   Data         404  gizwits_protocol.o(.bss)
    pRb                                      0x200001f0   Data          16  gizwits_protocol.o(.bss)
    __initial_sp                             0x20000470   Data           0  startup_stm32f10x_md.o(STACK)



==============================================================================

Memory Map of the image

  Image Entry point : 0x080000ed

  Load Region LR_IROM1 (Base: 0x08000000, Size: 0x00004fe0, Max: 0x00010000, ABSOLUTE)

    Execution Region ER_IROM1 (Exec base: 0x08000000, Load base: 0x08000000, Size: 0x00004f98, Max: 0x00010000, ABSOLUTE)

    Exec Addr    Load Addr    Size         Type   Attr      Idx    E Section Name        Object

    0x08000000   0x08000000   0x000000ec   Data   RO          713    RESET               startup_stm32f10x_md.o
    0x080000ec   0x080000ec   0x00000000   Code   RO         2518  * .ARM.Collect$$$$00000000  mc_w.l(entry.o)
    0x080000ec   0x080000ec   0x00000004   Code   RO         2834    .ARM.Collect$$$$00000001  mc_w.l(entry2.o)
    0x080000f0   0x080000f0   0x00000004   Code   RO         2837    .ARM.Collect$$$$00000004  mc_w.l(entry5.o)
    0x080000f4   0x080000f4   0x00000000   Code   RO         2839    .ARM.Collect$$$$00000008  mc_w.l(entry7b.o)
    0x080000f4   0x080000f4   0x00000000   Code   RO         2841    .ARM.Collect$$$$0000000A  mc_w.l(entry8b.o)
    0x080000f4   0x080000f4   0x00000008   Code   RO         2842    .ARM.Collect$$$$0000000B  mc_w.l(entry9a.o)
    0x080000fc   0x080000fc   0x00000000   Code   RO         2844    .ARM.Collect$$$$0000000D  mc_w.l(entry10a.o)
    0x080000fc   0x080000fc   0x00000000   Code   RO         2846    .ARM.Collect$$$$0000000F  mc_w.l(entry11a.o)
    0x080000fc   0x080000fc   0x00000004   Code   RO         2835    .ARM.Collect$$$$00002712  mc_w.l(entry2.o)
    0x08000100   0x08000100   0x0000001c   Code   RO          714    .text               startup_stm32f10x_md.o
    0x0800011c   0x0800011c   0x00000024   Code   RO         2523    .text               mc_w.l(memcpya.o)
    0x08000140   0x08000140   0x00000024   Code   RO         2525    .text               mc_w.l(memseta.o)
    0x08000164   0x08000164   0x00000064   Code   RO         2822    .text               mf_w.l(fmul.o)
    0x080001c8   0x080001c8   0x0000007c   Code   RO         2824    .text               mf_w.l(fdiv.o)
    0x08000244   0x08000244   0x00000012   Code   RO         2826    .text               mf_w.l(fflti.o)
    0x08000256   0x08000256   0x00000032   Code   RO         2830    .text               mf_w.l(ffixi.o)
    0x08000288   0x08000288   0x0000002c   Code   RO         2849    .text               mc_w.l(uidiv.o)
    0x080002b4   0x080002b4   0x00000062   Code   RO         2851    .text               mc_w.l(uldiv.o)
    0x08000316   0x08000316   0x00000000   Code   RO         2855    .text               mc_w.l(iusefp.o)
    0x08000316   0x08000316   0x0000006e   Code   RO         2856    .text               mf_w.l(fepilogue.o)
    0x08000384   0x08000384   0x0000014e   Code   RO         2858    .text               mf_w.l(dadd.o)
    0x080004d2   0x080004d2   0x000000e4   Code   RO         2860    .text               mf_w.l(dmul.o)
    0x080005b6   0x080005b6   0x000000de   Code   RO         2862    .text               mf_w.l(ddiv.o)
    0x08000694   0x08000694   0x00000030   Code   RO         2864    .text               mf_w.l(dfixul.o)
    0x080006c4   0x080006c4   0x00000030   Code   RO         2866    .text               mf_w.l(cdrcmple.o)
    0x080006f4   0x080006f4   0x00000024   Code   RO         2868    .text               mc_w.l(init.o)
    0x08000718   0x08000718   0x0000001e   Code   RO         2870    .text               mc_w.l(llshl.o)
    0x08000736   0x08000736   0x00000020   Code   RO         2872    .text               mc_w.l(llushr.o)
    0x08000756   0x08000756   0x00000024   Code   RO         2874    .text               mc_w.l(llsshr.o)
    0x0800077a   0x0800077a   0x000000ba   Code   RO         2876    .text               mf_w.l(depilogue.o)
    0x08000834   0x08000834   0x00000016   Code   RO         1254    i.ADC_Cmd           stm32f10x_adc.o
    0x0800084a   0x0800084a   0x00000016   Code   RO         1255    i.ADC_DMACmd        stm32f10x_adc.o
    0x08000860   0x08000860   0x00000014   Code   RO         1262    i.ADC_GetCalibrationStatus  stm32f10x_adc.o
    0x08000874   0x08000874   0x00000014   Code   RO         1268    i.ADC_GetResetCalibrationStatus  stm32f10x_adc.o
    0x08000888   0x08000888   0x00000050   Code   RO         1272    i.ADC_Init          stm32f10x_adc.o
    0x080008d8   0x080008d8   0x000000b8   Code   RO         1276    i.ADC_RegularChannelConfig  stm32f10x_adc.o
    0x08000990   0x08000990   0x0000000a   Code   RO         1277    i.ADC_ResetCalibration  stm32f10x_adc.o
    0x0800099a   0x0800099a   0x00000016   Code   RO         1279    i.ADC_SoftwareStartConvCmd  stm32f10x_adc.o
    0x080009b0   0x080009b0   0x0000000a   Code   RO         1281    i.ADC_StartCalibration  stm32f10x_adc.o
    0x080009ba   0x080009ba   0x00000002   PAD
    0x080009bc   0x080009bc   0x0000012c   Code   RO          521    i.AD_Init           ad.o
    0x08000ae8   0x08000ae8   0x00000004   Code   RO            1    i.BusFault_Handler  stm32f10x_it.o
    0x08000aec   0x08000aec   0x00000038   Code   RO          552    i.DHT_GPIO_Init     dht11.o
    0x08000b24   0x08000b24   0x00000054   Code   RO          553    i.DHT_Get_Byte_Data  dht11.o
    0x08000b78   0x08000b78   0x00000044   Code   RO          554    i.DHT_Get_Temp_Humi_Data  dht11.o
    0x08000bbc   0x08000bbc   0x00000068   Code   RO          555    i.DHT_Start         dht11.o
    0x08000c24   0x08000c24   0x00000018   Code   RO         2020    i.DMA_Cmd           stm32f10x_dma.o
    0x08000c3c   0x08000c3c   0x0000003c   Code   RO         2026    i.DMA_Init          stm32f10x_dma.o
    0x08000c78   0x08000c78   0x00000002   Code   RO            2    i.DebugMon_Handler  stm32f10x_it.o
    0x08000c7a   0x08000c7a   0x00000116   Code   RO          940    i.GPIO_Init         stm32f10x_gpio.o
    0x08000d90   0x08000d90   0x00000012   Code   RO          944    i.GPIO_ReadInputDataBit  stm32f10x_gpio.o
    0x08000da2   0x08000da2   0x00000004   Code   RO          947    i.GPIO_ResetBits    stm32f10x_gpio.o
    0x08000da6   0x08000da6   0x00000004   Code   RO          948    i.GPIO_SetBits      stm32f10x_gpio.o
    0x08000daa   0x08000daa   0x0000000a   Code   RO          951    i.GPIO_WriteBit     stm32f10x_gpio.o
    0x08000db4   0x08000db4   0x00000060   Code   RO          522    i.Get_Light_Percentage_value  ad.o
    0x08000e14   0x08000e14   0x00000060   Code   RO          523    i.Get_MQ135_Percentage_value  ad.o
    0x08000e74   0x08000e74   0x00000004   Code   RO            3    i.HardFault_Handler  stm32f10x_it.o
    0x08000e78   0x08000e78   0x00000058   Code   RO          265    i.LED_Init          led.o
    0x08000ed0   0x08000ed0   0x00000010   Code   RO          266    i.LED_Off           led.o
    0x08000ee0   0x08000ee0   0x00000010   Code   RO          267    i.LED_On            led.o
    0x08000ef0   0x08000ef0   0x00000004   Code   RO            4    i.MemManage_Handler  stm32f10x_it.o
    0x08000ef4   0x08000ef4   0x00000002   Code   RO            5    i.NMI_Handler       stm32f10x_it.o
    0x08000ef6   0x08000ef6   0x00000002   PAD
    0x08000ef8   0x08000ef8   0x00000070   Code   RO          718    i.NVIC_Init         misc.o
    0x08000f68   0x08000f68   0x00000014   Code   RO          719    i.NVIC_PriorityGroupConfig  misc.o
    0x08000f7c   0x08000f7c   0x0000002a   Code   RO          413    i.OLED_Clear        oled.o
    0x08000fa6   0x08000fa6   0x00000002   PAD
    0x08000fa8   0x08000fa8   0x00000050   Code   RO          414    i.OLED_I2C_Init     oled.o
    0x08000ff8   0x08000ff8   0x00000054   Code   RO          415    i.OLED_I2C_SendByte  oled.o
    0x0800104c   0x0800104c   0x00000034   Code   RO          416    i.OLED_I2C_Start    oled.o
    0x08001080   0x08001080   0x00000028   Code   RO          417    i.OLED_I2C_Stop     oled.o
    0x080010a8   0x080010a8   0x000000ae   Code   RO          418    i.OLED_Init         oled.o
    0x08001156   0x08001156   0x00000014   Code   RO          419    i.OLED_Pow          oled.o
    0x0800116a   0x0800116a   0x00000022   Code   RO          420    i.OLED_SetCursor    oled.o
    0x0800118c   0x0800118c   0x00000074   Code   RO          422    i.OLED_ShowChar     oled.o
    0x08001200   0x08001200   0x00000044   Code   RO          424    i.OLED_ShowNum      oled.o
    0x08001244   0x08001244   0x00000028   Code   RO          426    i.OLED_ShowString   oled.o
    0x0800126c   0x0800126c   0x00000020   Code   RO          427    i.OLED_WriteCommand  oled.o
    0x0800128c   0x0800128c   0x00000020   Code   RO          428    i.OLED_WriteData    oled.o
    0x080012ac   0x080012ac   0x00000002   Code   RO            6    i.PendSV_Handler    stm32f10x_it.o
    0x080012ae   0x080012ae   0x00000002   PAD
    0x080012b0   0x080012b0   0x00000018   Code   RO         1048    i.RCC_ADCCLKConfig  stm32f10x_rcc.o
    0x080012c8   0x080012c8   0x00000020   Code   RO         1049    i.RCC_AHBPeriphClockCmd  stm32f10x_rcc.o
    0x080012e8   0x080012e8   0x00000020   Code   RO         1050    i.RCC_APB1PeriphClockCmd  stm32f10x_rcc.o
    0x08001308   0x08001308   0x00000020   Code   RO         1052    i.RCC_APB2PeriphClockCmd  stm32f10x_rcc.o
    0x08001328   0x08001328   0x000000d4   Code   RO         1060    i.RCC_GetClocksFreq  stm32f10x_rcc.o
    0x080013fc   0x080013fc   0x00000002   Code   RO            7    i.SVC_Handler       stm32f10x_it.o
    0x080013fe   0x080013fe   0x00000002   PAD
    0x08001400   0x08001400   0x0000000c   Code   RO          339    i.Serial_GetRxData  serial.o
    0x0800140c   0x0800140c   0x000000b8   Code   RO          341    i.Serial_Init       serial.o
    0x080014c4   0x080014c4   0x00000020   Code   RO          345    i.Serial_SendByte   serial.o
    0x080014e4   0x080014e4   0x00000008   Code   RO          152    i.SetSysClock       system_stm32f10x.o
    0x080014ec   0x080014ec   0x000000e0   Code   RO          153    i.SetSysClockTo72   system_stm32f10x.o
    0x080015cc   0x080015cc   0x00000028   Code   RO          722    i.SysTick_CLKSourceConfig  misc.o
    0x080015f4   0x080015f4   0x00000002   Code   RO            8    i.SysTick_Handler   stm32f10x_it.o
    0x080015f6   0x080015f6   0x00000002   PAD
    0x080015f8   0x080015f8   0x00000060   Code   RO          155    i.SystemInit        system_stm32f10x.o
    0x08001658   0x08001658   0x00000020   Code   RO          673    i.TIM3_IRQHandler   timer.o
    0x08001678   0x08001678   0x00000074   Code   RO          674    i.TIM3_Int_Init     timer.o
    0x080016ec   0x080016ec   0x00000006   Code   RO         1480    i.TIM_ClearFlag     stm32f10x_tim.o
    0x080016f2   0x080016f2   0x00000006   Code   RO         1481    i.TIM_ClearITPendingBit  stm32f10x_tim.o
    0x080016f8   0x080016f8   0x00000018   Code   RO         1486    i.TIM_Cmd           stm32f10x_tim.o
    0x08001710   0x08001710   0x00000022   Code   RO         1507    i.TIM_GetITStatus   stm32f10x_tim.o
    0x08001732   0x08001732   0x00000012   Code   RO         1511    i.TIM_ITConfig      stm32f10x_tim.o
    0x08001744   0x08001744   0x000000a4   Code   RO         1557    i.TIM_TimeBaseInit  stm32f10x_tim.o
    0x080017e8   0x080017e8   0x000000a0   Code   RO          186    i.USART1_IRQHandler  main.o
    0x08001888   0x08001888   0x000000a8   Code   RO          649    i.USART2_Config     usart2.o
    0x08001930   0x08001930   0x00000028   Code   RO          650    i.USART2_IRQHandler  usart2.o
    0x08001958   0x08001958   0x0000001e   Code   RO          755    i.USART_ClearITPendingBit  stm32f10x_usart.o
    0x08001976   0x08001976   0x00000018   Code   RO          758    i.USART_Cmd         stm32f10x_usart.o
    0x0800198e   0x0800198e   0x0000001a   Code   RO          761    i.USART_GetFlagStatus  stm32f10x_usart.o
    0x080019a8   0x080019a8   0x00000054   Code   RO          762    i.USART_GetITStatus  stm32f10x_usart.o
    0x080019fc   0x080019fc   0x0000004a   Code   RO          764    i.USART_ITConfig    stm32f10x_usart.o
    0x08001a46   0x08001a46   0x00000002   PAD
    0x08001a48   0x08001a48   0x000000d8   Code   RO          765    i.USART_Init        stm32f10x_usart.o
    0x08001b20   0x08001b20   0x0000000a   Code   RO          772    i.USART_ReceiveData  stm32f10x_usart.o
    0x08001b2a   0x08001b2a   0x00000008   Code   RO          775    i.USART_SendData    stm32f10x_usart.o
    0x08001b32   0x08001b32   0x00000004   Code   RO            9    i.UsageFault_Handler  stm32f10x_it.o
    0x08001b36   0x08001b36   0x00000002   PAD
    0x08001b38   0x08001b38   0x00000020   Code   RO         2764    i.__0printf         mc_w.l(printfa.o)
    0x08001b58   0x08001b58   0x0000000e   Code   RO         2880    i.__scatterload_copy  mc_w.l(handlers.o)
    0x08001b66   0x08001b66   0x00000002   Code   RO         2881    i.__scatterload_null  mc_w.l(handlers.o)
    0x08001b68   0x08001b68   0x0000000e   Code   RO         2882    i.__scatterload_zeroinit  mc_w.l(handlers.o)
    0x08001b76   0x08001b76   0x00000002   PAD
    0x08001b78   0x08001b78   0x00000184   Code   RO         2771    i._fp_digits        mc_w.l(printfa.o)
    0x08001cfc   0x08001cfc   0x000006dc   Code   RO         2772    i._printf_core      mc_w.l(printfa.o)
    0x080023d8   0x080023d8   0x00000024   Code   RO         2773    i._printf_post_padding  mc_w.l(printfa.o)
    0x080023fc   0x080023fc   0x0000002e   Code   RO         2774    i._printf_pre_padding  mc_w.l(printfa.o)
    0x0800242a   0x0800242a   0x00000032   Code   RO         2169    i.calculateDynamicBitPartLen  gizwits_protocol.o
    0x0800245c   0x0800245c   0x0000003c   Code   RO          594    i.delay_init        delay.o
    0x08002498   0x08002498   0x0000003c   Code   RO          595    i.delay_ms          delay.o
    0x080024d4   0x080024d4   0x0000003c   Code   RO          596    i.delay_us          delay.o
    0x08002510   0x08002510   0x0000001a   Code   RO         2335    i.exchangeBytes     common.o
    0x0800252a   0x0800252a   0x0000001a   Code   RO         2336    i.exchangeWord      common.o
    0x08002544   0x08002544   0x00000010   Code   RO          348    i.fputc             serial.o
    0x08002554   0x08002554   0x00000050   Code   RO         2792    i.free              mc_w.l(malloc.o)
    0x080025a4   0x080025a4   0x0000002a   Code   RO         2404    i.gizAcrossByteJudge  datapointtools.o
    0x080025ce   0x080025ce   0x00000032   Code   RO         2405    i.gizByteOrderExchange  datapointtools.o
    0x08002600   0x08002600   0x0000020c   Code   RO         2170    i.gizCheckReport    gizwits_protocol.o
    0x0800280c   0x0800280c   0x000000d0   Code   RO         2171    i.gizDataPoint2Event  gizwits_protocol.o
    0x080028dc   0x080028dc   0x0000018c   Code   RO         2172    i.gizDataPoints2ReportData  gizwits_protocol.o
    0x08002a68   0x08002a68   0x000000e0   Code   RO         2173    i.gizDevReportPolicy  gizwits_protocol.o
    0x08002b48   0x08002b48   0x0000000c   Code   RO         2092    i.gizGetTimerCount  gizwits_product.o
    0x08002b54   0x08002b54   0x0000008c   Code   RO         2174    i.gizProtocolAckHandle  gizwits_protocol.o
    0x08002be0   0x08002be0   0x000000a0   Code   RO         2175    i.gizProtocolCommonAck  gizwits_protocol.o
    0x08002c80   0x08002c80   0x000000a4   Code   RO         2176    i.gizProtocolErrorCmd  gizwits_protocol.o
    0x08002d24   0x08002d24   0x0000017c   Code   RO         2177    i.gizProtocolGetDeviceInfo  gizwits_protocol.o
    0x08002ea0   0x08002ea0   0x000001fc   Code   RO         2178    i.gizProtocolGetOnePacket  gizwits_protocol.o
    0x0800309c   0x0800309c   0x00000050   Code   RO         2179    i.gizProtocolHeadInit  gizwits_protocol.o
    0x080030ec   0x080030ec   0x0000013c   Code   RO         2180    i.gizProtocolIssuedDataAck  gizwits_protocol.o
    0x08003228   0x08003228   0x00000170   Code   RO         2181    i.gizProtocolIssuedProcess  gizwits_protocol.o
    0x08003398   0x08003398   0x0000005c   Code   RO         2182    i.gizProtocolModuleInfoHandle  gizwits_protocol.o
    0x080033f4   0x080033f4   0x00000504   Code   RO         2183    i.gizProtocolModuleStatus  gizwits_protocol.o
    0x080038f8   0x080038f8   0x0000008c   Code   RO         2184    i.gizProtocolNTP    gizwits_protocol.o
    0x08003984   0x08003984   0x0000001c   Code   RO         2185    i.gizProtocolReboot  gizwits_protocol.o
    0x080039a0   0x080039a0   0x0000007c   Code   RO         2186    i.gizProtocolResendData  gizwits_protocol.o
    0x08003a1c   0x08003a1c   0x00000026   Code   RO         2338    i.gizProtocolSum    common.o
    0x08003a42   0x08003a42   0x00000002   PAD
    0x08003a44   0x08003a44   0x00000064   Code   RO         2187    i.gizProtocolWaitAck  gizwits_protocol.o
    0x08003aa8   0x08003aa8   0x00000048   Code   RO         2188    i.gizProtocolWaitAckCheck  gizwits_protocol.o
    0x08003af0   0x08003af0   0x00000074   Code   RO         2189    i.gizPutData        gizwits_protocol.o
    0x08003b64   0x08003b64   0x000000f4   Code   RO         2190    i.gizReportData     gizwits_protocol.o
    0x08003c58   0x08003c58   0x00000010   Code   RO         2093    i.gizTimerMs        gizwits_product.o
    0x08003c68   0x08003c68   0x0000007c   Code   RO         2408    i.gizVarlenCompressValue  datapointtools.o
    0x08003ce4   0x08003ce4   0x000000c4   Code   RO         2409    i.gizVarlenDecompressionValue  datapointtools.o
    0x08003da8   0x08003da8   0x0000000e   Code   RO         2412    i.gizY2X            datapointtools.o
    0x08003db6   0x08003db6   0x00000002   PAD
    0x08003db8   0x08003db8   0x000001bc   Code   RO         2094    i.gizwitsEventProcess  gizwits_product.o
    0x08003f74   0x08003f74   0x0000031c   Code   RO         2193    i.gizwitsHandle     gizwits_protocol.o
    0x08004290   0x08004290   0x00000064   Code   RO         2194    i.gizwitsInit       gizwits_protocol.o
    0x080042f4   0x080042f4   0x00000270   Code   RO         2196    i.gizwitsSetMode    gizwits_protocol.o
    0x08004564   0x08004564   0x00000010   Code   RO          268    i.humi_off          led.o
    0x08004574   0x08004574   0x00000010   Code   RO          269    i.humi_on           led.o
    0x08004584   0x08004584   0x00000140   Code   RO          187    i.main              main.o
    0x080046c4   0x080046c4   0x00000030   Code   RO         2095    i.mcuRestart        gizwits_product.o
    0x080046f4   0x080046f4   0x00000010   Code   RO          270    i.motor_off         led.o
    0x08004704   0x08004704   0x00000010   Code   RO          271    i.motor_on          led.o
    0x08004714   0x08004714   0x00000038   Code   RO         2470    i.rbCanRead         ringbuffer.o
    0x0800474c   0x0800474c   0x0000001e   Code   RO         2471    i.rbCanWrite        ringbuffer.o
    0x0800476a   0x0800476a   0x0000000e   Code   RO         2472    i.rbCapacity        ringbuffer.o
    0x08004778   0x08004778   0x00000016   Code   RO         2473    i.rbCreate          ringbuffer.o
    0x0800478e   0x0800478e   0x000000a2   Code   RO         2475    i.rbRead            ringbuffer.o
    0x08004830   0x08004830   0x0000009a   Code   RO         2476    i.rbWrite           ringbuffer.o
    0x080048ca   0x080048ca   0x00000002   PAD
    0x080048cc   0x080048cc   0x00000058   Code   RO         2096    i.uartWrite         gizwits_product.o
    0x08004924   0x08004924   0x0000003c   Code   RO         2097    i.userHandle        gizwits_product.o
    0x08004960   0x08004960   0x00000028   Code   RO         2098    i.userInit          gizwits_product.o
    0x08004988   0x08004988   0x000005f0   Data   RO          429    .constdata          oled.o
    0x08004f78   0x08004f78   0x00000020   Data   RO         2878    Region$$Table       anon$$obj.o


    Execution Region RW_IRAM1 (Exec base: 0x20000000, Load base: 0x08004f98, Size: 0x00000470, Max: 0x00005000, ABSOLUTE)

    Exec Addr    Load Addr    Size         Type   Attr      Idx    E Section Name        Object

    0x20000000   0x08004f98   0x0000000a   Data   RW          188    .data               main.o
    0x2000000a   0x08004fa2   0x00000008   Data   RW          524    .data               ad.o
    0x20000012   0x08004faa   0x00000004   Data   RW          597    .data               delay.o
    0x20000016   0x08004fae   0x00000014   Data   RW         1080    .data               stm32f10x_rcc.o
    0x2000002a   0x08004fc2   0x00000002   PAD
    0x2000002c   0x08004fc4   0x00000004   Data   RW         2100    .data               gizwits_product.o
    0x20000030   0x08004fc8   0x00000010   Data   RW         2198    .data               gizwits_protocol.o
    0x20000040   0x08004fd8   0x00000004   Data   RW         2848    .data               mc_w.l(stdout.o)
    0x20000044   0x08004fdc   0x00000004   Data   RW         2853    .data               mc_w.l(mvars.o)
    0x20000048        -       0x00000012   Zero   RW         2099    .bss                gizwits_product.o
    0x2000005a   0x08004fe0   0x00000002   PAD
    0x2000005c        -       0x00000214   Zero   RW         2197    .bss                gizwits_protocol.o
    0x20000270        -       0x00000200   Zero   RW          711    STACK               startup_stm32f10x_md.o


==============================================================================

Image component sizes


      Code (inc. data)   RO Data    RW Data    ZI Data      Debug   Object Name

       492         42          0          8          0       2483   ad.o
        90          0          0          0          0       1944   common.o
       426          0          0          0          0       4184   datapointtools.o
       180         16          0          4          0       1639   delay.o
       312         16          0          0          0       2646   dht11.o
       708        246          0          4         18      19786   gizwits_product.o
      7238       2302          0         16        532      19311   gizwits_protocol.o
       184         32          0          0          0     215314   led.o
       480         78          0         10          0      11401   main.o
       172         22          0          0          0       1937   misc.o
       814         22       1520          0          0       7441   oled.o
       438          0          0          0          0       3820   ringbuffer.o
       244         20          0          0          0       3879   serial.o
        28          4        236          0        512        764   startup_stm32f10x_md.o
       390         10          0          0          0       7101   stm32f10x_adc.o
        84          0          0          0          0       2685   stm32f10x_dma.o
       314          0          0          0          0       4060   stm32f10x_gpio.o
        26          0          0          0          0     262798   stm32f10x_it.o
       332         44          0         20          0       5341   stm32f10x_rcc.o
       252         42          0          0          0       3874   stm32f10x_tim.o
       472          6          0          0          0       6535   stm32f10x_usart.o
         0          0          0          0          0         32   sys.o
       328         28          0          0          0       1681   system_stm32f10x.o
       148         12          0          0          0       1078   timer.o
       208         16          0          0          0       1092   usart2.o

    ----------------------------------------------------------------------
     14382       2958       1788         64       1064     592826   Object Totals
         0          0         32          0          0          0   (incl. Generated)
        22          0          0          2          2          0   (incl. Padding)

    ----------------------------------------------------------------------

      Code (inc. data)   RO Data    RW Data    ZI Data      Debug   Library Member Name

         0          0          0          0          0          0   entry.o
         0          0          0          0          0          0   entry10a.o
         0          0          0          0          0          0   entry11a.o
         8          4          0          0          0          0   entry2.o
         4          0          0          0          0          0   entry5.o
         0          0          0          0          0          0   entry7b.o
         0          0          0          0          0          0   entry8b.o
         8          4          0          0          0          0   entry9a.o
        30          0          0          0          0          0   handlers.o
        36          8          0          0          0         68   init.o
         0          0          0          0          0          0   iusefp.o
        30          0          0          0          0         68   llshl.o
        36          0          0          0          0         68   llsshr.o
        32          0          0          0          0         68   llushr.o
        80          4          0          0          0         76   malloc.o
        36          0          0          0          0         68   memcpya.o
        36          0          0          0          0        108   memseta.o
         0          0          0          4          0          0   mvars.o
      2258         90          0          0          0        452   printfa.o
         0          0          0          4          0          0   stdout.o
        44          0          0          0          0         80   uidiv.o
        98          0          0          0          0         92   uldiv.o
        48          0          0          0          0         68   cdrcmple.o
       334          0          0          0          0        148   dadd.o
       222          0          0          0          0        100   ddiv.o
       186          0          0          0          0        176   depilogue.o
        48          0          0          0          0         68   dfixul.o
       228          0          0          0          0         96   dmul.o
       124          0          0          0          0         88   fdiv.o
       110          0          0          0          0        168   fepilogue.o
        50          0          0          0          0         68   ffixi.o
        18          0          0          0          0         68   fflti.o
       100          0          0          0          0         76   fmul.o

    ----------------------------------------------------------------------
      4206        110          0          8          0       2272   Library Totals
         2          0          0          0          0          0   (incl. Padding)

    ----------------------------------------------------------------------

      Code (inc. data)   RO Data    RW Data    ZI Data      Debug   Library Name

      2736        110          0          8          0       1148   mc_w.l
      1468          0          0          0          0       1124   mf_w.l

    ----------------------------------------------------------------------
      4206        110          0          8          0       2272   Library Totals

    ----------------------------------------------------------------------

==============================================================================


      Code (inc. data)   RO Data    RW Data    ZI Data      Debug   

     18588       3068       1788         72       1064     587242   Grand Totals
     18588       3068       1788         72       1064     587242   ELF Image Totals
     18588       3068       1788         72          0          0   ROM Totals

==============================================================================

    Total RO  Size (Code + RO Data)                20376 (  19.90kB)
    Total RW  Size (RW Data + ZI Data)              1136 (   1.11kB)
    Total ROM Size (Code + RO Data + RW Data)      20448 (  19.97kB)

==============================================================================

