<html>
<body>
<pre>
<h1>礦ision Build Log</h1>
<h2>Tool Versions:</h2>
IDE-Version: μVision V5.39.0.0
Copyright (C) 2023 ARM Ltd and ARM Germany GmbH. All rights reserved.
License Information: 11 11, 11, LIC=BUURY-I6RBI-637MB-2GGNN-QW6ZI-VM257
 
Tool Versions:
Toolchain:       MDK-ARM Plus  Version: 5.39.0.0
Toolchain Path:  D:\Keil5\ARM\ARMCC\Bin
C Compiler:      Armcc.exe V5.06 update 6 (build 750)
Assembler:       Armasm.exe V5.06 update 6 (build 750)
Linker/Locator:  ArmLink.exe V5.06 update 6 (build 750)
Library Manager: ArmAr.exe V5.06 update 6 (build 750)
Hex Converter:   FromElf.exe V5.06 update 6 (build 750)
CPU DLL:         SARMCM3.DLL V5.39.0.0
Dialog DLL:      DCM.DLL V1.17.5.0
Target DLL:      STLink\ST-LINKIII-KEIL_SWO.dll V3.2.0.0
Dialog DLL:      TCM.DLL V1.56.4.0
 
<h2>Project:</h2>
P:\2.电控\8.教学\机智云教程\原例程（移植成功）\USER\STM32_CGMCU.uvprojx
Project File Date:  10/07/2024

<h2>Output:</h2>
*** Using Compiler 'V5.06 update 6 (build 750)', folder: 'D:\Keil5\ARM\ARMCC\Bin'
Rebuild target 'DHT11'
compiling stm32f10x_it.c...
compiling system_stm32f10x.c...
compiling stm32f10x_gpio.c...
assembling startup_stm32f10x_md.s...
compiling timer.c...
..\SYSTEM\Timer\timer.c(61): warning:  #223-D: function "gizTimerMs" declared implicitly
  				gizTimerMs();
..\SYSTEM\Timer\timer.c: 1 warning, 0 errors
compiling misc.c...
compiling common.c...
compiling dataPointTools.c...
compiling sys.c...
compiling stm32f10x_rcc.c...
compiling core_cm3.c...
compiling ringbuffer.c...
compiling stm32f10x_tim.c...
compiling dht11.c...
compiling gizwits_product.c...
compiling usart.c...
compiling led.c...
compiling delay.c...
compiling main.c...
compiling usart2.c...
compiling stm32f10x_usart.c...
compiling stm32f10x_adc.c...
compiling oled.c...
compiling gizwits_protocol.c...
linking...
Program Size: Code=14996 RO-data=7708 RW-data=56 ZI-data=2176  
".\Objects\STM32_CGMCU.axf" - 0 Error(s), 1 Warning(s).

<h2>Software Packages used:</h2>

Package Vendor: Keil
                https://www.keil.com/pack/Keil.STM32F1xx_DFP.2.4.1.pack
                Keil::STM32F1xx_DFP@2.4.1
                STMicroelectronics STM32F1 Series Device Support, Drivers and Examples

<h2>Collection of Component include folders:</h2>
  D:/Keil5/Packs/Keil/STM32F1xx_DFP/2.4.1/Device/Include

<h2>Collection of Component Files used:</h2>
Build Time Elapsed:  00:00:01
</pre>
</body>
</html>
